<html>
<body>
<pre>
<h1>µVision Build Log</h1>
<h2>Tool Versions:</h2>
IDE-Version: µVision V5.39.0.0
Copyright (C) 2023 ARM Ltd and ARM Germany GmbH. All rights reserved.
License Information: nong tuan, xxx, LIC=FYKYW-QGSFA-TGD7T-RXU4D-LC2L1-F2JPX
 
Tool Versions:
Toolchain:       MDK-ARM Plus  Version: 5.39.0.0
Toolchain Path:  C:\Keil_v5\ARM\ARMCLANG\Bin
C Compiler:      ArmClang.exe V6.21
Assembler:       Armasm.exe V6.21
Linker/Locator:  ArmLink.exe V6.21
Library Manager: ArmAr.exe V6.21
Hex Converter:   FromElf.exe V6.21
CPU DLL:         SARMCM3.DLL V5.39.0.0
Dialog DLL:      DCM.DLL V1.17.5.0
Target DLL:      STLink\ST-LINKIII-KEIL_SWO.dll V3.2.0.0
Dialog DLL:      TCM.DLL V1.56.4.0
 
<h2>Project:</h2>
C:\Users\tuan\Documents\Stmproject\ARMpilot\MDK-ARM\ARMpilot.uvprojx
Project File Date:  04/15/2024

<h2>Output:</h2>
*** Using Compiler 'V6.21', folder: 'C:\Keil_v5\ARM\ARMCLANG\Bin'
Build target 'ARMpilot'
compiling ibus.c...
compiling mpu6050.c...
compiling hmc5883.c...
compiling compass.c...
compiling ms5611.c...
../Core/Driver/bmp280.c(132): warning: too many arguments in call to 'read_calibration_data'
  132 |         if (!read_calibration_data(&devv)) {
      |              ~~~~~~~~~~~~~~~~~~~~~      ^
../Core/Driver/bmp280.c(132): warning: passing arguments to 'read_calibration_data' without a prototype is deprecated in all versions of C and is not supported in C23 [-Wdeprecated-non-prototype]
  132 |         if (!read_calibration_data(&devv)) {
      |                                   ^
2 warnings generated.
compiling bmp280.c...
compiling blackbox.c...
compiling faulthandler.c...
compiling gps.c...
compiling log.c...
compiling imu.c...
compiling pid.c...
compiling ppmreceiver.c...
compiling maths.c...
compiling pwmwrite.c...
compiling estimate.c...
compiling timer.c...
compiling plane.c...
../Core/flight/navigation.c(52): warning: a function declaration without a prototype is deprecated in all versions of C and is treated as a zero-parameter prototype in C23, conflicting with a subsequent definition [-Wdeprecated-non-prototype]
   52 | static float circleFly();
      |              ^
../Core/flight/navigation.c(69): note: conflicting prototype is here
   69 | static float circleFly(uint32_t lat,uint32_t lon,uint32_t radius)
      |              ^
1 warning generated.
compiling navigation.c...
compiling sensordetect.c...
compiling mavlink_handler.c...
compiling scheduler.c...
compiling attitudectrl.c...
compiling main.c...
compiling simulation.c...
compiling gpio.c...
compiling i2c.c...
compiling sdio.c...
compiling tim.c...
compiling usart.c...
compiling stm32f1xx_it.c...
compiling stm32f1xx_hal_msp.c...
compiling stm32f1xx_hal_gpio_ex.c...
compiling stm32f1xx_hal.c...
compiling stm32f1xx_hal_rcc_ex.c...
compiling stm32f1xx_hal_rcc.c...
compiling stm32f1xx_hal_gpio.c...
compiling stm32f1xx_hal_pwr.c...
compiling stm32f1xx_hal_dma.c...
compiling stm32f1xx_hal_cortex.c...
compiling stm32f1xx_hal_flash.c...
compiling stm32f1xx_hal_flash_ex.c...
compiling stm32f1xx_hal_exti.c...
compiling stm32f1xx_ll_sdmmc.c...
compiling stm32f1xx_hal_sd.c...
compiling stm32f1xx_hal_i2c.c...
compiling stm32f1xx_hal_tim.c...
compiling stm32f1xx_hal_tim_ex.c...
compiling system_stm32f1xx.c...
compiling bsp_driver_sd.c...
compiling fatfs.c...
compiling diskio.c...
compiling stm32f1xx_hal_uart.c...
compiling syscall.c...
compiling ff_gen_drv.c...
compiling sd_diskio.c...
compiling ff.c...
linking...
Program Size: Code=52304 RO-data=700 RW-data=224 ZI-data=26800  
FromELF: creating hex file...
"ARMpilot\ARMpilot.axf" - 0 Error(s), 3 Warning(s).

<h2>Software Packages used:</h2>

Package Vendor: ARM
                http://www.keil.com/pack/ARM.CMSIS.5.9.0.pack
                ARM::CMSIS@5.9.0
                CMSIS (Common Microcontroller Software Interface Standard)
   * Component: CORE Version: 5.6.0

Package Vendor: Keil
                https://www.keil.com/pack/Keil.STM32F1xx_DFP.2.4.1.pack
                Keil::STM32F1xx_DFP@2.4.1
                STMicroelectronics STM32F1 Series Device Support, Drivers and Examples

<h2>Collection of Component include folders:</h2>
  ./RTE/_ARMpilot
  C:/Keil_v5/ARM/PACK/ARM/CMSIS/5.9.0/CMSIS/Core/Include
  C:/Keil_v5/ARM/PACK/Keil/STM32F1xx_DFP/2.4.1/Device/Include

<h2>Collection of Component Files used:</h2>

   * Component: ARM::CMSIS:CORE@5.6.0
      Include file:  CMSIS/Core/Include/tz_context.h
Build Time Elapsed:  00:00:11
</pre>
</body>
</html>
