Component: Arm Compiler for Embedded 6.21 Tool: armlink [5ec1fa00]

==============================================================================

Section Cross References

    bmp280.o(.text.bmp280_init_default_params) refers to bmp280.o(.bss.devv) for devv
    bmp280.o(.ARM.exidx.text.bmp280_init_default_params) refers to bmp280.o(.text.bmp280_init_default_params) for [Anonymous Symbol]
    bmp280.o(.text.bmp280_init) refers to bmp280.o(.bss.devv) for devv
    bmp280.o(.text.bmp280_init) refers to bmp280.o(.text.bmp280_init_default_params) for bmp280_init_default_params
    bmp280.o(.text.bmp280_init) refers to bmp280.o(.text.read_data) for read_data
    bmp280.o(.text.bmp280_init) refers to bmp280.o(.text.write_register8) for write_register8
    bmp280.o(.text.bmp280_init) refers to bmp280.o(.text.read_calibration_data) for read_calibration_data
    bmp280.o(.ARM.exidx.text.bmp280_init) refers to bmp280.o(.text.bmp280_init) for [Anonymous Symbol]
    bmp280.o(.text.read_data) refers to bmp280.o(.bss.devv) for devv
    bmp280.o(.text.read_data) refers to stm32f1xx_hal_i2c.o(.text.HAL_I2C_Mem_Read) for HAL_I2C_Mem_Read
    bmp280.o(.ARM.exidx.text.read_data) refers to bmp280.o(.text.read_data) for [Anonymous Symbol]
    bmp280.o(.text.write_register8) refers to bmp280.o(.bss.devv) for devv
    bmp280.o(.text.write_register8) refers to stm32f1xx_hal_i2c.o(.text.HAL_I2C_Mem_Write) for HAL_I2C_Mem_Write
    bmp280.o(.ARM.exidx.text.write_register8) refers to bmp280.o(.text.write_register8) for [Anonymous Symbol]
    bmp280.o(.text.bmp280_force_measurement) refers to bmp280.o(.text.read_data) for read_data
    bmp280.o(.text.bmp280_force_measurement) refers to bmp280.o(.text.write_register8) for write_register8
    bmp280.o(.ARM.exidx.text.bmp280_force_measurement) refers to bmp280.o(.text.bmp280_force_measurement) for [Anonymous Symbol]
    bmp280.o(.text.bmp280_is_measuring) refers to bmp280.o(.text.read_data) for read_data
    bmp280.o(.ARM.exidx.text.bmp280_is_measuring) refers to bmp280.o(.text.bmp280_is_measuring) for [Anonymous Symbol]
    bmp280.o(.text.bmp280_read_fixed) refers to bmp280.o(.text.read_data) for read_data
    bmp280.o(.text.bmp280_read_fixed) refers to bmp280.o(.bss.bmp280_read_fixed.adc_pressure) for bmp280_read_fixed.adc_pressure
    bmp280.o(.text.bmp280_read_fixed) refers to bmp280.o(.bss.bmp280_read_fixed.adc_temp) for bmp280_read_fixed.adc_temp
    bmp280.o(.text.bmp280_read_fixed) refers to bmp280.o(.bss.bmp280_read_fixed.fine_temp) for bmp280_read_fixed.fine_temp
    bmp280.o(.text.bmp280_read_fixed) refers to bmp280.o(.text.compensate_temperature) for compensate_temperature
    bmp280.o(.text.bmp280_read_fixed) refers to bmp280.o(.bss.bmp280_read_fixed.temperature) for bmp280_read_fixed.temperature
    bmp280.o(.text.bmp280_read_fixed) refers to bmp280.o(.text.compensate_pressure) for compensate_pressure
    bmp280.o(.text.bmp280_read_fixed) refers to bmp280.o(.bss.bmp280_read_fixed.pressure) for bmp280_read_fixed.pressure
    bmp280.o(.text.bmp280_read_fixed) refers to fflt_clz.o(x$fpl$fflt) for __aeabi_i2f
    bmp280.o(.text.bmp280_read_fixed) refers to fdiv.o(x$fpl$fdiv) for __aeabi_fdiv
    bmp280.o(.text.bmp280_read_fixed) refers to powf.o(i.powf) for powf
    bmp280.o(.text.bmp280_read_fixed) refers to f2d.o(x$fpl$f2d) for __aeabi_f2d
    bmp280.o(.text.bmp280_read_fixed) refers to daddsub_clz.o(x$fpl$dsub) for __aeabi_dsub
    bmp280.o(.text.bmp280_read_fixed) refers to dmul.o(x$fpl$dmul) for __aeabi_dmul
    bmp280.o(.text.bmp280_read_fixed) refers to dfix.o(x$fpl$dfix) for __aeabi_d2iz
    bmp280.o(.text.bmp280_read_fixed) refers to bmp280.o(.bss.bmp280_altitude) for bmp280_altitude
    bmp280.o(.ARM.exidx.text.bmp280_read_fixed) refers to bmp280.o(.text.bmp280_read_fixed) for [Anonymous Symbol]
    bmp280.o(.text.compensate_temperature) refers to bmp280.o(.bss.devv) for devv
    bmp280.o(.ARM.exidx.text.compensate_temperature) refers to bmp280.o(.text.compensate_temperature) for [Anonymous Symbol]
    bmp280.o(.text.compensate_pressure) refers to bmp280.o(.bss.devv) for devv
    bmp280.o(.text.compensate_pressure) refers to llsdiv.o(.text) for __aeabi_ldivmod
    bmp280.o(.ARM.exidx.text.compensate_pressure) refers to bmp280.o(.text.compensate_pressure) for [Anonymous Symbol]
    bmp280.o(.text.read_calibration_data) refers to bmp280.o(.bss.devv) for devv
    bmp280.o(.text.read_calibration_data) refers to bmp280.o(.text.read_register16) for read_register16
    bmp280.o(.ARM.exidx.text.read_calibration_data) refers to bmp280.o(.text.read_calibration_data) for [Anonymous Symbol]
    bmp280.o(.text.read_register16) refers to bmp280.o(.bss.devv) for devv
    bmp280.o(.text.read_register16) refers to stm32f1xx_hal_i2c.o(.text.HAL_I2C_Mem_Read) for HAL_I2C_Mem_Read
    bmp280.o(.ARM.exidx.text.read_register16) refers to bmp280.o(.text.read_register16) for [Anonymous Symbol]
    hmc5883.o(.text.hmc5883_init) refers to hmc5883.o(.bss.qmc_i2cport) for qmc_i2cport
[...]
    __mathlib_zero                           0x080131f8   Data           8  qnan.o(.constdata)
    AHBPrescTable                            0x08013200   Data          16  system_stm32f1xx.o(.rodata.AHBPrescTable)
    APBPrescTable                            0x08013210   Data           8  system_stm32f1xx.o(.rodata.APBPrescTable)
    SD_Driver                                0x080132b8   Data          20  sd_diskio.o(.rodata.SD_Driver)
    Region$$Table$$Base                      0x08013940   Number         0  anon$$obj.o(Region$$Table)
    Region$$Table$$Limit                     0x08013960   Number         0  anon$$obj.o(Region$$Table)
    SystemCoreClock                          0x20000004   Data           4  system_stm32f1xx.o(.data.SystemCoreClock)
    config                                   0x20000008   Data          12  imu.o(.data.config)
    file_name                                0x20000014   Data          16  compass.o(.data.file_name)
    read_timeout                             0x20000030   Data           2  hmc5883.o(.data.read_timeout)
    sensor_list                              0x20000034   Data          60  sensordetect.o(.data.sensor_list)
    task                                     0x20000070   Data         140  scheduler.o(.data.task)
    uwTickFreq                               0x2000010c   Data           1  stm32f1xx_hal.o(.data.uwTickFreq)
    uwTickPrio                               0x20000110   Data           4  stm32f1xx_hal.o(.data.uwTickPrio)
    __libspace_start                         0x20000118   Data          96  libspace.o(.bss)
    AHRS                                     0x20000178   Data          24  imu.o(.bss.AHRS)
    __temporary_stack_top$libspace           0x20000178   Data           0  libspace.o(.bss)
    SDPath                                   0x200003ae   Data           4  fatfs.o(.bss.SDPath)
    TEMP                                     0x200003b4   Data           4  ms5611.o(.bss.TEMP)
    _D1                                      0x200003b8   Data           4  ms5611.o(.bss._D1)
    _D2                                      0x200003bc   Data           4  ms5611.o(.bss._D2)
    _POFFSET                                 0x200003c0   Data           2  ms5611.o(.bss._POFFSET)
    _TOFFSET                                 0x200003c2   Data           2  ms5611.o(.bss._TOFFSET)
    _gps                                     0x200014c0   Data          56  gps.o(.bss._gps)
    _gpsUartPort                             0x200014f8   Data           4  gps.o(.bss._gpsUartPort)
    _micros                                  0x200014fc   Data           4  timer.o(.bss._micros)
    _payload_counter                         0x20001502   Data           2  gps.o(.bss._payload_counter)
    _payload_length                          0x20001504   Data           2  gps.o(.bss._payload_length)
    _therad_read_time_ms                     0x20001508   Data           4  gps.o(.bss._therad_read_time_ms)
    acc_Eframe                               0x2000150c   Data          12  imu.o(.bss.acc_Eframe)
    calib_file                               0x2000151c   Data        4548  compass.o(.bss.calib_file)
    calibrate_value                          0x200026e0   Data          28  compass.o(.bss.calibrate_value)
    cosz                                     0x200026fc   Data           4  imu.o(.bss.cosz)
    data_test                                0x20002700   Data        4548  scheduler.o(.bss.data_test)
    device_array                             0x200038c4   Data          36  compass.o(.bss.device_array)
    disk                                     0x200038e8   Data          12  ff_gen_drv.o(.bss.disk)
    file_open                                0x200038f4   Data           1  compass.o(.bss.file_open)
    gps_interrupt_count                      0x200038f8   Data           4  gps.o(.bss.gps_interrupt_count)
    gyr_offs_x                               0x200038fe   Data           2  imu.o(.bss.gyr_offs_x)
    gyr_offs_y                               0x20003900   Data           2  imu.o(.bss.gyr_offs_y)
    gyr_offs_z                               0x20003902   Data           2  imu.o(.bss.gyr_offs_z)
    hdma_sdio                                0x20003910   Data          68  sdio.o(.bss.hdma_sdio)
    hdma_usart2_rx                           0x20003954   Data          68  usart.o(.bss.hdma_usart2_rx)
    hi2c1                                    0x2000399c   Data          84  i2c.o(.bss.hi2c1)
    hi2c2                                    0x200039f0   Data          84  i2c.o(.bss.hi2c2)
    hsd                                      0x20003a44   Data         132  sdio.o(.bss.hsd)
    htim3                                    0x20003ac8   Data          72  tim.o(.bss.htim3)
    htim4                                    0x20003b10   Data          72  tim.o(.bss.htim4)
    htim6                                    0x20003b58   Data          72  tim.o(.bss.htim6)
    htim7                                    0x20003ba0   Data          72  tim.o(.bss.htim7)
    htimm                                    0x20003be8   Data           4  pwm.o(.bss.htimm)
    htimmz                                   0x20003bec   Data           4  timer.o(.bss.htimmz)
    huart1                                   0x20003bf0   Data          72  usart.o(.bss.huart1)
    huart2                                   0x20003c38   Data          72  usart.o(.bss.huart2)
    huart3                                   0x20003c80   Data          72  usart.o(.bss.huart3)
    i2c                                      0x20003cc8   Data           4  mpu6050.o(.bss.i2c)
    ibusChannelData                          0x20003cec   Data          40  ibus.o(.bss.ibusChannelData)
    ibus_interrupt_count                     0x20003d20   Data           4  ibus.o(.bss.ibus_interrupt_count)
    ibus_interrupt_timer                     0x20003d24   Data           4  ibus.o(.bss.ibus_interrupt_timer)
    ignore_data                              0x20003d28   Data           2  compass.o(.bss.ignore_data)
    integralFBx                              0x20003d5c   Data           4  imu.o(.bss.integralFBx)
    integralFBy                              0x20003d60   Data           4  imu.o(.bss.integralFBy)
    integralFBz                              0x20003d64   Data           4  imu.o(.bss.integralFBz)
    isSdcard_valid                           0x20003d6a   Data           1  blackbox.o(.bss.isSdcard_valid)
    isSdcard_write                           0x20003d6b   Data           1  blackbox.o(.bss.isSdcard_write)
    loop_timeout                             0x20003d70   Data           4  scheduler.o(.bss.loop_timeout)
    loop_us                                  0x20003d74   Data           2  scheduler.o(.bss.loop_us)
    mag                                      0x20003d76   Data           6  imu.o(.bss.mag)
    max_excution_time_us                     0x20003d7c   Data           4  scheduler.o(.bss.max_excution_time_us)
    ms5611_altitude                          0x20003d80   Data           4  ms5611.o(.bss.ms5611_altitude)
    ms5611_pressure                          0x20003d94   Data           4  ms5611.o(.bss.ms5611_pressure)
    ngat_loi                                 0x20003da4   Data           4  ibus.o(.bss.ngat_loi)
    num_tasks                                0x20003da8   Data           4  scheduler.o(.bss.num_tasks)
    pitch_cmd                                0x20003de0   Data           4  attitude_control.o(.bss.pitch_cmd)
    pwm_lock_status                          0x20003e18   Data           1  pwm.o(.bss.pwm_lock_status)
    qmc_i2cport                              0x20003e1c   Data           4  hmc5883.o(.bss.qmc_i2cport)
    retSD                                    0x20003e25   Data           1  fatfs.o(.bss.retSD)
    roll_cmd                                 0x20003e50   Data           4  attitude_control.o(.bss.roll_cmd)
    send_time_us                             0x20003e88   Data           4  mavlink_handler.o(.bss.send_time_us)
    sensor_                                  0x20003e8c   Data           5  sensordetect.o(.bss.sensor_)
    sensor_file                              0x20003e94   Data        4548  sensordetect.o(.bss.sensor_file)
    servoL                                   0x20005058   Data           2  attitude_control.o(.bss.servoL)
    servoR                                   0x2000505a   Data           2  attitude_control.o(.bss.servoR)
    siny                                     0x2000505c   Data           4  imu.o(.bss.siny)
    sinz                                     0x20005060   Data           4  imu.o(.bss.sinz)
    temp                                     0x20005080   Data           4  mavlink_handler.o(.bss.temp)
    uwTick                                   0x2000508c   Data           4  stm32f1xx_hal.o(.bss.uwTick)



==============================================================================

Memory Map of the image

  Image Entry point : 0x08000131

  Load Region LR_IROM1 (Base: 0x08000000, Size: 0x00013a78, Max: 0x00040000, ABSOLUTE)

    Execution Region ER_IROM1 (Exec base: 0x08000000, Load base: 0x08000000, Size: 0x00013960, Max: 0x00040000, ABSOLUTE)

    Exec Addr    Load Addr    Size         Type   Attr      Idx    E Section Name        Object

    0x08000000   0x08000000   0x00000130   Data   RO          714    RESET               startup_stm32f103xe.o
    0x08000130   0x08000130   0x00000008   Code   RO         2394  * !!!main             c_w.l(__main.o)
    0x08000138   0x08000138   0x0000005c   Code   RO         2853    !!!scatter          c_w.l(__scatter.o)
    0x08000194   0x08000194   0x0000001a   Code   RO         2857    !!handler_copy      c_w.l(__scatter_copy.o)
    0x080001ae   0x080001ae   0x00000002   PAD
    0x080001b0   0x080001b0   0x00000002   Code   RO         2854    !!handler_null      c_w.l(__scatter.o)
    0x080001b2   0x080001b2   0x00000002   PAD
    0x080001b4   0x080001b4   0x0000001c   Code   RO         2859    !!handler_zi        c_w.l(__scatter_zi.o)
    0x080001d0   0x080001d0   0x00000002   Code   RO         2767    .ARM.Collect$$libinit$$00000000  c_w.l(libinit.o)
    0x080001d2   0x080001d2   0x00000000   Code   RO         2676    .ARM.Collect$$libinit$$00000002  c_w.l(libinit2.o)
    0x080001d2   0x080001d2   0x00000000   Code   RO         2678    .ARM.Collect$$libinit$$00000004  c_w.l(libinit2.o)
    0x080001d2   0x080001d2   0x00000000   Code   RO         2680    .ARM.Collect$$libinit$$00000006  c_w.l(libinit2.o)
    0x080001d2   0x080001d2   0x00000008   Code   RO         2681    .ARM.Collect$$libinit$$00000007  c_w.l(libinit2.o)
    0x080001da   0x080001da   0x00000000   Code   RO         2683    .ARM.Collect$$libinit$$0000000C  c_w.l(libinit2.o)
    0x080001da   0x080001da   0x00000000   Code   RO         2685    .ARM.Collect$$libinit$$0000000E  c_w.l(libinit2.o)
    0x080001da   0x080001da   0x00000000   Code   RO         2687    .ARM.Collect$$libinit$$00000010  c_w.l(libinit2.o)
    0x080001da   0x080001da   0x00000000   Code   RO         2690    .ARM.Collect$$libinit$$00000013  c_w.l(libinit2.o)
    0x080001da   0x080001da   0x00000000   Code   RO         2692    .ARM.Collect$$libinit$$00000015  c_w.l(libinit2.o)
    0x080001da   0x080001da   0x00000000   Code   RO         2694    .ARM.Collect$$libinit$$00000017  c_w.l(libinit2.o)
    0x080001da   0x080001da   0x00000000   Code   RO         2696    .ARM.Collect$$libinit$$00000019  c_w.l(libinit2.o)
    0x080001da   0x080001da   0x00000000   Code   RO         2698    .ARM.Collect$$libinit$$0000001B  c_w.l(libinit2.o)
    0x080001da   0x080001da   0x00000000   Code   RO         2700    .ARM.Collect$$libinit$$0000001D  c_w.l(libinit2.o)
    0x080001da   0x080001da   0x00000000   Code   RO         2702    .ARM.Collect$$libinit$$0000001F  c_w.l(libinit2.o)
    0x080001da   0x080001da   0x00000000   Code   RO         2704    .ARM.Collect$$libinit$$00000021  c_w.l(libinit2.o)
    0x080001da   0x080001da   0x00000000   Code   RO         2706    .ARM.Collect$$libinit$$00000023  c_w.l(libinit2.o)
    0x080001da   0x080001da   0x00000000   Code   RO         2708    .ARM.Collect$$libinit$$00000025  c_w.l(libinit2.o)
    0x080001da   0x080001da   0x00000000   Code   RO         2710    .ARM.Collect$$libinit$$00000027  c_w.l(libinit2.o)
    0x080001da   0x080001da   0x00000000   Code   RO         2714    .ARM.Collect$$libinit$$0000002E  c_w.l(libinit2.o)
    0x080001da   0x080001da   0x00000000   Code   RO         2716    .ARM.Collect$$libinit$$00000030  c_w.l(libinit2.o)
    0x080001da   0x080001da   0x00000000   Code   RO         2718    .ARM.Collect$$libinit$$00000032  c_w.l(libinit2.o)
    0x080001da   0x080001da   0x00000000   Code   RO         2720    .ARM.Collect$$libinit$$00000034  c_w.l(libinit2.o)
    0x080001da   0x080001da   0x00000002   Code   RO         2721    .ARM.Collect$$libinit$$00000035  c_w.l(libinit2.o)
    0x080001dc   0x080001dc   0x00000002   Code   RO         2836    .ARM.Collect$$libshutdown$$00000000  c_w.l(libshutdown.o)
    0x080001de   0x080001de   0x00000000   Code   RO         2813    .ARM.Collect$$libshutdown$$00000002  c_w.l(libshutdown2.o)
    0x080001de   0x080001de   0x00000000   Code   RO         2815    .ARM.Collect$$libshutdown$$00000004  c_w.l(libshutdown2.o)
    0x080001de   0x080001de   0x00000000   Code   RO         2818    .ARM.Collect$$libshutdown$$00000007  c_w.l(libshutdown2.o)
    0x080001de   0x080001de   0x00000000   Code   RO         2821    .ARM.Collect$$libshutdown$$0000000A  c_w.l(libshutdown2.o)
    0x080001de   0x080001de   0x00000000   Code   RO         2823    .ARM.Collect$$libshutdown$$0000000C  c_w.l(libshutdown2.o)
    0x080001de   0x080001de   0x00000000   Code   RO         2826    .ARM.Collect$$libshutdown$$0000000F  c_w.l(libshutdown2.o)
    0x080001de   0x080001de   0x00000002   Code   RO         2827    .ARM.Collect$$libshutdown$$00000010  c_w.l(libshutdown2.o)
    0x080001e0   0x080001e0   0x00000000   Code   RO         2480    .ARM.Collect$$rtentry$$00000000  c_w.l(__rtentry.o)
    0x080001e0   0x080001e0   0x00000000   Code   RO         2623    .ARM.Collect$$rtentry$$00000002  c_w.l(__rtentry2.o)
    0x080001e0   0x080001e0   0x00000006   Code   RO         2635    .ARM.Collect$$rtentry$$00000004  c_w.l(__rtentry4.o)
    0x080001e6   0x080001e6   0x00000000   Code   RO         2625    .ARM.Collect$$rtentry$$00000009  c_w.l(__rtentry2.o)
    0x080001e6   0x080001e6   0x00000004   Code   RO         2626    .ARM.Collect$$rtentry$$0000000A  c_w.l(__rtentry2.o)
    0x080001ea   0x080001ea   0x00000000   Code   RO         2628    .ARM.Collect$$rtentry$$0000000C  c_w.l(__rtentry2.o)
    0x080001ea   0x080001ea   0x00000008   Code   RO         2629    .ARM.Collect$$rtentry$$0000000D  c_w.l(__rtentry2.o)
    0x080001f2   0x080001f2   0x00000002   Code   RO         2775    .ARM.Collect$$rtexit$$00000000  c_w.l(rtexit.o)
    0x080001f4   0x080001f4   0x00000000   Code   RO         2798    .ARM.Collect$$rtexit$$00000002  c_w.l(rtexit2.o)
    0x080001f4   0x080001f4   0x00000004   Code   RO         2799    .ARM.Collect$$rtexit$$00000003  c_w.l(rtexit2.o)
    0x080001f8   0x080001f8   0x00000006   Code   RO         2800    .ARM.Collect$$rtexit$$00000004  c_w.l(rtexit2.o)
    0x080001fe   0x080001fe   0x00000002   PAD
    0x08000200   0x08000200   0x00000040   Code   RO          715    .text               startup_stm32f103xe.o
    0x08000240   0x08000240   0x00000028   Code   RO         2382    .text               c_w.l(calloc.o)
    0x08000268   0x08000268   0x00000074   Code   RO         2384    .text               c_w.l(llsdiv.o)
    0x080002dc   0x080002dc   0x00000044   Code   RO         2388    .text               c_w.l(rt_memclr.o)
    0x08000320   0x08000320   0x0000004e   Code   RO         2390    .text               c_w.l(rt_memclr_w.o)
    0x0800036e   0x0800036e   0x00000006   Code   RO         2392    .text               c_w.l(heapauxi.o)
    0x08000374   0x08000374   0x0000005e   Code   RO         2487    .text               c_w.l(h1_alloc.o)
    0x080003d2   0x080003d2   0x000000f0   Code   RO         2541    .text               c_w.l(lludivv7m.o)
    0x080004c2   0x080004c2   0x00000016   Code   RO         2543    .text               c_w.l(_rserrno.o)
    0x080004d8   0x080004d8   0x00000008   Code   RO         2642    .text               c_w.l(rt_heap_descriptor_intlibspace.o)
    0x080004e0   0x080004e0   0x00000008   Code   RO         2647    .text               c_w.l(rt_errno_addr_intlibspace.o)
    0x080004e8   0x080004e8   0x00000004   Code   RO         2649    .text               c_w.l(hguard.o)
    0x080004ec   0x080004ec   0x0000008a   Code   RO         2651    .text               c_w.l(init_alloc.o)
    0x08000576   0x08000576   0x0000000c   Code   RO         2657    .text               c_w.l(h1_init.o)
    0x08000582   0x08000582   0x0000004e   Code   RO         2659    .text               c_w.l(h1_free.o)
    0x080005d0   0x080005d0   0x00000008   Code   RO         2734    .text               c_w.l(libspace.o)
    0x080005d8   0x080005d8   0x0000004a   Code   RO         2737    .text               c_w.l(sys_stackheap_outer.o)
    0x08000622   0x08000622   0x00000000   Code   RO         2741    .text               c_w.l(maybetermalloc1.o)
    0x08000622   0x08000622   0x00000034   Code   RO         2743    .text               c_w.l(h1_extend.o)
    0x08000656   0x08000656   0x00000012   Code   RO         2747    .text               c_w.l(exit.o)
    0x08000668   0x08000668   0x0000000e   Code   RO         2753    .text               c_w.l(defsig_rtmem_outer.o)
    0x08000676   0x08000676   0x00000002   Code   RO         2772    .text               c_w.l(use_no_semi.o)
    0x08000678   0x08000678   0x00000000   Code   RO         2774    .text               c_w.l(indicate_semi.o)
    0x08000678   0x08000678   0x0000000a   Code   RO         2781    .text               c_w.l(defsig_exit.o)
    0x08000682   0x08000682   0x00000002   PAD
    0x08000684   0x08000684   0x00000050   Code   RO         2785    .text               c_w.l(defsig_rtmem_inner.o)
    0x080006d4   0x080006d4   0x0000000c   Code   RO         2793    .text               c_w.l(sys_exit.o)
    0x080006e0   0x080006e0   0x00000032   Code   RO         2810    .text               c_w.l(defsig_general.o)
    0x08000712   0x08000712   0x0000000e   Code   RO         2828    .text               c_w.l(sys_wrch.o)
    0x08000720   0x08000720   0x000000b0   Code   RO          694    .text.AT24Cxx_add_dev  at24cxx_stm32_hal.o
    0x080007d0   0x080007d0   0x00000066   Code   RO          688    .text.AT24Cxx_get_max_addr  at24cxx_stm32_hal.o
    0x08000836   0x08000836   0x00000002   PAD
    0x08000838   0x08000838   0x0000005c   Code   RO          690    .text.AT24Cxx_get_pg_size  at24cxx_stm32_hal.o
    0x08000894   0x08000894   0x0000008e   Code   RO          692    .text.AT24Cxx_init  at24cxx_stm32_hal.o
    0x08000922   0x08000922   0x00000002   PAD
    0x08000924   0x08000924   0x00000080   Code   RO          704    .text.AT24Cxx_read_byte_buffer  at24cxx_stm32_hal.o
    0x080009a4   0x080009a4   0x0000024e   Code   RO          700    .text.AT24Cxx_write_byte_buffer  at24cxx_stm32_hal.o
    0x08000bf2   0x08000bf2   0x00000002   PAD
    0x08000bf4   0x08000bf4   0x00000002   Code   RO         2136    .text.BSP_SD_AbortCallback  bsp_driver_sd.o
    0x08000bf6   0x08000bf6   0x00000002   PAD
    0x08000bf8   0x08000bf8   0x00000018   Code   RO         2132    .text.BSP_SD_GetCardInfo  bsp_driver_sd.o
    0x08000c10   0x08000c10   0x00000016   Code   RO         2130    .text.BSP_SD_GetCardState  bsp_driver_sd.o
    0x08000c26   0x08000c26   0x00000002   PAD
    0x08000c28   0x08000c28   0x0000003e   Code   RO         2112    .text.BSP_SD_Init   bsp_driver_sd.o
    0x08000c66   0x08000c66   0x00000002   PAD
    0x08000c68   0x08000c68   0x00000010   Code   RO         2114    .text.BSP_SD_IsDetected  bsp_driver_sd.o
    0x08000c78   0x08000c78   0x00000040   Code   RO         2120    .text.BSP_SD_ReadBlocks  bsp_driver_sd.o
    0x08000cb8   0x08000cb8   0x00000002   Code   RO         2144    .text.BSP_SD_ReadCpltCallback  bsp_driver_sd.o
    0x08000cba   0x08000cba   0x00000002   PAD
    0x08000cbc   0x08000cbc   0x00000040   Code   RO         2122    .text.BSP_SD_WriteBlocks  bsp_driver_sd.o
    0x08000cfc   0x08000cfc   0x00000002   Code   RO         2140    .text.BSP_SD_WriteCpltCallback  bsp_driver_sd.o
    0x08000cfe   0x08000cfe   0x00000002   PAD
    0x08000d00   0x08000d00   0x00000004   Code   RO          836    .text.BusFault_Handler  stm32f1xx_it.o
    0x08000d04   0x08000d04   0x00000010   Code   RO          848    .text.DMA1_Channel6_IRQHandler  stm32f1xx_it.o
    0x08000d14   0x08000d14   0x00000010   Code   RO          862    .text.DMA2_Channel4_5_IRQHandler  stm32f1xx_it.o
    0x08000d24   0x08000d24   0x00000002   Code   RO          842    .text.DebugMon_Handler  stm32f1xx_it.o
    0x08000d26   0x08000d26   0x00000002   PAD
    0x08000d28   0x08000d28   0x0000000e   Code   RO          726    .text.Error_Handler  main.o
    0x08000d36   0x08000d36   0x00000002   PAD
    0x08000d38   0x08000d38   0x00000016   Code   RO         2331    .text.FATFS_LinkDriver  ff_gen_drv.o
    0x08000d4e   0x08000d4e   0x00000002   PAD
    0x08000d50   0x08000d50   0x0000007c   Code   RO         2329    .text.FATFS_LinkDriverEx  ff_gen_drv.o
    0x08000dcc   0x08000dcc   0x0000028c   Code   RO          174    .text.Float_to_string  blackbox.o
    0x08001058   0x08001058   0x0000007c   Code   RO         1039    .text.HAL_DMA_Abort  stm32f1xx_hal_dma.o
    0x080010d4   0x080010d4   0x00000318   Code   RO         1041    .text.HAL_DMA_Abort_IT  stm32f1xx_hal_dma.o
    0x080013ec   0x080013ec   0x00000684   Code   RO         1045    .text.HAL_DMA_IRQHandler  stm32f1xx_hal_dma.o
    0x08001a70   0x08001a70   0x000000f4   Code   RO         1029    .text.HAL_DMA_Init  stm32f1xx_hal_dma.o
    0x08001b64   0x08001b64   0x00000042   Code   RO          912    .text.HAL_Delay     stm32f1xx_hal.o
    0x08001ba6   0x08001ba6   0x00000002   PAD
    0x08001ba8   0x08001ba8   0x00000356   Code   RO         1006    .text.HAL_GPIO_Init  stm32f1xx_hal_gpio.o
    0x08001efe   0x08001efe   0x00000002   PAD
    0x08001f00   0x08001f00   0x0000002e   Code   RO         1010    .text.HAL_GPIO_ReadPin  stm32f1xx_hal_gpio.o
    0x08001f2e   0x08001f2e   0x00000002   PAD
    0x08001f30   0x08001f30   0x00000026   Code   RO         1014    .text.HAL_GPIO_TogglePin  stm32f1xx_hal_gpio.o
    0x08001f56   0x08001f56   0x00000002   PAD
    0x08001f58   0x08001f58   0x0000002e   Code   RO         1012    .text.HAL_GPIO_WritePin  stm32f1xx_hal_gpio.o
    0x08001f86   0x08001f86   0x00000002   PAD
    0x08001f88   0x08001f88   0x0000000c   Code   RO          904    .text.HAL_GetTick   stm32f1xx_hal.o
    0x08001f94   0x08001f94   0x000002a4   Code   RO         1270    .text.HAL_I2C_Init  stm32f1xx_hal_i2c.o
    0x08002238   0x08002238   0x0000028a   Code   RO         1336    .text.HAL_I2C_IsDeviceReady  stm32f1xx_hal_i2c.o
    0x080024c2   0x080024c2   0x00000002   PAD
    0x080024c4   0x080024c4   0x000004bc   Code   RO         1288    .text.HAL_I2C_Master_Receive  stm32f1xx_hal_i2c.o
    0x08002980   0x08002980   0x00000208   Code   RO         1278    .text.HAL_I2C_Master_Transmit  stm32f1xx_hal_i2c.o
    0x08002b88   0x08002b88   0x000004c6   Code   RO         1324    .text.HAL_I2C_Mem_Read  stm32f1xx_hal_i2c.o
    0x0800304e   0x0800304e   0x00000002   PAD
    0x08003050   0x08003050   0x00000210   Code   RO         1320    .text.HAL_I2C_Mem_Write  stm32f1xx_hal_i2c.o
    0x08003260   0x08003260   0x0000010a   Code   RO          756    .text.HAL_I2C_MspInit  i2c.o
    0x0800336a   0x0800336a   0x00000002   PAD
    0x0800336c   0x0800336c   0x0000001a   Code   RO          902    .text.HAL_IncTick   stm32f1xx_hal.o
    0x08003386   0x08003386   0x00000002   PAD
    0x08003388   0x08003388   0x00000026   Code   RO          892    .text.HAL_Init      stm32f1xx_hal.o
    0x080033ae   0x080033ae   0x00000002   PAD
    0x080033b0   0x080033b0   0x00000070   Code   RO          894    .text.HAL_InitTick  stm32f1xx_hal.o
    0x08003420   0x08003420   0x00000064   Code   RO          871    .text.HAL_MspInit   stm32f1xx_hal_msp.o
    0x08003484   0x08003484   0x00000014   Code   RO         1074    .text.HAL_NVIC_EnableIRQ  stm32f1xx_hal_cortex.o
    0x08003498   0x08003498   0x00000032   Code   RO         1066    .text.HAL_NVIC_SetPriority  stm32f1xx_hal_cortex.o
    0x080034ca   0x080034ca   0x00000002   PAD
    0x080034cc   0x080034cc   0x00000010   Code   RO         1062    .text.HAL_NVIC_SetPriorityGrouping  stm32f1xx_hal_cortex.o
    0x080034dc   0x080034dc   0x00000256   Code   RO          958    .text.HAL_RCC_ClockConfig  stm32f1xx_hal_rcc.o
    0x08003732   0x08003732   0x00000002   PAD
    0x08003734   0x08003734   0x0000000c   Code   RO          968    .text.HAL_RCC_GetHCLKFreq  stm32f1xx_hal_rcc.o
    0x08003740   0x08003740   0x00000022   Code   RO          970    .text.HAL_RCC_GetPCLK1Freq  stm32f1xx_hal_rcc.o
    0x08003762   0x08003762   0x00000002   PAD
    0x08003764   0x08003764   0x00000022   Code   RO          972    .text.HAL_RCC_GetPCLK2Freq  stm32f1xx_hal_rcc.o
    0x08003786   0x08003786   0x00000002   PAD
    0x08003788   0x08003788   0x000000bc   Code   RO          960    .text.HAL_RCC_GetSysClockFreq  stm32f1xx_hal_rcc.o
    0x08003844   0x08003844   0x0000067a   Code   RO          954    .text.HAL_RCC_OscConfig  stm32f1xx_hal_rcc.o
    0x08003ebe   0x08003ebe   0x00000002   PAD
    0x08003ec0   0x08003ec0   0x0000000e   Code   RO         2134    .text.HAL_SD_AbortCallback  bsp_driver_sd.o
    0x08003ece   0x08003ece   0x00000002   PAD
    0x08003ed0   0x08003ed0   0x00000008   Code   RO         1580    .text.HAL_SD_ErrorCallback  stm32f1xx_hal_sd.o
    0x08003ed8   0x08003ed8   0x0000028a   Code   RO         1600    .text.HAL_SD_GetCardCSD  stm32f1xx_hal_sd.o
    0x08004162   0x08004162   0x00000002   PAD
    0x08004164   0x08004164   0x0000004c   Code   RO         1606    .text.HAL_SD_GetCardInfo  stm32f1xx_hal_sd.o
    0x080041b0   0x080041b0   0x00000034   Code   RO         1614    .text.HAL_SD_GetCardState  stm32f1xx_hal_sd.o
    0x080041e4   0x080041e4   0x00000324   Code   RO         1576    .text.HAL_SD_IRQHandler  stm32f1xx_hal_sd.o
    0x08004508   0x08004508   0x00000066   Code   RO         1540    .text.HAL_SD_Init   stm32f1xx_hal_sd.o
    0x0800456e   0x0800456e   0x00000002   PAD
    0x08004570   0x08004570   0x00000104   Code   RO         1544    .text.HAL_SD_InitCard  stm32f1xx_hal_sd.o
    0x08004674   0x08004674   0x0000013a   Code   RO          771    .text.HAL_SD_MspInit  sdio.o
    0x080047ae   0x080047ae   0x00000002   PAD
    0x080047b0   0x080047b0   0x00000406   Code   RO         1556    .text.HAL_SD_ReadBlocks  stm32f1xx_hal_sd.o
    0x08004bb6   0x08004bb6   0x00000002   PAD
    0x08004bb8   0x08004bb8   0x0000000e   Code   RO         2142    .text.HAL_SD_RxCpltCallback  bsp_driver_sd.o
    0x08004bc6   0x08004bc6   0x00000002   PAD
    0x08004bc8   0x08004bc8   0x0000000e   Code   RO         2138    .text.HAL_SD_TxCpltCallback  bsp_driver_sd.o
    0x08004bd6   0x08004bd6   0x00000002   PAD
    0x08004bd8   0x08004bd8   0x0000034c   Code   RO         1558    .text.HAL_SD_WriteBlocks  stm32f1xx_hal_sd.o
    0x08004f24   0x08004f24   0x00000010   Code   RO         1086    .text.HAL_SYSTICK_Config  stm32f1xx_hal_cortex.o
    0x08004f34   0x08004f34   0x00000008   Code   RO         1954    .text.HAL_TIMEx_BreakCallback  stm32f1xx_hal_tim_ex.o
    0x08004f3c   0x08004f3c   0x00000008   Code   RO         1950    .text.HAL_TIMEx_CommutCallback  stm32f1xx_hal_tim_ex.o
    0x08004f44   0x08004f44   0x00000100   Code   RO         1944    .text.HAL_TIMEx_MasterConfigSynchronization  stm32f1xx_hal_tim_ex.o
    0x08005044   0x08005044   0x0000009c   Code   RO         1631    .text.HAL_TIM_Base_Init  stm32f1xx_hal_tim.o
    0x080050e0   0x080050e0   0x000000fc   Code   RO          794    .text.HAL_TIM_Base_MspInit  tim.o
    0x080051dc   0x080051dc   0x000000d4   Code   RO         1645    .text.HAL_TIM_Base_Start_IT  stm32f1xx_hal_tim.o
    0x080052b0   0x080052b0   0x00000184   Code   RO         1823    .text.HAL_TIM_ConfigClockSource  stm32f1xx_hal_tim.o
    0x08005434   0x08005434   0x00000008   Code   RO         1767    .text.HAL_TIM_IC_CaptureCallback  stm32f1xx_hal_tim.o
    0x0800543c   0x0800543c   0x0000027a   Code   RO         1765    .text.HAL_TIM_IRQHandler  stm32f1xx_hal_tim.o
    0x080056b6   0x080056b6   0x00000002   PAD
    0x080056b8   0x080056b8   0x00000108   Code   RO          786    .text.HAL_TIM_MspPostInit  tim.o
    0x080057c0   0x080057c0   0x00000008   Code   RO         1769    .text.HAL_TIM_OC_DelayElapsedCallback  stm32f1xx_hal_tim.o
    0x080057c8   0x080057c8   0x00000142   Code   RO         1797    .text.HAL_TIM_PWM_ConfigChannel  stm32f1xx_hal_tim.o
    0x0800590a   0x0800590a   0x00000002   PAD
    0x0800590c   0x0800590c   0x0000009c   Code   RO         1685    .text.HAL_TIM_PWM_Init  stm32f1xx_hal_tim.o
    0x080059a8   0x080059a8   0x00000008   Code   RO         1687    .text.HAL_TIM_PWM_MspInit  stm32f1xx_hal_tim.o
    0x080059b0   0x080059b0   0x00000008   Code   RO         1771    .text.HAL_TIM_PWM_PulseFinishedCallback  stm32f1xx_hal_tim.o
    0x080059b8   0x080059b8   0x000001aa   Code   RO         1693    .text.HAL_TIM_PWM_Start  stm32f1xx_hal_tim.o
    0x08005b62   0x08005b62   0x00000002   PAD
    0x08005b64   0x08005b64   0x00000030   Code   RO          628    .text.HAL_TIM_PeriodElapsedCallback  scheduler.o
    0x08005b94   0x08005b94   0x00000008   Code   RO         1775    .text.HAL_TIM_TriggerCallback  stm32f1xx_hal_tim.o
    0x08005b9c   0x08005b9c   0x0000000c   Code   RO         2059    .text.HAL_UARTEx_RxEventCallback  stm32f1xx_hal_uart.o
    0x08005ba8   0x08005ba8   0x00000008   Code   RO         2057    .text.HAL_UART_ErrorCallback  stm32f1xx_hal_uart.o
    0x08005bb0   0x08005bb0   0x0000042a   Code   RO         2051    .text.HAL_UART_IRQHandler  stm32f1xx_hal_uart.o
    0x08005fda   0x08005fda   0x00000002   PAD
    0x08005fdc   0x08005fdc   0x0000009e   Code   RO         1967    .text.HAL_UART_Init  stm32f1xx_hal_uart.o
    0x0800607a   0x0800607a   0x00000002   PAD
    0x0800607c   0x0800607c   0x0000024c   Code   RO          815    .text.HAL_UART_MspInit  usart.o
    0x080062c8   0x080062c8   0x00000056   Code   RO         1991    .text.HAL_UART_Receive_IT  stm32f1xx_hal_uart.o
    0x0800631e   0x0800631e   0x00000002   PAD
    0x08006320   0x08006320   0x0000003c   Code   RO          622    .text.HAL_UART_RxCpltCallback  scheduler.o
    0x0800635c   0x0800635c   0x0000011e   Code   RO         1983    .text.HAL_UART_Transmit  stm32f1xx_hal_uart.o
    0x0800647a   0x0800647a   0x00000002   PAD
    0x0800647c   0x0800647c   0x00000022   Code   RO          624    .text.HAL_UART_TxCpltCallback  scheduler.o
    0x0800649e   0x0800649e   0x00000002   PAD
    0x080064a0   0x080064a0   0x00000004   Code   RO          832    .text.HardFault_Handler  stm32f1xx_it.o
    0x080064a4   0x080064a4   0x00000064   Code   RO         1432    .text.I2C_IsAcknowledgeFailed  stm32f1xx_hal_i2c.o
    0x08006508   0x08006508   0x000001aa   Code   RO         1290    .text.I2C_MasterRequestRead  stm32f1xx_hal_i2c.o
    0x080066b2   0x080066b2   0x00000002   PAD
    0x080066b4   0x080066b4   0x00000112   Code   RO         1282    .text.I2C_MasterRequestWrite  stm32f1xx_hal_i2c.o
    0x080067c6   0x080067c6   0x00000002   PAD
    0x080067c8   0x080067c8   0x000001e2   Code   RO         1326    .text.I2C_RequestMemoryRead  stm32f1xx_hal_i2c.o
    0x080069aa   0x080069aa   0x00000002   PAD
    0x080069ac   0x080069ac   0x0000013a   Code   RO         1322    .text.I2C_RequestMemoryWrite  stm32f1xx_hal_i2c.o
    0x08006ae6   0x08006ae6   0x00000002   PAD
    0x08006ae8   0x08006ae8   0x000000ac   Code   RO         1286    .text.I2C_WaitOnBTFFlagUntilTimeout  stm32f1xx_hal_i2c.o
    0x08006b94   0x08006b94   0x00000108   Code   RO         1280    .text.I2C_WaitOnFlagUntilTimeout  stm32f1xx_hal_i2c.o
    0x08006c9c   0x08006c9c   0x00000154   Code   RO         1430    .text.I2C_WaitOnMasterAddressFlagUntilTimeout  stm32f1xx_hal_i2c.o
    0x08006df0   0x08006df0   0x000000dc   Code   RO         1292    .text.I2C_WaitOnRXNEFlagUntilTimeout  stm32f1xx_hal_i2c.o
    0x08006ecc   0x08006ecc   0x000000a8   Code   RO         1284    .text.I2C_WaitOnTXEFlagUntilTimeout  stm32f1xx_hal_i2c.o
    0x08006f74   0x08006f74   0x0000006a   Code   RO          744    .text.MX_DMA_Init   dma.o
    0x08006fde   0x08006fde   0x00000002   PAD
    0x08006fe0   0x08006fe0   0x00000022   Code   RO         2153    .text.MX_FATFS_Init  fatfs.o
    0x08007002   0x08007002   0x00000002   PAD
    0x08007004   0x08007004   0x0000010e   Code   RO          736    .text.MX_GPIO_Init  gpio.o
    0x08007112   0x08007112   0x00000002   PAD
    0x08007114   0x08007114   0x00000048   Code   RO          752    .text.MX_I2C1_Init  i2c.o
    0x0800715c   0x0800715c   0x00000048   Code   RO          754    .text.MX_I2C2_Init  i2c.o
    0x080071a4   0x080071a4   0x00000028   Code   RO          769    .text.MX_SDIO_SD_Init  sdio.o
    0x080071cc   0x080071cc   0x00000126   Code   RO          784    .text.MX_TIM3_Init  tim.o
    0x080072f2   0x080072f2   0x00000002   PAD
    0x080072f4   0x080072f4   0x000000f2   Code   RO          788    .text.MX_TIM4_Init  tim.o
    0x080073e6   0x080073e6   0x00000002   PAD
    0x080073e8   0x080073e8   0x0000005c   Code   RO          790    .text.MX_TIM6_Init  tim.o
    0x08007444   0x08007444   0x0000005c   Code   RO          792    .text.MX_TIM7_Init  tim.o
    0x080074a0   0x080074a0   0x00000040   Code   RO          809    .text.MX_USART1_UART_Init  usart.o
    0x080074e0   0x080074e0   0x00000040   Code   RO          811    .text.MX_USART2_UART_Init  usart.o
    0x08007520   0x08007520   0x00000040   Code   RO          813    .text.MX_USART3_UART_Init  usart.o
    0x08007560   0x08007560   0x00000004   Code   RO          834    .text.MemManage_Handler  stm32f1xx_it.o
    0x08007564   0x08007564   0x00000004   Code   RO          830    .text.NMI_Handler   stm32f1xx_it.o
    0x08007568   0x08007568   0x0000006c   Code   RO         1072    .text.NVIC_EncodePriority  stm32f1xx_hal_cortex.o
    0x080075d4   0x080075d4   0x00000002   Code   RO          844    .text.PendSV_Handler  stm32f1xx_it.o
    0x080075d6   0x080075d6   0x00000002   PAD
    0x080075d8   0x080075d8   0x0000003a   Code   RO          956    .text.RCC_Delay     stm32f1xx_hal_rcc.o
    0x08007612   0x08007612   0x00000002   PAD
    0x08007614   0x08007614   0x00000048   Code   RO         1459    .text.SDIO_ConfigData  stm32f1xx_ll_sdmmc.o
    0x0800765c   0x0800765c   0x0000000e   Code   RO         1455    .text.SDIO_GetCommandResponse  stm32f1xx_ll_sdmmc.o
    0x0800766a   0x0800766a   0x00000002   PAD
    0x0800766c   0x0800766c   0x00000010   Code   RO         1451    .text.SDIO_GetPowerState  stm32f1xx_ll_sdmmc.o
    0x0800767c   0x0800767c   0x00000018   Code   RO         1457    .text.SDIO_GetResponse  stm32f1xx_ll_sdmmc.o
    0x08007694   0x08007694   0x00000010   Code   RO          856    .text.SDIO_IRQHandler  stm32f1xx_it.o
    0x080076a4   0x080076a4   0x0000005a   Code   RO         1441    .text.SDIO_Init     stm32f1xx_ll_sdmmc.o
    0x080076fe   0x080076fe   0x00000002   PAD
    0x08007700   0x08007700   0x00000010   Code   RO         1447    .text.SDIO_PowerState_ON  stm32f1xx_ll_sdmmc.o
    0x08007710   0x08007710   0x0000000e   Code   RO         1443    .text.SDIO_ReadFIFO  stm32f1xx_ll_sdmmc.o
    0x0800771e   0x0800771e   0x00000002   PAD
    0x08007720   0x08007720   0x00000042   Code   RO         1453    .text.SDIO_SendCommand  stm32f1xx_ll_sdmmc.o
    0x08007762   0x08007762   0x00000002   PAD
    0x08007764   0x08007764   0x00000016   Code   RO         1445    .text.SDIO_WriteFIFO  stm32f1xx_ll_sdmmc.o
    0x0800777a   0x0800777a   0x00000002   PAD
    0x0800777c   0x0800777c   0x0000003c   Code   RO         1501    .text.SDMMC_CmdAppCommand  stm32f1xx_ll_sdmmc.o
    0x080077b8   0x080077b8   0x0000003c   Code   RO         1503    .text.SDMMC_CmdAppOperCommand  stm32f1xx_ll_sdmmc.o
    0x080077f4   0x080077f4   0x0000003c   Code   RO         1467    .text.SDMMC_CmdBlockLength  stm32f1xx_ll_sdmmc.o
    0x08007830   0x08007830   0x0000002c   Code   RO         1493    .text.SDMMC_CmdGoIdleState  stm32f1xx_ll_sdmmc.o
    0x0800785c   0x0800785c   0x00000034   Code   RO         1497    .text.SDMMC_CmdOperCond  stm32f1xx_ll_sdmmc.o
    0x08007890   0x08007890   0x0000003c   Code   RO         1473    .text.SDMMC_CmdReadMultiBlock  stm32f1xx_ll_sdmmc.o
    0x080078cc   0x080078cc   0x0000003c   Code   RO         1471    .text.SDMMC_CmdReadSingleBlock  stm32f1xx_ll_sdmmc.o
    0x08007908   0x08007908   0x0000003e   Code   RO         1491    .text.SDMMC_CmdSelDesel  stm32f1xx_ll_sdmmc.o
    0x08007946   0x08007946   0x00000002   PAD
    0x08007948   0x08007948   0x00000030   Code   RO         1511    .text.SDMMC_CmdSendCID  stm32f1xx_ll_sdmmc.o
    0x08007978   0x08007978   0x00000034   Code   RO         1515    .text.SDMMC_CmdSendCSD  stm32f1xx_ll_sdmmc.o
    0x080079ac   0x080079ac   0x0000003c   Code   RO         1523    .text.SDMMC_CmdSendStatus  stm32f1xx_ll_sdmmc.o
    0x080079e8   0x080079e8   0x00000038   Code   RO         1517    .text.SDMMC_CmdSetRelAdd  stm32f1xx_ll_sdmmc.o
    0x08007a20   0x08007a20   0x0000003c   Code   RO         1489    .text.SDMMC_CmdStopTransfer  stm32f1xx_ll_sdmmc.o
    0x08007a5c   0x08007a5c   0x0000003c   Code   RO         1477    .text.SDMMC_CmdWriteMultiBlock  stm32f1xx_ll_sdmmc.o
    0x08007a98   0x08007a98   0x0000003c   Code   RO         1475    .text.SDMMC_CmdWriteSingleBlock  stm32f1xx_ll_sdmmc.o
    0x08007ad4   0x08007ad4   0x0000005a   Code   RO         1495    .text.SDMMC_GetCmdError  stm32f1xx_ll_sdmmc.o
    0x08007b2e   0x08007b2e   0x00000002   PAD
    0x08007b30   0x08007b30   0x00000246   Code   RO         1469    .text.SDMMC_GetCmdResp1  stm32f1xx_ll_sdmmc.o
    0x08007d76   0x08007d76   0x00000002   PAD
    0x08007d78   0x08007d78   0x000000a8   Code   RO         1513    .text.SDMMC_GetCmdResp2  stm32f1xx_ll_sdmmc.o
    0x08007e20   0x08007e20   0x00000092   Code   RO         1505    .text.SDMMC_GetCmdResp3  stm32f1xx_ll_sdmmc.o
    0x08007eb2   0x08007eb2   0x00000002   PAD
    0x08007eb4   0x08007eb4   0x00000114   Code   RO         1519    .text.SDMMC_GetCmdResp6  stm32f1xx_ll_sdmmc.o
    0x08007fc8   0x08007fc8   0x000000b6   Code   RO         1499    .text.SDMMC_GetCmdResp7  stm32f1xx_ll_sdmmc.o
    0x0800807e   0x0800807e   0x00000002   PAD
    0x08008080   0x08008080   0x0000006c   Code   RO         1590    .text.SD_DMARxAbort  stm32f1xx_hal_sd.o
    0x080080ec   0x080080ec   0x0000006c   Code   RO         1588    .text.SD_DMATxAbort  stm32f1xx_hal_sd.o
    0x08008158   0x08008158   0x0000018a   Code   RO         1548    .text.SD_InitCard   stm32f1xx_hal_sd.o
    0x080082e2   0x080082e2   0x00000002   PAD
    0x080082e4   0x080082e4   0x0000013e   Code   RO         1546    .text.SD_PowerON    stm32f1xx_hal_sd.o
    0x08008422   0x08008422   0x00000002   PAD
    0x08008424   0x08008424   0x0000009c   Code   RO         1578    .text.SD_Read_IT    stm32f1xx_hal_sd.o
    0x080084c0   0x080084c0   0x0000004e   Code   RO         1616    .text.SD_SendStatus  stm32f1xx_hal_sd.o
    0x0800850e   0x0800850e   0x00000002   PAD
    0x08008510   0x08008510   0x000000a8   Code   RO         1586    .text.SD_Write_IT   stm32f1xx_hal_sd.o
    0x080085b8   0x080085b8   0x0000003c   Code   RO         2362    .text.SD_initialize  sd_diskio.o
    0x080085f4   0x080085f4   0x000000a0   Code   RO         2370    .text.SD_ioctl      sd_diskio.o
    0x08008694   0x08008694   0x0000006c   Code   RO         2366    .text.SD_read       sd_diskio.o
    0x08008700   0x08008700   0x0000003c   Code   RO         2364    .text.SD_status     sd_diskio.o
    0x0800873c   0x0800873c   0x0000006c   Code   RO         2368    .text.SD_write      sd_diskio.o
    0x080087a8   0x080087a8   0x00000002   Code   RO          840    .text.SVC_Handler   stm32f1xx_it.o
    0x080087aa   0x080087aa   0x00000002   PAD
    0x080087ac   0x080087ac   0x00000052   Code   RO         1088    .text.SysTick_Config  stm32f1xx_hal_cortex.o
    0x080087fe   0x080087fe   0x00000002   PAD
    0x08008800   0x08008800   0x0000000c   Code   RO          846    .text.SysTick_Handler  stm32f1xx_it.o
    0x0800880c   0x0800880c   0x0000006c   Code   RO          724    .text.SystemClock_Config  main.o
    0x08008878   0x08008878   0x00000002   Code   RO         2098    .text.SystemInit    system_stm32f1xx.o
    0x0800887a   0x0800887a   0x00000002   PAD
    0x0800887c   0x0800887c   0x00000010   Code   RO          858    .text.TIM6_IRQHandler  stm32f1xx_it.o
    0x0800888c   0x0800888c   0x00000010   Code   RO          860    .text.TIM7_IRQHandler  stm32f1xx_it.o
    0x0800889c   0x0800889c   0x00000140   Code   RO         1635    .text.TIM_Base_SetConfig  stm32f1xx_hal_tim.o
    0x080089dc   0x080089dc   0x00000036   Code   RO         1669    .text.TIM_CCxChannelCmd  stm32f1xx_hal_tim.o
    0x08008a12   0x08008a12   0x00000002   PAD
    0x08008a14   0x08008a14   0x00000034   Code   RO         1821    .text.TIM_ETR_SetConfig  stm32f1xx_hal_tim.o
    0x08008a48   0x08008a48   0x0000002a   Code   RO         1827    .text.TIM_ITRx_SetConfig  stm32f1xx_hal_tim.o
    0x08008a72   0x08008a72   0x00000002   PAD
    0x08008a74   0x08008a74   0x000000ee   Code   RO         1779    .text.TIM_OC1_SetConfig  stm32f1xx_hal_tim.o
    0x08008b62   0x08008b62   0x00000002   PAD
    0x08008b64   0x08008b64   0x000000f8   Code   RO         1781    .text.TIM_OC2_SetConfig  stm32f1xx_hal_tim.o
    0x08008c5c   0x08008c5c   0x000000f6   Code   RO         1783    .text.TIM_OC3_SetConfig  stm32f1xx_hal_tim.o
    0x08008d52   0x08008d52   0x00000002   PAD
    0x08008d54   0x08008d54   0x000000a6   Code   RO         1785    .text.TIM_OC4_SetConfig  stm32f1xx_hal_tim.o
    0x08008dfa   0x08008dfa   0x00000002   PAD
    0x08008dfc   0x08008dfc   0x00000050   Code   RO         1825    .text.TIM_TI1_ConfigInputStage  stm32f1xx_hal_tim.o
    0x08008e4c   0x08008e4c   0x00000052   Code   RO         1829    .text.TIM_TI2_ConfigInputStage  stm32f1xx_hal_tim.o
    0x08008e9e   0x08008e9e   0x00000002   PAD
    0x08008ea0   0x08008ea0   0x00000020   Code   RO         2055    .text.UART_DMAAbortOnError  stm32f1xx_hal_uart.o
    0x08008ec0   0x08008ec0   0x00000094   Code   RO         2015    .text.UART_EndRxTransfer  stm32f1xx_hal_uart.o
    0x08008f54   0x08008f54   0x00000026   Code   RO         2063    .text.UART_EndTransmit_IT  stm32f1xx_hal_uart.o
    0x08008f7a   0x08008f7a   0x00000002   PAD
    0x08008f7c   0x08008f7c   0x0000016a   Code   RO         2053    .text.UART_Receive_IT  stm32f1xx_hal_uart.o
    0x080090e6   0x080090e6   0x00000002   PAD
    0x080090e8   0x080090e8   0x000000ba   Code   RO         1971    .text.UART_SetConfig  stm32f1xx_hal_uart.o
    0x080091a2   0x080091a2   0x00000002   PAD
    0x080091a4   0x080091a4   0x00000062   Code   RO         1993    .text.UART_Start_Receive_IT  stm32f1xx_hal_uart.o
    0x08009206   0x08009206   0x00000002   PAD
    0x08009208   0x08009208   0x00000094   Code   RO         2061    .text.UART_Transmit_IT  stm32f1xx_hal_uart.o
    0x0800929c   0x0800929c   0x000000d2   Code   RO         1985    .text.UART_WaitOnFlagUntilTimeout  stm32f1xx_hal_uart.o
    0x0800936e   0x0800936e   0x00000002   PAD
    0x08009370   0x08009370   0x00000010   Code   RO          850    .text.USART1_IRQHandler  stm32f1xx_it.o
    0x08009380   0x08009380   0x00000010   Code   RO          852    .text.USART2_IRQHandler  stm32f1xx_it.o
    0x08009390   0x08009390   0x00000010   Code   RO          854    .text.USART3_IRQHandler  stm32f1xx_it.o
    0x080093a0   0x080093a0   0x00000004   Code   RO          838    .text.UsageFault_Handler  stm32f1xx_it.o
    0x080093a4   0x080093a4   0x00000030   Code   RO         1076    .text.__NVIC_EnableIRQ  stm32f1xx_hal_cortex.o
    0x080093d4   0x080093d4   0x00000010   Code   RO         1068    .text.__NVIC_GetPriorityGrouping  stm32f1xx_hal_cortex.o
    0x080093e4   0x080093e4   0x00000042   Code   RO         1070    .text.__NVIC_SetPriority  stm32f1xx_hal_cortex.o
    0x08009426   0x08009426   0x00000002   PAD
    0x08009428   0x08009428   0x0000003c   Code   RO         1064    .text.__NVIC_SetPriorityGrouping  stm32f1xx_hal_cortex.o
    0x08009464   0x08009464   0x00000164   Code   RO          358    .text.atan2_approx  maths.o
    0x080095c8   0x080095c8   0x00000392   Code   RO          660    .text.attitude_ctrl  attitude_control.o
    0x0800995a   0x0800995a   0x00000002   PAD
    0x0800995c   0x0800995c   0x000000b0   Code   RO          658    .text.attitude_ctrl_init  attitude_control.o
    0x08009a0c   0x08009a0c   0x00000024   Code   RO          186    .text.black_box_close  blackbox.o
    0x08009a30   0x08009a30   0x00000060   Code   RO          166    .text.black_box_create_file  blackbox.o
    0x08009a90   0x08009a90   0x0000005c   Code   RO          164    .text.black_box_init  blackbox.o
    0x08009aec   0x08009aec   0x0000004e   Code   RO          182    .text.black_box_load  blackbox.o
    0x08009b3a   0x08009b3a   0x00000002   PAD
    0x08009b3c   0x08009b3c   0x00000066   Code   RO          168    .text.black_box_open_file  blackbox.o
    0x08009ba2   0x08009ba2   0x00000002   PAD
    0x08009ba4   0x08009ba4   0x000000b0   Code   RO          172    .text.black_box_pack_float  blackbox.o
    0x08009c54   0x08009c54   0x0000014c   Code   RO          176    .text.black_box_pack_int  blackbox.o
    0x08009da0   0x08009da0   0x0000007c   Code   RO          180    .text.black_box_pack_str  blackbox.o
    0x08009e1c   0x08009e1c   0x00000024   Code   RO          184    .text.black_box_sync  blackbox.o
    0x08009e40   0x08009e40   0x000000c4   Code   RO         2291    .text.check_fs      ff.o
    0x08009f04   0x08009f04   0x0000003c   Code   RO         2297    .text.chk_chr       ff.o
    0x08009f40   0x08009f40   0x0000011c   Code   RO         2207    .text.chk_lock      ff.o
    0x0800a05c   0x0800a05c   0x00000050   Code   RO         2199    .text.clear_lock    ff.o
    0x0800a0ac   0x0800a0ac   0x00000078   Code   RO         2225    .text.clmt_clust    ff.o
    0x0800a124   0x0800a124   0x00000042   Code   RO         2187    .text.clust2sect    ff.o
    0x0800a166   0x0800a166   0x00000002   PAD
    0x0800a168   0x0800a168   0x000000da   Code   RO         2299    .text.cmp_lfn       ff.o
    0x0800a242   0x0800a242   0x00000002   PAD
    0x0800a244   0x0800a244   0x00000090   Code   RO          211    .text.compassInit   compass.o
    0x0800a2d4   0x0800a2d4   0x0000051c   Code   RO          219    .text.compass_calibrate  compass.o
    0x0800a7f0   0x0800a7f0   0x000000a2   Code   RO          213    .text.compass_get   compass.o
    0x0800a892   0x0800a892   0x00000002   PAD
    0x0800a894   0x0800a894   0x00000034   Code   RO          494    .text.constrain     pwm.o
    0x0800a8c8   0x0800a8c8   0x00000034   Code   RO          662    .text.constrain     attitude_control.o
    0x0800a8fc   0x0800a8fc   0x0000003a   Code   RO          423    .text.constrainf    pid.o
    0x0800a936   0x0800a936   0x00000002   PAD
    0x0800a938   0x0800a938   0x0000001c   Code   RO          356    .text.cos_approx    maths.o
    0x0800a954   0x0800a954   0x0000016e   Code   RO         2231    .text.create_chain  ff.o
    0x0800aac2   0x0800aac2   0x00000002   PAD
    0x0800aac4   0x0800aac4   0x00000446   Code   RO         2293    .text.create_name   ff.o
    0x0800af0a   0x0800af0a   0x00000002   PAD
    0x0800af0c   0x0800af0c   0x0000009e   Code   RO         2239    .text.dec_lock      ff.o
    0x0800afaa   0x0800afaa   0x00000002   PAD
    0x0800afac   0x0800afac   0x000000ac   Code   RO         2307    .text.dir_alloc     ff.o
    0x0800b058   0x0800b058   0x000001de   Code   RO         2295    .text.dir_find      ff.o
    0x0800b236   0x0800b236   0x00000002   PAD
    0x0800b238   0x0800b238   0x0000026e   Code   RO         2255    .text.dir_next      ff.o
    0x0800b4a6   0x0800b4a6   0x00000002   PAD
    0x0800b4a8   0x0800b4a8   0x0000024a   Code   RO         2211    .text.dir_register  ff.o
    0x0800b6f2   0x0800b6f2   0x00000002   PAD
    0x0800b6f4   0x0800b6f4   0x00000198   Code   RO         2245    .text.dir_sdi       ff.o
    0x0800b88c   0x0800b88c   0x00000050   Code   RO         2170    .text.disk_initialize  diskio.o
    0x0800b8dc   0x0800b8dc   0x0000003a   Code   RO         2176    .text.disk_ioctl    diskio.o
    0x0800b916   0x0800b916   0x00000002   PAD
    0x0800b918   0x0800b918   0x0000003c   Code   RO         2172    .text.disk_read     diskio.o
    0x0800b954   0x0800b954   0x0000002e   Code   RO         2168    .text.disk_status   diskio.o
    0x0800b982   0x0800b982   0x00000002   PAD
    0x0800b984   0x0800b984   0x0000003c   Code   RO         2174    .text.disk_write    diskio.o
    0x0800b9c0   0x0800b9c0   0x0000004e   Code   RO         2209    .text.enq_lock      ff.o
    0x0800ba0e   0x0800ba0e   0x00000002   PAD
    0x0800ba10   0x0800ba10   0x0000005a   Code   RO         2237    .text.f_close       ff.o
    0x0800ba6a   0x0800ba6a   0x00000002   PAD
    0x0800ba6c   0x0800ba6c   0x000005cc   Code   RO         2241    .text.f_lseek       ff.o
    0x0800c038   0x0800c038   0x000000ac   Code   RO         2195    .text.f_mount       ff.o
    0x0800c0e4   0x0800c0e4   0x00000436   Code   RO         2203    .text.f_open        ff.o
    0x0800c51a   0x0800c51a   0x00000002   PAD
    0x0800c51c   0x0800c51c   0x00000066   Code   RO         2287    .text.f_puts        ff.o
    0x0800c582   0x0800c582   0x00000002   PAD
    0x0800c584   0x0800c584   0x00000154   Code   RO         2233    .text.f_sync        ff.o
    0x0800c6d8   0x0800c6d8   0x00000428   Code   RO         2229    .text.f_write       ff.o
    0x0800cb00   0x0800cb00   0x000000aa   Code   RO         2348    .text.ff_convert    ccsbcs.o
    0x0800cbaa   0x0800cbaa   0x00000002   PAD
    0x0800cbac   0x0800cbac   0x00000084   Code   RO         2350    .text.ff_wtoupper   ccsbcs.o
    0x0800cc30   0x0800cc30   0x0000057c   Code   RO         2201    .text.find_volume   ff.o
    0x0800d1ac   0x0800d1ac   0x000000d4   Code   RO         2309    .text.fit_lfn       ff.o
    0x0800d280   0x0800d280   0x000000fc   Code   RO         2205    .text.follow_path   ff.o
    0x0800d37c   0x0800d37c   0x00000148   Code   RO         2305    .text.gen_numname   ff.o
    0x0800d4c4   0x0800d4c4   0x0000018e   Code   RO         2189    .text.get_fat       ff.o
    0x0800d652   0x0800d652   0x00000002   PAD
    0x0800d654   0x0800d654   0x00000004   Code   RO         2155    .text.get_fattime   fatfs.o
    0x0800d658   0x0800d658   0x000000a8   Code   RO         2197    .text.get_ldnumber  ff.o
    0x0800d700   0x0800d700   0x00000038   Code   RO          257    .text.gps_callback  gps.o
    0x0800d738   0x0800d738   0x000000de   Code   RO          249    .text.gps_init      gps.o
    0x0800d816   0x0800d816   0x00000002   PAD
    0x0800d818   0x0800d818   0x0000000c   Code   RO          251    .text.gps_uart_port  gps.o
    0x0800d824   0x0800d824   0x00000168   Code   RO          300    .text.gyro_read     imu.o
    0x0800d98c   0x0800d98c   0x0000006c   Code   RO           43    .text.hmc_get_raw   hmc5883.o
    0x0800d9f8   0x0800d9f8   0x00000182   Code   RO          452    .text.i2cDectect    sensordetect.o
    0x0800db7a   0x0800db7a   0x00000002   PAD
    0x0800db7c   0x0800db7c   0x000000b0   Code   RO          132    .text.ibusDataReceive  ibus.o
    0x0800dc2c   0x0800dc2c   0x00000112   Code   RO          128    .text.ibusFrameComplete  ibus.o
    0x0800dd3e   0x0800dd3e   0x00000002   PAD
    0x0800dd40   0x0800dd40   0x0000006a   Code   RO          130    .text.ibus_calback  ibus.o
    0x0800ddaa   0x0800ddaa   0x00000002   PAD
    0x0800ddac   0x0800ddac   0x00000062   Code   RO          122    .text.ibus_init     ibus.o
    0x0800de0e   0x0800de0e   0x00000002   PAD
    0x0800de10   0x0800de10   0x0000005c   Code   RO          126    .text.ibus_run      ibus.o
    0x0800de6c   0x0800de6c   0x0000000c   Code   RO          124    .text.ibus_uart_port  ibus.o
    0x0800de78   0x0800de78   0x000000b4   Code   RO          294    .text.imu_calibrate  imu.o
    0x0800df2c   0x0800df2c   0x00000a9c   Code   RO          298    .text.imu_update_ahrs  imu.o
    0x0800e9c8   0x0800e9c8   0x0000019c   Code   RO         2219    .text.inc_lock      ff.o
    0x0800eb64   0x0800eb64   0x0000008a   Code   RO          490    .text.initPWM       pwm.o
    0x0800ebee   0x0800ebee   0x00000002   PAD
    0x0800ebf0   0x0800ebf0   0x000000fc   Code   RO          630    .text.init_scheduler  scheduler.o
    0x0800ecec   0x0800ecec   0x00000086   Code   RO          178    .text.intToStr      blackbox.o
    0x0800ed72   0x0800ed72   0x00000002   PAD
    0x0800ed74   0x0800ed74   0x00000058   Code   RO          410    .text.invSqrt_      maths.o
    0x0800edcc   0x0800edcc   0x00000034   Code   RO         2213    .text.ld_clust      ff.o
    0x0800ee00   0x0800ee00   0x0000004c   Code   RO          722    .text.main          main.o
    0x0800ee4c   0x0800ee4c   0x0000000e   Code   RO          614    .text.main_loop     plane.o
    0x0800ee5a   0x0800ee5a   0x00000002   PAD
    0x0800ee5c   0x0800ee5c   0x00000064   Code   RO          567    .text.mavlink_tx_cpl_callback  mavlink_handler.o
    0x0800eec0   0x0800eec0   0x0000000c   Code   RO          549    .text.mavlink_uart_port  mavlink_handler.o
    0x0800eecc   0x0800eecc   0x00000052   Code   RO         2303    .text.mem_cmp       ff.o
    0x0800ef1e   0x0800ef1e   0x00000002   PAD
    0x0800ef20   0x0800ef20   0x00000032   Code   RO         2227    .text.mem_cpy       ff.o
    0x0800ef52   0x0800ef52   0x00000002   PAD
    0x0800ef54   0x0800ef54   0x00000028   Code   RO         2271    .text.mem_set       ff.o
    0x0800ef7c   0x0800ef7c   0x00000068   Code   RO         2191    .text.move_window   ff.o
    0x0800efe4   0x0800efe4   0x00000028   Code   RO           65    .text.mpu6050Connection  mpu6050.o
    0x0800f00c   0x0800f00c   0x00000084   Code   RO           73    .text.mpu6050_acc_get_raw  mpu6050.o
    0x0800f090   0x0800f090   0x00000078   Code   RO           71    .text.mpu6050_gyro_get_raw  mpu6050.o
    0x0800f108   0x0800f108   0x000000dc   Code   RO           69    .text.mpu6050_init  mpu6050.o
    0x0800f1e4   0x0800f1e4   0x00000092   Code   RO           88    .text.ms5611_init   ms5611.o
    0x0800f276   0x0800f276   0x00000002   PAD
    0x0800f278   0x0800f278   0x00000048   Code   RO           92    .text.ms5611_prom   ms5611.o
    0x0800f2c0   0x0800f2c0   0x00000062   Code   RO           98    .text.ms5611_read_adc  ms5611.o
    0x0800f322   0x0800f322   0x00000002   PAD
    0x0800f324   0x0800f324   0x0000002e   Code   RO           90    .text.ms5611_reset  ms5611.o
    0x0800f352   0x0800f352   0x00000002   PAD
    0x0800f354   0x0800f354   0x000000c0   Code   RO           94    .text.ms5611_start  ms5611.o
    0x0800f414   0x0800f414   0x0000049c   Code   RO          100    .text.ms_5611_readout  ms5611.o
    0x0800f8b0   0x0800f8b0   0x00000028   Code   RO          196    .text.n_tu          blackbox.o
    0x0800f8d8   0x0800f8d8   0x000002b2   Code   RO          255    .text.newdata       gps.o
    0x0800fb8a   0x0800fb8a   0x00000002   PAD
    0x0800fb8c   0x0800fb8c   0x00000214   Code   RO          259    .text.parse_msg     gps.o
    0x0800fda0   0x0800fda0   0x00000136   Code   RO          421    .text.pid_cal       pid.o
    0x0800fed6   0x0800fed6   0x00000002   PAD
    0x0800fed8   0x0800fed8   0x0000005a   Code   RO          419    .text.pid_init      pid.o
    0x0800ff32   0x0800ff32   0x00000002   PAD
    0x0800ff34   0x0800ff34   0x0000023c   Code   RO         2193    .text.put_fat       ff.o
    0x08010170   0x08010170   0x0000007a   Code   RO         2285    .text.putc_bfd      ff.o
    0x080101ea   0x080101ea   0x00000002   PAD
    0x080101ec   0x080101ec   0x00000066   Code   RO          498    .text.pwm_systick_callback  pwm.o
    0x08010252   0x08010252   0x00000002   PAD
    0x08010254   0x08010254   0x00000066   Code   RO          151    .text.qmc5883_init  qmc5883.o
    0x080102ba   0x080102ba   0x00000002   PAD
    0x080102bc   0x080102bc   0x00000066   Code   RO          153    .text.qmc_get_raw   qmc5883.o
    0x08010322   0x08010322   0x00000002   PAD
    0x08010324   0x08010324   0x000000ea   Code   RO          217    .text.read_calibrate_file  compass.o
    0x0801040e   0x0801040e   0x00000002   PAD
    0x08010410   0x08010410   0x000000c4   Code   RO         2217    .text.remove_chain  ff.o
    0x080104d4   0x080104d4   0x00000048   Code   RO          194    .text.reverse       blackbox.o
    0x0801051c   0x0801051c   0x00000028   Code   RO           96    .text.send_cmd      ms5611.o
    0x08010544   0x08010544   0x0000012c   Code   RO          354    .text.sin_approx    maths.o
    0x08010670   0x08010670   0x00000028   Code   RO         2215    .text.st_clust      ff.o
    0x08010698   0x08010698   0x00000190   Code   RO          632    .text.start_scheduler  scheduler.o
    0x08010828   0x08010828   0x0000003e   Code   RO         2301    .text.sum_sfn       ff.o
    0x08010866   0x08010866   0x00000002   PAD
    0x08010868   0x08010868   0x00000136   Code   RO         2235    .text.sync_fs       ff.o
    0x0801099e   0x0801099e   0x00000002   PAD
    0x080109a0   0x080109a0   0x000000ac   Code   RO         2269    .text.sync_window   ff.o
    0x08010a4c   0x08010a4c   0x000001fa   Code   RO          634    .text.task_black_box  scheduler.o
    0x08010c46   0x08010c46   0x00000002   PAD
    0x08010c48   0x08010c48   0x00000014   Code   RO          638    .text.task_check_gps_fix  scheduler.o
    0x08010c5c   0x08010c5c   0x0000000c   Code   RO          473    .text.timer_name    timer.o
    0x08010c68   0x08010c68   0x0000001c   Code   RO          471    .text.timer_start   timer.o
    0x08010c84   0x08010c84   0x0000004c   Code   RO          636    .text.tonggle_green_led  scheduler.o
    0x08010cd0   0x08010cd0   0x00000074   Code   RO         2223    .text.validate      ff.o
    0x08010d44   0x08010d44   0x000000c4   Code   RO          492    .text.writePwm      pwm.o
    0x08010e08   0x08010e08   0x00000084   Code   RO          496    .text.write_pwm_ctrl  pwm.o
    0x08010e8c   0x08010e8c   0x00000028   Code   RO         2599    i.__ARM_fpclassify  m_ws.l(fpclassify.o)
    0x08010eb4   0x08010eb4   0x000000aa   Code   RO         2617    i.__kernel_poly     m_ws.l(poly.o)
    0x08010f5e   0x08010f5e   0x00000002   PAD
    0x08010f60   0x08010f60   0x00000010   Code   RO         2585    i.__mathlib_dbl_divzero  m_ws.l(dunder.o)
    0x08010f70   0x08010f70   0x00000004   Code   RO         2587    i.__mathlib_dbl_infnan2  m_ws.l(dunder.o)
    0x08010f74   0x08010f74   0x0000000c   Code   RO         2588    i.__mathlib_dbl_invalid  m_ws.l(dunder.o)
    0x08010f80   0x08010f80   0x0000000e   Code   RO         2589    i.__mathlib_dbl_overflow  m_ws.l(dunder.o)
    0x08010f8e   0x08010f8e   0x00000002   PAD
    0x08010f90   0x08010f90   0x00000010   Code   RO         2591    i.__mathlib_dbl_underflow  m_ws.l(dunder.o)
    0x08010fa0   0x08010fa0   0x000009ec   Code   RO         2463    i.pow               m_ws.l(pow.o)
    0x0801198c   0x0801198c   0x0000004c   Code   RO         2473    i.sqrt              m_ws.l(sqrt.o)
    0x080119d8   0x080119d8   0x0000002c   Code   RO         2477    i.sqrtf             m_ws.l(sqrtf.o)
    0x08011a04   0x08011a04   0x00000062   Code   RO         2396    x$fpl$d2f           fz_ws.l(d2f.o)
    0x08011a66   0x08011a66   0x00000002   PAD
    0x08011a68   0x08011a68   0x00000150   Code   RO         2398    x$fpl$dadd          fz_ws.l(daddsub_clz.o)
    0x08011bb8   0x08011bb8   0x00000010   Code   RO         2722    x$fpl$dcheck1       fz_ws.l(dcheck1.o)
    0x08011bc8   0x08011bc8   0x00000018   Code   RO         2724    x$fpl$dcmpinf       fz_ws.l(dcmpi.o)
    0x08011be0   0x08011be0   0x000002b4   Code   RO         2407    x$fpl$ddiv          fz_ws.l(ddiv.o)
    0x08011e94   0x08011e94   0x00000078   Code   RO         2547    x$fpl$deqf          fz_ws.l(deqf.o)
    0x08011f0c   0x08011f0c   0x0000005e   Code   RO         2410    x$fpl$dfix          fz_ws.l(dfix.o)
    0x08011f6a   0x08011f6a   0x0000002e   Code   RO         2419    x$fpl$dflt          fz_ws.l(dflt_clz.o)
    0x08011f98   0x08011f98   0x00000026   Code   RO         2418    x$fpl$dfltu         fz_ws.l(dflt_clz.o)
    0x08011fbe   0x08011fbe   0x00000002   PAD
    0x08011fc0   0x08011fc0   0x00000078   Code   RO         2549    x$fpl$dgeqf         fz_ws.l(dgeqf.o)
    0x08012038   0x08012038   0x00000078   Code   RO         2551    x$fpl$dleqf         fz_ws.l(dleqf.o)
    0x080120b0   0x080120b0   0x00000154   Code   RO         2424    x$fpl$dmul          fz_ws.l(dmul.o)
    0x08012204   0x08012204   0x0000009c   Code   RO         2553    x$fpl$dnaninf       fz_ws.l(dnaninf.o)
    0x080122a0   0x080122a0   0x0000000c   Code   RO         2555    x$fpl$dretinf       fz_ws.l(dretinf.o)
    0x080122ac   0x080122ac   0x0000006c   Code   RO         2557    x$fpl$drleqf        fz_ws.l(drleqf.o)
    0x08012318   0x08012318   0x00000016   Code   RO         2399    x$fpl$drsb          fz_ws.l(daddsub_clz.o)
    0x0801232e   0x0801232e   0x00000002   PAD
    0x08012330   0x08012330   0x000001cc   Code   RO         2559    x$fpl$dsqrt         fz_ws.l(dsqrt_noumaal.o)
    0x080124fc   0x080124fc   0x000001dc   Code   RO         2400    x$fpl$dsub          fz_ws.l(daddsub_clz.o)
    0x080126d8   0x080126d8   0x00000056   Code   RO         2426    x$fpl$f2d           fz_ws.l(f2d.o)
    0x0801272e   0x0801272e   0x00000002   PAD
    0x08012730   0x08012730   0x000000c4   Code   RO         2428    x$fpl$fadd          fz_ws.l(faddsub_clz.o)
    0x080127f4   0x080127f4   0x00000054   Code   RO         2404    x$fpl$fcmp          fz_ws.l(dcmp.o)
    0x08012848   0x08012848   0x00000054   Code   RO         2434    x$fpl$fcmp          fz_ws.l(fcmp.o)
    0x0801289c   0x0801289c   0x00000018   Code   RO         2728    x$fpl$fcmpinf       fz_ws.l(fcmpi.o)
    0x080128b4   0x080128b4   0x00000184   Code   RO         2437    x$fpl$fdiv          fz_ws.l(fdiv.o)
    0x08012a38   0x08012a38   0x00000068   Code   RO         2561    x$fpl$feqf          fz_ws.l(feqf.o)
    0x08012aa0   0x08012aa0   0x00000036   Code   RO         2440    x$fpl$ffix          fz_ws.l(ffix.o)
    0x08012ad6   0x08012ad6   0x00000002   PAD
    0x08012ad8   0x08012ad8   0x00000030   Code   RO         2449    x$fpl$fflt          fz_ws.l(fflt_clz.o)
    0x08012b08   0x08012b08   0x00000060   Code   RO         2454    x$fpl$ffltll        fz_ws.l(ffltll_clz.o)
    0x08012b68   0x08012b68   0x00000026   Code   RO         2448    x$fpl$ffltu         fz_ws.l(fflt_clz.o)
    0x08012b8e   0x08012b8e   0x00000002   PAD
    0x08012b90   0x08012b90   0x00000068   Code   RO         2563    x$fpl$fgeqf         fz_ws.l(fgeqf.o)
    0x08012bf8   0x08012bf8   0x00000068   Code   RO         2565    x$fpl$fleqf         fz_ws.l(fleqf.o)
    0x08012c60   0x08012c60   0x00000102   Code   RO         2456    x$fpl$fmul          fz_ws.l(fmul.o)
    0x08012d62   0x08012d62   0x0000008c   Code   RO         2567    x$fpl$fnaninf       fz_ws.l(fnaninf.o)
    0x08012dee   0x08012dee   0x0000000a   Code   RO         2569    x$fpl$fretinf       fz_ws.l(fretinf.o)
    0x08012df8   0x08012df8   0x00000110   Code   RO         2571    x$fpl$fsqrt         fz_ws.l(fsqrt.o)
    0x08012f08   0x08012f08   0x000000ea   Code   RO         2430    x$fpl$fsub          fz_ws.l(faddsub_clz.o)
    0x08012ff2   0x08012ff2   0x00000002   PAD
    0x08012ff4   0x08012ff4   0x00000086   Code   RO         2444    x$fpl$llsfromf      fz_ws.l(ffixll.o)
    0x0801307a   0x0801307a   0x00000064   Code   RO         2770    x$fpl$retnan        fz_ws.l(retnan.o)
    0x080130de   0x080130de   0x0000005c   Code   RO         2575    x$fpl$scalbn        fz_ws.l(scalbn.o)
    0x0801313a   0x0801313a   0x00000030   Code   RO         2791    x$fpl$trapveneer    fz_ws.l(trapv.o)
    0x0801316a   0x0801316a   0x00000000   Code   RO         2579    x$fpl$usenofp       fz_ws.l(usenofp.o)
    0x0801316a   0x0801316a   0x00000006   PAD
    0x08013170   0x08013170   0x00000088   Data   RO         2464    .constdata          m_ws.l(pow.o)
    0x080131f8   0x080131f8   0x00000008   Data   RO         2619    .constdata          m_ws.l(qnan.o)
    0x08013200   0x08013200   0x00000010   Data   RO         2103    .rodata.AHBPrescTable  system_stm32f1xx.o
    0x08013210   0x08013210   0x00000008   Data   RO         2104    .rodata.APBPrescTable  system_stm32f1xx.o
    0x08013218   0x08013218   0x00000080   Data   RO         2320    .rodata.ExCvt       ff.o
    0x08013298   0x08013298   0x00000010   Data   RO          982    .rodata.HAL_RCC_GetSysClockFreq.aPLLMULFactorTable  stm32f1xx_hal_rcc.o
    0x080132a8   0x080132a8   0x00000002   Data   RO          983    .rodata.HAL_RCC_GetSysClockFreq.aPredivFactorTable  stm32f1xx_hal_rcc.o
    0x080132aa   0x080132aa   0x0000000d   Data   RO         2321    .rodata.LfnOfs      ff.o
    0x080132b7   0x080132b7   0x00000001   PAD
    0x080132b8   0x080132b8   0x00000014   Data   RO         2372    .rodata.SD_Driver   sd_diskio.o
    0x080132cc   0x080132cc   0x00000100   Data   RO         2352    .rodata.Tbl         ccsbcs.o
    0x080133cc   0x080133cc   0x000001e0   Data   RO         2353    .rodata.ff_wtoupper.tbl_lower  ccsbcs.o
    0x080135ac   0x080135ac   0x000001e0   Data   RO         2354    .rodata.ff_wtoupper.tbl_upper  ccsbcs.o
    0x0801378c   0x0801378c   0x0000000c   Data   RO          227    .rodata.str1.1      compass.o
    0x08013798   0x08013798   0x0000005c   Data   RO          456    .rodata.str1.1      sensordetect.o
    0x080137f4   0x080137f4   0x00000042   Data   RO          642    .rodata.str1.1      scheduler.o
    0x08013836   0x08013836   0x00000044   Data   RO         2317    .rodata.str1.1      ff.o
    0x0801387a   0x0801387a   0x0000001c   Data   RO          268    .rodata.uart57600   gps.o
    0x08013896   0x08013896   0x000000a8   Data   RO          266    .rodata.ubloxInit   gps.o
    0x0801393e   0x0801393e   0x00000002   PAD
    0x08013940   0x08013940   0x00000020   Data   RO         2852    Region$$Table       anon$$obj.o


    Execution Region RW_IRAM1 (Exec base: 0x20000000, Load base: 0x08013960, Size: 0x00008090, Max: 0x0000c000, ABSOLUTE)

    Exec Addr    Load Addr    Size         Type   Attr      Idx    E Section Name        Object

    0x20000000   0x08013960   0x00000001   Data   RW         2373    .data.Stat          sd_diskio.o
    0x20000001   0x08013961   0x00000003   PAD
    0x20000004   0x08013964   0x00000004   Data   RW         2102    .data.SystemCoreClock  system_stm32f1xx.o
    0x20000008   0x08013968   0x0000000c   Data   RW          303    .data.config        imu.o
    0x20000014   0x08013974   0x00000010   Data   RW          221    .data.file_name     compass.o
    0x20000024   0x08013984   0x00000004   Data   RW          309    .data.imu_update_ahrs.q0  imu.o
    0x20000028   0x08013988   0x00000001   Data   RW          114    .data.ms_5611_readout.pr_start  ms5611.o
    0x20000029   0x08013989   0x00000003   PAD
    0x2000002c   0x0801398c   0x00000004   Data   RW          670    .data.pitch_trim    attitude_control.o
    0x20000030   0x08013990   0x00000002   Data   RW           48    .data.read_timeout  hmc5883.o
    0x20000032   0x08013992   0x00000002   PAD
    0x20000034   0x08013994   0x0000003c   Data   RW          457    .data.sensor_list   sensordetect.o
    0x20000070   0x080139d0   0x0000008c   Data   RW          640    .data.task          scheduler.o
    0x200000fc   0x08013a5c   0x00000010   Data   RW          267    .data.ubloxSbasInit  gps.o
    0x2000010c   0x08013a6c   0x00000001   Data   RW          943    .data.uwTickFreq    stm32f1xx_hal.o
    0x2000010d   0x08013a6d   0x00000003   PAD
    0x20000110   0x08013a70   0x00000004   Data   RW          942    .data.uwTickPrio    stm32f1xx_hal.o
    0x20000114   0x08013a74   0x00000004   PAD
    0x20000118        -       0x00000060   Zero   RW         2735    .bss                c_w.l(libspace.o)
    0x20000178        -       0x00000018   Zero   RW          322    .bss.AHRS           imu.o
    0x20000190        -       0x00000004   Zero   RW         2313    .bss.FatFs          ff.o
    0x20000194        -       0x00000018   Zero   RW         2318    .bss.Files          ff.o
    0x200001ac        -       0x00000002   Zero   RW         2319    .bss.Fsid           ff.o
    0x200001ae        -       0x00000200   Zero   RW         2314    .bss.LfnBuf         ff.o
    0x200003ae        -       0x00000004   Zero   RW         2157    .bss.SDPath         fatfs.o
    0x200003b2   0x08013a74   0x00000002   PAD
    0x200003b4        -       0x00000004   Zero   RW          112    .bss.TEMP           ms5611.o
    0x200003b8        -       0x00000004   Zero   RW          109    .bss._D1            ms5611.o
    0x200003bc        -       0x00000004   Zero   RW          110    .bss._D2            ms5611.o
    0x200003c0        -       0x00000002   Zero   RW          102    .bss._POFFSET       ms5611.o
    0x200003c2        -       0x00000002   Zero   RW          103    .bss._TOFFSET       ms5611.o
    0x200003c4        -       0x000000c8   Zero   RW          282    .bss._buffer        gps.o
    0x2000048c        -       0x00000001   Zero   RW          269    .bss._char          gps.o
    0x2000048d   0x08013a74   0x00000003   PAD
    0x20000490        -       0x00001030   Zero   RW          200    .bss._fs            blackbox.o
    0x200014c0        -       0x00000038   Zero   RW          262    .bss._gps           gps.o
    0x200014f8        -       0x00000004   Zero   RW          261    .bss._gpsUartPort   gps.o
    0x200014fc        -       0x00000004   Zero   RW          480    .bss._micros        timer.o
    0x20001500        -       0x00000001   Zero   RW          265    .bss._msg_id        gps.o
    0x20001501   0x08013a74   0x00000001   PAD
    0x20001502        -       0x00000002   Zero   RW          264    .bss._payload_counter  gps.o
    0x20001504        -       0x00000002   Zero   RW          263    .bss._payload_length  gps.o
    0x20001506   0x08013a74   0x00000002   PAD
    0x20001508        -       0x00000004   Zero   RW          276    .bss._therad_read_time_ms  gps.o
    0x2000150c        -       0x0000000c   Zero   RW          318    .bss.acc_Eframe     imu.o
    0x20001518        -       0x00000004   Zero   RW          106    .bss.baro_timer     ms5611.o
    0x2000151c        -       0x000011c4   Zero   RW          224    .bss.calib_file     compass.o
    0x200026e0        -       0x0000001c   Zero   RW          223    .bss.calibrate_value  compass.o
    0x200026fc        -       0x00000004   Zero   RW          319    .bss.cosz           imu.o
    0x20002700        -       0x000011c4   Zero   RW          641    .bss.data_test      scheduler.o
    0x200038c4        -       0x00000024   Zero   RW          226    .bss.device_array   compass.o
    0x200038e8        -       0x0000000c   Zero   RW         2339    .bss.disk           ff_gen_drv.o
    0x200038f4        -       0x00000001   Zero   RW          225    .bss.file_open      compass.o
    0x200038f5   0x08013a74   0x00000003   PAD
    0x200038f8        -       0x00000004   Zero   RW          272    .bss.gps_interrupt_count  gps.o
    0x200038fc        -       0x00000001   Zero   RW          664    .bss.gps_lost       attitude_control.o
    0x200038fd   0x08013a74   0x00000001   PAD
    0x200038fe        -       0x00000002   Zero   RW          305    .bss.gyr_offs_x     imu.o
    0x20003900        -       0x00000002   Zero   RW          306    .bss.gyr_offs_y     imu.o
    0x20003902        -       0x00000002   Zero   RW          307    .bss.gyr_offs_z     imu.o
    0x20003904        -       0x0000000c   Zero   RW          327    .bss.gyro_read.gyro_v  imu.o
    0x20003910        -       0x00000044   Zero   RW          776    .bss.hdma_sdio      sdio.o
    0x20003954        -       0x00000044   Zero   RW          822    .bss.hdma_usart2_rx  usart.o
    0x20003998        -       0x00000004   Zero   RW          104    .bss.hi2c           ms5611.o
    0x2000399c        -       0x00000054   Zero   RW          760    .bss.hi2c1          i2c.o
    0x200039f0        -       0x00000054   Zero   RW          761    .bss.hi2c2          i2c.o
    0x20003a44        -       0x00000084   Zero   RW          775    .bss.hsd            sdio.o
    0x20003ac8        -       0x00000048   Zero   RW          798    .bss.htim3          tim.o
    0x20003b10        -       0x00000048   Zero   RW          799    .bss.htim4          tim.o
    0x20003b58        -       0x00000048   Zero   RW          800    .bss.htim6          tim.o
    0x20003ba0        -       0x00000048   Zero   RW          801    .bss.htim7          tim.o
    0x20003be8        -       0x00000004   Zero   RW          500    .bss.htimm          pwm.o
    0x20003bec        -       0x00000004   Zero   RW          481    .bss.htimmz         timer.o
    0x20003bf0        -       0x00000048   Zero   RW          819    .bss.huart1         usart.o
    0x20003c38        -       0x00000048   Zero   RW          820    .bss.huart2         usart.o
    0x20003c80        -       0x00000048   Zero   RW          821    .bss.huart3         usart.o
    0x20003cc8        -       0x00000004   Zero   RW           79    .bss.i2c            mpu6050.o
    0x20003ccc        -       0x00000020   Zero   RW          142    .bss.ibus           ibus.o
    0x20003cec        -       0x00000028   Zero   RW          134    .bss.ibusChannelData  ibus.o
    0x20003d14        -       0x00000001   Zero   RW          141    .bss.ibusDataReceive.ibusFramePosition  ibus.o
    0x20003d15   0x08013a74   0x00000003   PAD
    0x20003d18        -       0x00000004   Zero   RW          140    .bss.ibusDataReceive.ibusTimeLast  ibus.o
    0x20003d1c        -       0x00000004   Zero   RW          143    .bss.ibusFrameDone  ibus.o
    0x20003d20        -       0x00000004   Zero   RW          139    .bss.ibus_interrupt_count  ibus.o
    0x20003d24        -       0x00000004   Zero   RW          137    .bss.ibus_interrupt_timer  ibus.o
    0x20003d28        -       0x00000002   Zero   RW          228    .bss.ignore_data    compass.o
    0x20003d2a   0x08013a74   0x00000002   PAD
    0x20003d2c        -       0x00000024   Zero   RW          313    .bss.imu_update_ahrs.dcm  imu.o
    0x20003d50        -       0x00000004   Zero   RW          310    .bss.imu_update_ahrs.q1  imu.o
    0x20003d54        -       0x00000004   Zero   RW          311    .bss.imu_update_ahrs.q2  imu.o
    0x20003d58        -       0x00000004   Zero   RW          312    .bss.imu_update_ahrs.q3  imu.o
    0x20003d5c        -       0x00000004   Zero   RW          315    .bss.integralFBx    imu.o
    0x20003d60        -       0x00000004   Zero   RW          316    .bss.integralFBy    imu.o
    0x20003d64        -       0x00000004   Zero   RW          317    .bss.integralFBz    imu.o
    0x20003d68        -       0x00000001   Zero   RW           80    .bss.isConnected    mpu6050.o
    0x20003d69        -       0x00000001   Zero   RW          308    .bss.isGyrocalibrated  imu.o
    0x20003d6a        -       0x00000001   Zero   RW          199    .bss.isSdcard_valid  blackbox.o
    0x20003d6b        -       0x00000001   Zero   RW          198    .bss.isSdcard_write  blackbox.o
    0x20003d6c        -       0x00000004   Zero   RW          589    .bss.isTxcpl        mavlink_handler.o
    0x20003d70        -       0x00000004   Zero   RW          643    .bss.loop_timeout   scheduler.o
    0x20003d74        -       0x00000002   Zero   RW          646    .bss.loop_us        scheduler.o
    0x20003d76        -       0x00000006   Zero   RW          314    .bss.mag            imu.o
    0x20003d7c        -       0x00000004   Zero   RW          644    .bss.max_excution_time_us  scheduler.o
    0x20003d80        -       0x00000004   Zero   RW          107    .bss.ms5611_altitude  ms5611.o
    0x20003d84        -       0x00000010   Zero   RW          108    .bss.ms5611_c       ms5611.o
    0x20003d94        -       0x00000004   Zero   RW          111    .bss.ms5611_pressure  ms5611.o
    0x20003d98        -       0x00000004   Zero   RW          113    .bss.ms_5611_readout.temp_  ms5611.o
    0x20003d9c        -       0x00000001   Zero   RW          283    .bss.newdata._ck_a  gps.o
    0x20003d9d        -       0x00000001   Zero   RW          284    .bss.newdata._ck_b  gps.o
    0x20003d9e        -       0x00000001   Zero   RW          285    .bss.newdata._step  gps.o
    0x20003d9f   0x08013a74   0x00000001   PAD
    0x20003da0        -       0x00000004   Zero   RW          286    .bss.newdata.current_time_ms  gps.o
    0x20003da4        -       0x00000004   Zero   RW          138    .bss.ngat_loi       ibus.o
    0x20003da8        -       0x00000004   Zero   RW          645    .bss.num_tasks      scheduler.o
    0x20003dac        -       0x00000001   Zero   RW          281    .bss.parse_msg._new_position  gps.o
    0x20003dad        -       0x00000001   Zero   RW          278    .bss.parse_msg._new_speed  gps.o
    0x20003dae   0x08013a74   0x00000002   PAD
    0x20003db0        -       0x00000004   Zero   RW          280    .bss.parse_msg.lastPosUpdateTime  gps.o
    0x20003db4        -       0x00000001   Zero   RW          279    .bss.parse_msg.next_fix  gps.o
    0x20003db5   0x08013a74   0x00000003   PAD
    0x20003db8        -       0x00000028   Zero   RW          668    .bss.pitch_angle    attitude_control.o
    0x20003de0        -       0x00000004   Zero   RW          678    .bss.pitch_cmd      attitude_control.o
    0x20003de4        -       0x00000004   Zero   RW          672    .bss.pitch_pid_filted  attitude_control.o
    0x20003de8        -       0x00000028   Zero   RW          667    .bss.pitch_rate     attitude_control.o
    0x20003e10        -       0x00000001   Zero   RW          501    .bss.pr_status      pwm.o
    0x20003e11   0x08013a74   0x00000003   PAD
    0x20003e14        -       0x00000004   Zero   RW          503    .bss.pwm_last_update_ms  pwm.o
    0x20003e18        -       0x00000001   Zero   RW          502    .bss.pwm_lock_status  pwm.o
    0x20003e19   0x08013a74   0x00000003   PAD
    0x20003e1c        -       0x00000004   Zero   RW           49    .bss.qmc_i2cport    hmc5883.o
    0x20003e20        -       0x00000004   Zero   RW          156    .bss.qmc_i2cport    qmc5883.o
    0x20003e24        -       0x00000001   Zero   RW          105    .bss.readStep       ms5611.o
    0x20003e25        -       0x00000001   Zero   RW         2158    .bss.retSD          fatfs.o
    0x20003e26   0x08013a74   0x00000002   PAD
    0x20003e28        -       0x00000028   Zero   RW          666    .bss.roll_angle     attitude_control.o
    0x20003e50        -       0x00000004   Zero   RW          677    .bss.roll_cmd       attitude_control.o
    0x20003e54        -       0x00000004   Zero   RW          671    .bss.roll_pid_filted  attitude_control.o
    0x20003e58        -       0x00000028   Zero   RW          665    .bss.roll_rate      attitude_control.o
    0x20003e80        -       0x00000004   Zero   RW          669    .bss.roll_trim      attitude_control.o
    0x20003e84        -       0x00000001   Zero   RW          136    .bss.rx_buff        ibus.o
    0x20003e85   0x08013a74   0x00000003   PAD
    0x20003e88        -       0x00000004   Zero   RW          602    .bss.send_time_us   mavlink_handler.o
    0x20003e8c        -       0x00000005   Zero   RW          458    .bss.sensor_        sensordetect.o
    0x20003e91   0x08013a74   0x00000003   PAD
    0x20003e94        -       0x000011c4   Zero   RW          459    .bss.sensor_file    sensordetect.o
    0x20005058        -       0x00000002   Zero   RW          673    .bss.servoL         attitude_control.o
    0x2000505a        -       0x00000002   Zero   RW          674    .bss.servoR         attitude_control.o
    0x2000505c        -       0x00000004   Zero   RW          320    .bss.siny           imu.o
    0x20005060        -       0x00000004   Zero   RW          321    .bss.sinz           imu.o
    0x20005064        -       0x00000002   Zero   RW          675    .bss.smooth_ch1     attitude_control.o
    0x20005066        -       0x00000002   Zero   RW          676    .bss.smooth_ch2     attitude_control.o
    0x20005068        -       0x00000004   Zero   RW          647    .bss.start_scheduler.counter  scheduler.o
    0x2000506c        -       0x00000004   Zero   RW          648    .bss.start_scheduler.timeUs  scheduler.o
    0x20005070        -       0x0000000c   Zero   RW          304    .bss.store_gyro     imu.o
    0x2000507c        -       0x00000004   Zero   RW          650    .bss.task_black_box.count  scheduler.o
    0x20005080        -       0x00000004   Zero   RW          601    .bss.temp           mavlink_handler.o
    0x20005084        -       0x00000004   Zero   RW          135    .bss.uart           ibus.o
    0x20005088        -       0x00000004   Zero   RW          593    .bss.uart           mavlink_handler.o
    0x2000508c        -       0x00000004   Zero   RW          944    .bss.uwTick         stm32f1xx_hal.o
    0x20005090        -       0x00001000   Zero   RW          713    HEAP                startup_stm32f103xe.o
    0x20006090        -       0x00002000   Zero   RW          712    STACK               startup_stm32f103xe.o


==============================================================================

Image component sizes


      Code (inc. data)   RO Data    RW Data    ZI Data      Debug   Object Name

      1230         12          0          0          0       6591   at24cxx_stm32_hal.o
      1142          0          0          4        189       2797   attitude_control.o
      1970          0          0          0       4146       6869   blackbox.o
       300          0          0          0          0       5810   bsp_driver_sd.o
       302          0       1216          0          0       1225   ccsbcs.o
      1848          0         12         16       4615       7555   compass.o
       304          0          0          0          0       1753   diskio.o
       106          0          0          0          0       2358   dma.o
        38          0          0          0          5       1848   fatfs.o
     14408          0        209          0        542      34057   ff.o
       146          0          0          0         12       2257   ff_gen_drv.o
       270          0          0          0          0       1560   gpio.o
      1512        112        196         16        288       7446   gps.o
       108          0          0          2          4       4584   hmc5883.o
       410          0          0          0        168       4603   i2c.o
       758          0          0          0         98       4609   ibus.o
      3256          0          0         16        145       5695   imu.o
       198          0          0          0          0       1645   main.o
       772          0          0          0          0       9922   maths.o
       112          0          0          0         16      10768   mavlink_handler.o
       512          0          0          0          5       4965   mpu6050.o
      1774          0          0          1         53       5412   ms5611.o
       458          0          0          0          0       1909   pid.o
        14          0          0          0          0        372   plane.o
       620          0          0          0         10       4610   pwm.o
       204          0          0          0          4       3762   qmc5883.o
      1396          0         66        140       4574       8367   scheduler.o
       496          4         20          1          0       2725   sd_diskio.o
       354          0          0          0        200       6000   sdio.o
       386          0         92         60       4553       5526   sensordetect.o
        64         26        304          0      12288        796   startup_stm32f103xe.o
       254          0          0          5          4       5884   stm32f1xx_hal.o
       482          0          0          0          0       7870   stm32f1xx_hal_cortex.o
      2828          0          0          0          0       7329   stm32f1xx_hal_dma.o
       984          0          0          0          0       4256   stm32f1xx_hal_gpio.o
      7568          0          0          0          0      37343   stm32f1xx_hal_i2c.o
       100          0          0          0          0       1192   stm32f1xx_hal_msp.o
      2582          0         18          0          0       7419   stm32f1xx_hal_rcc.o
      5156          0          0          0          0      21006   stm32f1xx_hal_sd.o
      3862         14          0          0          0      35788   stm32f1xx_hal_tim.o
       272          0          0          0          0      15140   stm32f1xx_hal_tim_ex.o
      2838          0          0          0          0      20041   stm32f1xx_hal_uart.o
       166          0          0          0          0       1776   stm32f1xx_it.o
      2632          0          0          0          0      11270   stm32f1xx_ll_sdmmc.o
         2          0         24          4          0       1561   system_stm32f1xx.o
      1236          0          0          0        288       8026   tim.o
        40          0          0          0          8       4397   timer.o
       780          0          0          0        284       6462   usart.o

    ----------------------------------------------------------------------
     67500        168       2192        276      32540     365156   Object Totals
         0          0         32          0          0          0   (incl. Generated)
       250          0          3         11         41          0   (incl. Padding)

    ----------------------------------------------------------------------

      Code (inc. data)   RO Data    RW Data    ZI Data      Debug   Library Member Name

         8          0          0          0          0         68   __main.o
         0          0          0          0          0          0   __rtentry.o
        12          0          0          0          0          0   __rtentry2.o
         6          0          0          0          0          0   __rtentry4.o
        94          8          0          0          0          0   __scatter.o
        26          0          0          0          0          0   __scatter_copy.o
        28          0          0          0          0          0   __scatter_zi.o
        22          0          0          0          0        100   _rserrno.o
        40          0          0          0          0         80   calloc.o
        10          0          0          0          0         68   defsig_exit.o
        50          0          0          0          0         88   defsig_general.o
        80         58          0          0          0         76   defsig_rtmem_inner.o
        14          0          0          0          0         80   defsig_rtmem_outer.o
        18          0          0          0          0         80   exit.o
        94          0          0          0          0         80   h1_alloc.o
        52          0          0          0          0         68   h1_extend.o
        78          0          0          0          0         80   h1_free.o
        12          0          0          0          0         84   h1_init.o
         6          0          0          0          0        152   heapauxi.o
         4          0          0          0          0        136   hguard.o
         0          0          0          0          0          0   indicate_semi.o
       138          0          0          0          0        168   init_alloc.o
         2          0          0          0          0          0   libinit.o
        10          0          0          0          0          0   libinit2.o
         2          0          0          0          0          0   libshutdown.o
         2          0          0          0          0          0   libshutdown2.o
         8          4          0          0         96         68   libspace.o
       116          0          0          0          0         84   llsdiv.o
       240          0          0          0          0        100   lludivv7m.o
         0          0          0          0          0          0   maybetermalloc1.o
         8          4          0          0          0         68   rt_errno_addr_intlibspace.o
         8          4          0          0          0         68   rt_heap_descriptor_intlibspace.o
        68          0          0          0          0         68   rt_memclr.o
        78          0          0          0          0         80   rt_memclr_w.o
         2          0          0          0          0          0   rtexit.o
        10          0          0          0          0          0   rtexit2.o
        12          4          0          0          0         68   sys_exit.o
        74          0          0          0          0         80   sys_stackheap_outer.o
        14          0          0          0          0         76   sys_wrch.o
         2          0          0          0          0         68   use_no_semi.o
        98          4          0          0          0         92   d2f.o
       834         16          0          0          0        372   daddsub_clz.o
        16          4          0          0          0         68   dcheck1.o
        84          0          0          0          0        196   dcmp.o
        24          0          0          0          0         68   dcmpi.o
       692        140          0          0          0        216   ddiv.o
       120          4          0          0          0         92   deqf.o
        94          4          0          0          0         92   dfix.o
        84          0          0          0          0        136   dflt_clz.o
       120          4          0          0          0         92   dgeqf.o
       120          4          0          0          0         92   dleqf.o
       340         12          0          0          0        104   dmul.o
       156          4          0          0          0         92   dnaninf.o
        12          0          0          0          0         68   dretinf.o
       108          0          0          0          0         80   drleqf.o
       460         56          0          0          0        120   dsqrt_noumaal.o
        86          4          0          0          0         84   f2d.o
       430          8          0          0          0        168   faddsub_clz.o
        84          0          0          0          0        196   fcmp.o
        24          0          0          0          0         68   fcmpi.o
       388         76          0          0          0         96   fdiv.o
       104          4          0          0          0         84   feqf.o
        54          4          0          0          0         84   ffix.o
       134          4          0          0          0         84   ffixll.o
        86          0          0          0          0        136   fflt_clz.o
        96          0          0          0          0         84   ffltll_clz.o
       104          4          0          0          0         84   fgeqf.o
       104          4          0          0          0         84   fleqf.o
       258          4          0          0          0         84   fmul.o
       140          4          0          0          0         84   fnaninf.o
        10          0          0          0          0         68   fretinf.o
       272        100          0          0          0         88   fsqrt.o
       100          0          0          0          0         68   retnan.o
        92          0          0          0          0         68   scalbn.o
        48          0          0          0          0         68   trapv.o
         0          0          0          0          0          0   usenofp.o
        62         10          0          0          0        340   dunder.o
        40          0          0          0          0         68   fpclassify.o
       170          0          0          0          0         96   poly.o
      2540        188        136          0          0        332   pow.o
         0          0          8          0          0          0   qnan.o
        76          0          0          0          0         84   sqrt.o
        44          0          0          0          0         80   sqrtf.o

    ----------------------------------------------------------------------
     10388        748        144          0         96       6996   Library Totals
        32          0          0          0          0          0   (incl. Padding)

    ----------------------------------------------------------------------

      Code (inc. data)   RO Data    RW Data    ZI Data      Debug   Library Name

      1448         82          0          0         96       2236   c_w.l
      5976        468          0          0          0       3760   fz_ws.l
      2932        198        144          0          0       1000   m_ws.l

    ----------------------------------------------------------------------
     10388        748        144          0         96       6996   Library Totals

    ----------------------------------------------------------------------

==============================================================================


      Code (inc. data)   RO Data    RW Data    ZI Data      Debug   

     77888        916       2336        276      32636     367552   Grand Totals
     77888        916       2336        276      32636     367552   ELF Image Totals
     77888        916       2336        276          0          0   ROM Totals

==============================================================================

    Total RO  Size (Code + RO Data)                80224 (  78.34kB)
    Total RW  Size (RW Data + ZI Data)             32912 (  32.14kB)
    Total ROM Size (Code + RO Data + RW Data)      80500 (  78.61kB)

==============================================================================

