Component: Arm Compiler for Embedded 6.21 Tool: armlink [5ec1fa00]

==============================================================================

Section Cross References

    bmp280.o(.text.bmp280_init_default_params) refers to bmp280.o(.bss.devv) for devv
    bmp280.o(.ARM.exidx.text.bmp280_init_default_params) refers to bmp280.o(.text.bmp280_init_default_params) for [Anonymous Symbol]
    bmp280.o(.text.bmp280_init) refers to bmp280.o(.bss.devv) for devv
    bmp280.o(.text.bmp280_init) refers to bmp280.o(.text.bmp280_init_default_params) for bmp280_init_default_params
    bmp280.o(.text.bmp280_init) refers to bmp280.o(.text.read_data) for read_data
    bmp280.o(.text.bmp280_init) refers to bmp280.o(.text.write_register8) for write_register8
    bmp280.o(.text.bmp280_init) refers to bmp280.o(.text.read_calibration_data) for read_calibration_data
    bmp280.o(.ARM.exidx.text.bmp280_init) refers to bmp280.o(.text.bmp280_init) for [Anonymous Symbol]
    bmp280.o(.text.read_data) refers to bmp280.o(.bss.devv) for devv
    bmp280.o(.text.read_data) refers to stm32f1xx_hal_i2c.o(.text.HAL_I2C_Mem_Read) for HAL_I2C_Mem_Read
    bmp280.o(.ARM.exidx.text.read_data) refers to bmp280.o(.text.read_data) for [Anonymous Symbol]
    bmp280.o(.text.write_register8) refers to bmp280.o(.bss.devv) for devv
    bmp280.o(.text.write_register8) refers to stm32f1xx_hal_i2c.o(.text.HAL_I2C_Mem_Write) for HAL_I2C_Mem_Write
    bmp280.o(.ARM.exidx.text.write_register8) refers to bmp280.o(.text.write_register8) for [Anonymous Symbol]
    bmp280.o(.text.bmp280_force_measurement) refers to bmp280.o(.text.read_data) for read_data
    bmp280.o(.text.bmp280_force_measurement) refers to bmp280.o(.text.write_register8) for write_register8
    bmp280.o(.ARM.exidx.text.bmp280_force_measurement) refers to bmp280.o(.text.bmp280_force_measurement) for [Anonymous Symbol]
    bmp280.o(.text.bmp280_is_measuring) refers to bmp280.o(.text.read_data) for read_data
    bmp280.o(.ARM.exidx.text.bmp280_is_measuring) refers to bmp280.o(.text.bmp280_is_measuring) for [Anonymous Symbol]
    bmp280.o(.text.bmp280_read_fixed) refers to bmp280.o(.text.read_data) for read_data
    bmp280.o(.text.bmp280_read_fixed) refers to bmp280.o(.bss.bmp280_read_fixed.adc_pressure) for bmp280_read_fixed.adc_pressure
    bmp280.o(.text.bmp280_read_fixed) refers to bmp280.o(.bss.bmp280_read_fixed.adc_temp) for bmp280_read_fixed.adc_temp
    bmp280.o(.text.bmp280_read_fixed) refers to bmp280.o(.bss.bmp280_read_fixed.fine_temp) for bmp280_read_fixed.fine_temp
    bmp280.o(.text.bmp280_read_fixed) refers to bmp280.o(.text.compensate_temperature) for compensate_temperature
    bmp280.o(.text.bmp280_read_fixed) refers to bmp280.o(.bss.bmp280_read_fixed.temperature) for bmp280_read_fixed.temperature
    bmp280.o(.text.bmp280_read_fixed) refers to bmp280.o(.text.compensate_pressure) for compensate_pressure
    bmp280.o(.text.bmp280_read_fixed) refers to bmp280.o(.bss.bmp280_read_fixed.pressure) for bmp280_read_fixed.pressure
    bmp280.o(.text.bmp280_read_fixed) refers to fflt_clz.o(x$fpl$fflt) for __aeabi_i2f
    bmp280.o(.text.bmp280_read_fixed) refers to fdiv.o(x$fpl$fdiv) for __aeabi_fdiv
    bmp280.o(.text.bmp280_read_fixed) refers to powf.o(i.powf) for powf
    bmp280.o(.text.bmp280_read_fixed) refers to f2d.o(x$fpl$f2d) for __aeabi_f2d
    bmp280.o(.text.bmp280_read_fixed) refers to daddsub_clz.o(x$fpl$dsub) for __aeabi_dsub
    bmp280.o(.text.bmp280_read_fixed) refers to dmul.o(x$fpl$dmul) for __aeabi_dmul
    bmp280.o(.text.bmp280_read_fixed) refers to dfix.o(x$fpl$dfix) for __aeabi_d2iz
    bmp280.o(.text.bmp280_read_fixed) refers to bmp280.o(.bss.bmp280_altitude) for bmp280_altitude
    bmp280.o(.ARM.exidx.text.bmp280_read_fixed) refers to bmp280.o(.text.bmp280_read_fixed) for [Anonymous Symbol]
    bmp280.o(.text.compensate_temperature) refers to bmp280.o(.bss.devv) for devv
    bmp280.o(.ARM.exidx.text.compensate_temperature) refers to bmp280.o(.text.compensate_temperature) for [Anonymous Symbol]
    bmp280.o(.text.compensate_pressure) refers to bmp280.o(.bss.devv) for devv
    bmp280.o(.text.compensate_pressure) refers to llsdiv.o(.text) for __aeabi_ldivmod
    bmp280.o(.ARM.exidx.text.compensate_pressure) refers to bmp280.o(.text.compensate_pressure) for [Anonymous Symbol]
    bmp280.o(.text.read_calibration_data) refers to bmp280.o(.bss.devv) for devv
    bmp280.o(.text.read_calibration_data) refers to bmp280.o(.text.read_register16) for read_register16
    bmp280.o(.ARM.exidx.text.read_calibration_data) refers to bmp280.o(.text.read_calibration_data) for [Anonymous Symbol]
    bmp280.o(.text.read_register16) refers to bmp280.o(.bss.devv) for devv
    bmp280.o(.text.read_register16) refers to stm32f1xx_hal_i2c.o(.text.HAL_I2C_Mem_Read) for HAL_I2C_Mem_Read
    bmp280.o(.ARM.exidx.text.read_register16) refers to bmp280.o(.text.read_register16) for [Anonymous Symbol]
    hmc5883.o(.text.hmc5883_init) refers to hmc5883.o(.bss.qmc_i2cport) for qmc_i2cport
[...]
    _dfix                                    0x080105dd   Thumb Code    94  dfix.o(x$fpl$dfix)
    __aeabi_i2d                              0x0801063b   Thumb Code     0  dflt_clz.o(x$fpl$dflt)
    _dflt                                    0x0801063b   Thumb Code    46  dflt_clz.o(x$fpl$dflt)
    __aeabi_ui2d                             0x08010669   Thumb Code     0  dflt_clz.o(x$fpl$dfltu)
    _dfltu                                   0x08010669   Thumb Code    38  dflt_clz.o(x$fpl$dfltu)
    __aeabi_cdcmpge                          0x08010691   Thumb Code     0  dgeqf.o(x$fpl$dgeqf)
    _dcmpge                                  0x08010691   Thumb Code   120  dgeqf.o(x$fpl$dgeqf)
    __aeabi_cdcmple                          0x08010709   Thumb Code     0  dleqf.o(x$fpl$dleqf)
    _dcmple                                  0x08010709   Thumb Code   120  dleqf.o(x$fpl$dleqf)
    __fpl_dcmple_InfNaN                      0x0801076b   Thumb Code     0  dleqf.o(x$fpl$dleqf)
    __aeabi_dmul                             0x08010781   Thumb Code     0  dmul.o(x$fpl$dmul)
    _dmul                                    0x08010781   Thumb Code   332  dmul.o(x$fpl$dmul)
    __fpl_dnaninf                            0x080108d5   Thumb Code   156  dnaninf.o(x$fpl$dnaninf)
    __fpl_dretinf                            0x08010971   Thumb Code    12  dretinf.o(x$fpl$dretinf)
    __aeabi_cdrcmple                         0x0801097d   Thumb Code     0  drleqf.o(x$fpl$drleqf)
    _drcmple                                 0x0801097d   Thumb Code   108  drleqf.o(x$fpl$drleqf)
    __aeabi_drsub                            0x080109e9   Thumb Code     0  daddsub_clz.o(x$fpl$drsb)
    _drsb                                    0x080109e9   Thumb Code    22  daddsub_clz.o(x$fpl$drsb)
    _dsqrt                                   0x08010a01   Thumb Code   456  dsqrt_noumaal.o(x$fpl$dsqrt)
    __aeabi_dsub                             0x08010bcd   Thumb Code     0  daddsub_clz.o(x$fpl$dsub)
    _dsub                                    0x08010bcd   Thumb Code   472  daddsub_clz.o(x$fpl$dsub)
    __aeabi_f2d                              0x08010da9   Thumb Code     0  f2d.o(x$fpl$f2d)
    _f2d                                     0x08010da9   Thumb Code    86  f2d.o(x$fpl$f2d)
    __aeabi_fadd                             0x08010e01   Thumb Code     0  faddsub_clz.o(x$fpl$fadd)
    _fadd                                    0x08010e01   Thumb Code   196  faddsub_clz.o(x$fpl$fadd)
    __aeabi_dcmpeq                           0x08010ec5   Thumb Code     0  dcmp.o(x$fpl$fcmp)
    _deq                                     0x08010ec5   Thumb Code    14  dcmp.o(x$fpl$fcmp)
    _dneq                                    0x08010ed3   Thumb Code    14  dcmp.o(x$fpl$fcmp)
    __aeabi_dcmpgt                           0x08010ee1   Thumb Code     0  dcmp.o(x$fpl$fcmp)
    _dgr                                     0x08010ee1   Thumb Code    14  dcmp.o(x$fpl$fcmp)
    __aeabi_dcmpge                           0x08010eef   Thumb Code     0  dcmp.o(x$fpl$fcmp)
    _dgeq                                    0x08010eef   Thumb Code    14  dcmp.o(x$fpl$fcmp)
    __aeabi_dcmple                           0x08010efd   Thumb Code     0  dcmp.o(x$fpl$fcmp)
    _dleq                                    0x08010efd   Thumb Code    14  dcmp.o(x$fpl$fcmp)
    __aeabi_dcmplt                           0x08010f0b   Thumb Code     0  dcmp.o(x$fpl$fcmp)
    _dls                                     0x08010f0b   Thumb Code    14  dcmp.o(x$fpl$fcmp)
    __aeabi_fcmpeq                           0x08010f19   Thumb Code     0  fcmp.o(x$fpl$fcmp)
    _feq                                     0x08010f19   Thumb Code    14  fcmp.o(x$fpl$fcmp)
    _fneq                                    0x08010f27   Thumb Code    14  fcmp.o(x$fpl$fcmp)
    __aeabi_fcmpgt                           0x08010f35   Thumb Code     0  fcmp.o(x$fpl$fcmp)
    _fgr                                     0x08010f35   Thumb Code    14  fcmp.o(x$fpl$fcmp)
    __aeabi_fcmpge                           0x08010f43   Thumb Code     0  fcmp.o(x$fpl$fcmp)
    _fgeq                                    0x08010f43   Thumb Code    14  fcmp.o(x$fpl$fcmp)
    __aeabi_fcmple                           0x08010f51   Thumb Code     0  fcmp.o(x$fpl$fcmp)
    _fleq                                    0x08010f51   Thumb Code    14  fcmp.o(x$fpl$fcmp)
    __aeabi_fcmplt                           0x08010f5f   Thumb Code     0  fcmp.o(x$fpl$fcmp)
    _fls                                     0x08010f5f   Thumb Code    14  fcmp.o(x$fpl$fcmp)
    __fpl_fcmp_Inf                           0x08010f6d   Thumb Code    24  fcmpi.o(x$fpl$fcmpinf)
    __aeabi_fdiv                             0x08010f85   Thumb Code     0  fdiv.o(x$fpl$fdiv)
    _fdiv                                    0x08010f85   Thumb Code   384  fdiv.o(x$fpl$fdiv)
    __aeabi_cfcmpeq                          0x08011109   Thumb Code     0  feqf.o(x$fpl$feqf)
    _fcmpeq                                  0x08011109   Thumb Code   104  feqf.o(x$fpl$feqf)
    __aeabi_f2iz                             0x08011171   Thumb Code     0  ffix.o(x$fpl$ffix)
    _ffix                                    0x08011171   Thumb Code    54  ffix.o(x$fpl$ffix)
    __aeabi_i2f                              0x080111a9   Thumb Code     0  fflt_clz.o(x$fpl$fflt)
    _fflt                                    0x080111a9   Thumb Code    48  fflt_clz.o(x$fpl$fflt)
    __aeabi_ui2f                             0x080111d9   Thumb Code     0  fflt_clz.o(x$fpl$ffltu)
    _ffltu                                   0x080111d9   Thumb Code    38  fflt_clz.o(x$fpl$ffltu)
    _fcmpge                                  0x08011201   Thumb Code   104  fgeqf.o(x$fpl$fgeqf)
    __aeabi_cfcmple                          0x08011269   Thumb Code     0  fleqf.o(x$fpl$fleqf)
    _fcmple                                  0x08011269   Thumb Code   104  fleqf.o(x$fpl$fleqf)
    __fpl_fcmple_InfNaN                      0x080112bb   Thumb Code     0  fleqf.o(x$fpl$fleqf)
    __aeabi_fmul                             0x080112d1   Thumb Code     0  fmul.o(x$fpl$fmul)
    _fmul                                    0x080112d1   Thumb Code   258  fmul.o(x$fpl$fmul)
    __fpl_fnaninf                            0x080113d3   Thumb Code   140  fnaninf.o(x$fpl$fnaninf)
    __fpl_fretinf                            0x0801145f   Thumb Code    10  fretinf.o(x$fpl$fretinf)
    _fsqrt                                   0x08011469   Thumb Code   272  fsqrt.o(x$fpl$fsqrt)
    __aeabi_fsub                             0x08011579   Thumb Code     0  faddsub_clz.o(x$fpl$fsub)
    _fsub                                    0x08011579   Thumb Code   234  faddsub_clz.o(x$fpl$fsub)
    __fpl_return_NaN                         0x08011663   Thumb Code   100  retnan.o(x$fpl$retnan)
    __ARM_scalbn                             0x080116c7   Thumb Code    92  scalbn.o(x$fpl$scalbn)
    __fpl_cmpreturn                          0x08011723   Thumb Code    48  trapv.o(x$fpl$trapveneer)
    __I$use$fp                               0x08011752   Number         0  usenofp.o(x$fpl$usenofp)
    __mathlib_zero                           0x080117e0   Data           8  qnan.o(.constdata)
    AHBPrescTable                            0x080117e8   Data          16  system_stm32f1xx.o(.rodata.AHBPrescTable)
    APBPrescTable                            0x080117f8   Data           8  system_stm32f1xx.o(.rodata.APBPrescTable)
    SD_Driver                                0x080118a0   Data          20  sd_diskio.o(.rodata.SD_Driver)
    Region$$Table$$Base                      0x08011f1c   Number         0  anon$$obj.o(Region$$Table)
    Region$$Table$$Limit                     0x08011f3c   Number         0  anon$$obj.o(Region$$Table)
    SystemCoreClock                          0x20000004   Data           4  system_stm32f1xx.o(.data.SystemCoreClock)
    config                                   0x20000008   Data          12  imu.o(.data.config)
    maxx_thrust                              0x20000018   Data           4  attitude_control.o(.data.maxx_thrust)
    read_timeout                             0x20000024   Data           2  hmc5883.o(.data.read_timeout)
    sensor_list                              0x20000028   Data          60  sensordetect.o(.data.sensor_list)
    task                                     0x20000064   Data         140  scheduler.o(.data.task)
    uwTickFreq                               0x20000100   Data           1  stm32f1xx_hal.o(.data.uwTickFreq)
    uwTickPrio                               0x20000104   Data           4  stm32f1xx_hal.o(.data.uwTickPrio)
    __libspace_start                         0x20000108   Data          96  libspace.o(.bss)
    AHRS                                     0x20000168   Data          24  imu.o(.bss.AHRS)
    __temporary_stack_top$libspace           0x20000168   Data           0  libspace.o(.bss)
    SDPath                                   0x2000039e   Data           4  fatfs.o(.bss.SDPath)
    TEMP                                     0x200003a4   Data           4  ms5611.o(.bss.TEMP)
    _D1                                      0x200003a8   Data           4  ms5611.o(.bss._D1)
    _D2                                      0x200003ac   Data           4  ms5611.o(.bss._D2)
    _POFFSET                                 0x200003b0   Data           2  ms5611.o(.bss._POFFSET)
    _TOFFSET                                 0x200003b2   Data           2  ms5611.o(.bss._TOFFSET)
    _gps                                     0x200014b0   Data          56  gps.o(.bss._gps)
    _gpsUartPort                             0x200014e8   Data           4  gps.o(.bss._gpsUartPort)
    _micros                                  0x200014ec   Data           4  timer.o(.bss._micros)
    _payload_counter                         0x200014f2   Data           2  gps.o(.bss._payload_counter)
    _payload_length                          0x200014f4   Data           2  gps.o(.bss._payload_length)
    _therad_read_time_ms                     0x200014f8   Data           4  gps.o(.bss._therad_read_time_ms)
    acc_Eframe                               0x200014fc   Data          12  imu.o(.bss.acc_Eframe)
    cosz                                     0x2000150c   Data           4  imu.o(.bss.cosz)
    data_test                                0x20001510   Data        4548  scheduler.o(.bss.data_test)
    disk                                     0x200026d4   Data          12  ff_gen_drv.o(.bss.disk)
    gps_interrupt_count                      0x200026e0   Data           4  gps.o(.bss.gps_interrupt_count)
    gyr_offs_x                               0x200026e6   Data           2  imu.o(.bss.gyr_offs_x)
    gyr_offs_y                               0x200026e8   Data           2  imu.o(.bss.gyr_offs_y)
    gyr_offs_z                               0x200026ea   Data           2  imu.o(.bss.gyr_offs_z)
    hdma_sdio                                0x200026f8   Data          68  sdio.o(.bss.hdma_sdio)
    hdma_usart2_rx                           0x2000273c   Data          68  usart.o(.bss.hdma_usart2_rx)
    hi2c1                                    0x20002784   Data          84  i2c.o(.bss.hi2c1)
    hi2c2                                    0x200027d8   Data          84  i2c.o(.bss.hi2c2)
    hsd                                      0x2000282c   Data         132  sdio.o(.bss.hsd)
    htim3                                    0x200028b0   Data          72  tim.o(.bss.htim3)
    htim4                                    0x200028f8   Data          72  tim.o(.bss.htim4)
    htim6                                    0x20002940   Data          72  tim.o(.bss.htim6)
    htim7                                    0x20002988   Data          72  tim.o(.bss.htim7)
    htimm                                    0x200029d0   Data           4  pwm.o(.bss.htimm)
    htimmz                                   0x200029d4   Data           4  timer.o(.bss.htimmz)
    huart1                                   0x200029d8   Data          72  usart.o(.bss.huart1)
    huart2                                   0x20002a20   Data          72  usart.o(.bss.huart2)
    huart3                                   0x20002a68   Data          72  usart.o(.bss.huart3)
    i2c                                      0x20002ab0   Data           4  mpu6050.o(.bss.i2c)
    ibusChannelData                          0x20002ad4   Data          40  ibus.o(.bss.ibusChannelData)
    ibus_interrupt_count                     0x20002b08   Data           4  ibus.o(.bss.ibus_interrupt_count)
    ibus_interrupt_timer                     0x20002b0c   Data           4  ibus.o(.bss.ibus_interrupt_timer)
    integralFBx                              0x20002b4c   Data           4  imu.o(.bss.integralFBx)
    integralFBy                              0x20002b50   Data           4  imu.o(.bss.integralFBy)
    integralFBz                              0x20002b54   Data           4  imu.o(.bss.integralFBz)
    isSdcard_valid                           0x20002b5a   Data           1  blackbox.o(.bss.isSdcard_valid)
    isSdcard_write                           0x20002b5b   Data           1  blackbox.o(.bss.isSdcard_write)
    loop_timeout                             0x20002b60   Data           4  scheduler.o(.bss.loop_timeout)
    loop_us                                  0x20002b64   Data           2  scheduler.o(.bss.loop_us)
    mag                                      0x20002b66   Data           6  imu.o(.bss.mag)
    max_excution_time_us                     0x20002b6c   Data           4  scheduler.o(.bss.max_excution_time_us)
    ms5611_altitude                          0x20002b70   Data           4  ms5611.o(.bss.ms5611_altitude)
    ms5611_pressure                          0x20002b84   Data           4  ms5611.o(.bss.ms5611_pressure)
    ngat_loi                                 0x20002b94   Data           4  ibus.o(.bss.ngat_loi)
    num_tasks                                0x20002b98   Data           4  scheduler.o(.bss.num_tasks)
    pitch_cmd                                0x20002bd0   Data           4  attitude_control.o(.bss.pitch_cmd)
    pwm_lock_status                          0x20002c08   Data           1  pwm.o(.bss.pwm_lock_status)
    qmc_i2cport                              0x20002c0c   Data           4  hmc5883.o(.bss.qmc_i2cport)
    retSD                                    0x20002c11   Data           1  fatfs.o(.bss.retSD)
    roll_cmd                                 0x20002c3c   Data           4  attitude_control.o(.bss.roll_cmd)
    send_time_us                             0x20002c74   Data           4  mavlink_handler.o(.bss.send_time_us)
    sensor_                                  0x20002c78   Data           5  sensordetect.o(.bss.sensor_)
    sensor_file                              0x20002c80   Data        4548  sensordetect.o(.bss.sensor_file)
    servoL                                   0x20003e44   Data           2  attitude_control.o(.bss.servoL)
    servoR                                   0x20003e46   Data           2  attitude_control.o(.bss.servoR)
    siny                                     0x20003e48   Data           4  imu.o(.bss.siny)
    sinz                                     0x20003e4c   Data           4  imu.o(.bss.sinz)
    temp                                     0x20003e68   Data           4  mavlink_handler.o(.bss.temp)
    uwTick                                   0x20003e74   Data           4  stm32f1xx_hal.o(.bss.uwTick)
    v_dynamic                                0x20003e78   Data           4  attitude_control.o(.bss.v_dynamic)



==============================================================================

Memory Map of the image

  Image Entry point : 0x08000131

  Load Region LR_IROM1 (Base: 0x08000000, Size: 0x00012048, Max: 0x00040000, ABSOLUTE)

    Execution Region ER_IROM1 (Exec base: 0x08000000, Load base: 0x08000000, Size: 0x00011f3c, Max: 0x00040000, ABSOLUTE)

    Exec Addr    Load Addr    Size         Type   Attr      Idx    E Section Name        Object

    0x08000000   0x08000000   0x00000130   Data   RO          682    RESET               startup_stm32f103xe.o
    0x08000130   0x08000130   0x00000008   Code   RO         2360  * !!!main             c_w.l(__main.o)
    0x08000138   0x08000138   0x0000005c   Code   RO         2715    !!!scatter          c_w.l(__scatter.o)
    0x08000194   0x08000194   0x0000001a   Code   RO         2719    !!handler_copy      c_w.l(__scatter_copy.o)
    0x080001ae   0x080001ae   0x00000002   PAD
    0x080001b0   0x080001b0   0x00000002   Code   RO         2716    !!handler_null      c_w.l(__scatter.o)
    0x080001b2   0x080001b2   0x00000002   PAD
    0x080001b4   0x080001b4   0x0000001c   Code   RO         2721    !!handler_zi        c_w.l(__scatter_zi.o)
    0x080001d0   0x080001d0   0x00000002   Code   RO         2576    .ARM.Collect$$libinit$$00000000  c_w.l(libinit.o)
    0x080001d2   0x080001d2   0x00000000   Code   RO         2588    .ARM.Collect$$libinit$$00000002  c_w.l(libinit2.o)
    0x080001d2   0x080001d2   0x00000000   Code   RO         2590    .ARM.Collect$$libinit$$00000004  c_w.l(libinit2.o)
    0x080001d2   0x080001d2   0x00000000   Code   RO         2592    .ARM.Collect$$libinit$$00000006  c_w.l(libinit2.o)
    0x080001d2   0x080001d2   0x00000000   Code   RO         2595    .ARM.Collect$$libinit$$0000000C  c_w.l(libinit2.o)
    0x080001d2   0x080001d2   0x00000000   Code   RO         2597    .ARM.Collect$$libinit$$0000000E  c_w.l(libinit2.o)
    0x080001d2   0x080001d2   0x00000000   Code   RO         2599    .ARM.Collect$$libinit$$00000010  c_w.l(libinit2.o)
    0x080001d2   0x080001d2   0x00000000   Code   RO         2602    .ARM.Collect$$libinit$$00000013  c_w.l(libinit2.o)
    0x080001d2   0x080001d2   0x00000000   Code   RO         2604    .ARM.Collect$$libinit$$00000015  c_w.l(libinit2.o)
    0x080001d2   0x080001d2   0x00000000   Code   RO         2606    .ARM.Collect$$libinit$$00000017  c_w.l(libinit2.o)
    0x080001d2   0x080001d2   0x00000000   Code   RO         2608    .ARM.Collect$$libinit$$00000019  c_w.l(libinit2.o)
    0x080001d2   0x080001d2   0x00000000   Code   RO         2610    .ARM.Collect$$libinit$$0000001B  c_w.l(libinit2.o)
    0x080001d2   0x080001d2   0x00000000   Code   RO         2612    .ARM.Collect$$libinit$$0000001D  c_w.l(libinit2.o)
    0x080001d2   0x080001d2   0x00000000   Code   RO         2614    .ARM.Collect$$libinit$$0000001F  c_w.l(libinit2.o)
    0x080001d2   0x080001d2   0x00000000   Code   RO         2616    .ARM.Collect$$libinit$$00000021  c_w.l(libinit2.o)
    0x080001d2   0x080001d2   0x00000000   Code   RO         2618    .ARM.Collect$$libinit$$00000023  c_w.l(libinit2.o)
    0x080001d2   0x080001d2   0x00000000   Code   RO         2620    .ARM.Collect$$libinit$$00000025  c_w.l(libinit2.o)
    0x080001d2   0x080001d2   0x00000000   Code   RO         2622    .ARM.Collect$$libinit$$00000027  c_w.l(libinit2.o)
    0x080001d2   0x080001d2   0x00000000   Code   RO         2626    .ARM.Collect$$libinit$$0000002E  c_w.l(libinit2.o)
    0x080001d2   0x080001d2   0x00000000   Code   RO         2628    .ARM.Collect$$libinit$$00000030  c_w.l(libinit2.o)
    0x080001d2   0x080001d2   0x00000000   Code   RO         2630    .ARM.Collect$$libinit$$00000032  c_w.l(libinit2.o)
    0x080001d2   0x080001d2   0x00000000   Code   RO         2632    .ARM.Collect$$libinit$$00000034  c_w.l(libinit2.o)
    0x080001d2   0x080001d2   0x00000002   Code   RO         2633    .ARM.Collect$$libinit$$00000035  c_w.l(libinit2.o)
    0x080001d4   0x080001d4   0x00000002   Code   RO         2670    .ARM.Collect$$libshutdown$$00000000  c_w.l(libshutdown.o)
    0x080001d6   0x080001d6   0x00000000   Code   RO         2698    .ARM.Collect$$libshutdown$$00000002  c_w.l(libshutdown2.o)
    0x080001d6   0x080001d6   0x00000000   Code   RO         2700    .ARM.Collect$$libshutdown$$00000004  c_w.l(libshutdown2.o)
    0x080001d6   0x080001d6   0x00000000   Code   RO         2703    .ARM.Collect$$libshutdown$$00000007  c_w.l(libshutdown2.o)
    0x080001d6   0x080001d6   0x00000000   Code   RO         2706    .ARM.Collect$$libshutdown$$0000000A  c_w.l(libshutdown2.o)
    0x080001d6   0x080001d6   0x00000000   Code   RO         2708    .ARM.Collect$$libshutdown$$0000000C  c_w.l(libshutdown2.o)
    0x080001d6   0x080001d6   0x00000000   Code   RO         2711    .ARM.Collect$$libshutdown$$0000000F  c_w.l(libshutdown2.o)
    0x080001d6   0x080001d6   0x00000002   Code   RO         2712    .ARM.Collect$$libshutdown$$00000010  c_w.l(libshutdown2.o)
    0x080001d8   0x080001d8   0x00000000   Code   RO         2446    .ARM.Collect$$rtentry$$00000000  c_w.l(__rtentry.o)
    0x080001d8   0x080001d8   0x00000000   Code   RO         2531    .ARM.Collect$$rtentry$$00000002  c_w.l(__rtentry2.o)
    0x080001d8   0x080001d8   0x00000006   Code   RO         2543    .ARM.Collect$$rtentry$$00000004  c_w.l(__rtentry4.o)
    0x080001de   0x080001de   0x00000000   Code   RO         2533    .ARM.Collect$$rtentry$$00000009  c_w.l(__rtentry2.o)
    0x080001de   0x080001de   0x00000004   Code   RO         2534    .ARM.Collect$$rtentry$$0000000A  c_w.l(__rtentry2.o)
    0x080001e2   0x080001e2   0x00000000   Code   RO         2536    .ARM.Collect$$rtentry$$0000000C  c_w.l(__rtentry2.o)
    0x080001e2   0x080001e2   0x00000008   Code   RO         2537    .ARM.Collect$$rtentry$$0000000D  c_w.l(__rtentry2.o)
    0x080001ea   0x080001ea   0x00000002   Code   RO         2579    .ARM.Collect$$rtexit$$00000000  c_w.l(rtexit.o)
    0x080001ec   0x080001ec   0x00000000   Code   RO         2641    .ARM.Collect$$rtexit$$00000002  c_w.l(rtexit2.o)
    0x080001ec   0x080001ec   0x00000004   Code   RO         2642    .ARM.Collect$$rtexit$$00000003  c_w.l(rtexit2.o)
    0x080001f0   0x080001f0   0x00000006   Code   RO         2643    .ARM.Collect$$rtexit$$00000004  c_w.l(rtexit2.o)
    0x080001f6   0x080001f6   0x00000002   PAD
    0x080001f8   0x080001f8   0x00000040   Code   RO          683    .text               startup_stm32f103xe.o
    0x08000238   0x08000238   0x00000044   Code   RO         2354    .text               c_w.l(rt_memclr.o)
    0x0800027c   0x0800027c   0x0000004e   Code   RO         2356    .text               c_w.l(rt_memclr_w.o)
    0x080002ca   0x080002ca   0x00000006   Code   RO         2358    .text               c_w.l(heapauxi.o)
    0x080002d0   0x080002d0   0x00000016   Code   RO         2453    .text               c_w.l(_rserrno.o)
    0x080002e6   0x080002e6   0x00000002   PAD
    0x080002e8   0x080002e8   0x00000008   Code   RO         2550    .text               c_w.l(rt_errno_addr_intlibspace.o)
    0x080002f0   0x080002f0   0x00000008   Code   RO         2560    .text               c_w.l(libspace.o)
    0x080002f8   0x080002f8   0x0000004a   Code   RO         2563    .text               c_w.l(sys_stackheap_outer.o)
    0x08000342   0x08000342   0x00000012   Code   RO         2565    .text               c_w.l(exit.o)
    0x08000354   0x08000354   0x0000000c   Code   RO         2636    .text               c_w.l(sys_exit.o)
    0x08000360   0x08000360   0x00000002   Code   RO         2659    .text               c_w.l(use_no_semi.o)
    0x08000362   0x08000362   0x00000000   Code   RO         2661    .text               c_w.l(indicate_semi.o)
    0x08000362   0x08000362   0x00000002   PAD
    0x08000364   0x08000364   0x00000002   Code   RO         2104    .text.BSP_SD_AbortCallback  bsp_driver_sd.o
    0x08000366   0x08000366   0x00000002   PAD
    0x08000368   0x08000368   0x00000018   Code   RO         2100    .text.BSP_SD_GetCardInfo  bsp_driver_sd.o
    0x08000380   0x08000380   0x00000016   Code   RO         2098    .text.BSP_SD_GetCardState  bsp_driver_sd.o
    0x08000396   0x08000396   0x00000002   PAD
    0x08000398   0x08000398   0x0000003e   Code   RO         2080    .text.BSP_SD_Init   bsp_driver_sd.o
    0x080003d6   0x080003d6   0x00000002   PAD
    0x080003d8   0x080003d8   0x00000010   Code   RO         2082    .text.BSP_SD_IsDetected  bsp_driver_sd.o
    0x080003e8   0x080003e8   0x00000040   Code   RO         2088    .text.BSP_SD_ReadBlocks  bsp_driver_sd.o
    0x08000428   0x08000428   0x00000002   Code   RO         2112    .text.BSP_SD_ReadCpltCallback  bsp_driver_sd.o
    0x0800042a   0x0800042a   0x00000002   PAD
    0x0800042c   0x0800042c   0x00000040   Code   RO         2090    .text.BSP_SD_WriteBlocks  bsp_driver_sd.o
    0x0800046c   0x0800046c   0x00000002   Code   RO         2108    .text.BSP_SD_WriteCpltCallback  bsp_driver_sd.o
    0x0800046e   0x0800046e   0x00000002   PAD
    0x08000470   0x08000470   0x00000004   Code   RO          804    .text.BusFault_Handler  stm32f1xx_it.o
    0x08000474   0x08000474   0x00000010   Code   RO          816    .text.DMA1_Channel6_IRQHandler  stm32f1xx_it.o
    0x08000484   0x08000484   0x00000010   Code   RO          830    .text.DMA2_Channel4_5_IRQHandler  stm32f1xx_it.o
    0x08000494   0x08000494   0x00000002   Code   RO          810    .text.DebugMon_Handler  stm32f1xx_it.o
    0x08000496   0x08000496   0x00000002   PAD
    0x08000498   0x08000498   0x0000000e   Code   RO          694    .text.Error_Handler  main.o
    0x080004a6   0x080004a6   0x00000002   PAD
    0x080004a8   0x080004a8   0x00000016   Code   RO         2299    .text.FATFS_LinkDriver  ff_gen_drv.o
    0x080004be   0x080004be   0x00000002   PAD
    0x080004c0   0x080004c0   0x0000007c   Code   RO         2297    .text.FATFS_LinkDriverEx  ff_gen_drv.o
    0x0800053c   0x0800053c   0x0000007c   Code   RO         1007    .text.HAL_DMA_Abort  stm32f1xx_hal_dma.o
    0x080005b8   0x080005b8   0x00000318   Code   RO         1009    .text.HAL_DMA_Abort_IT  stm32f1xx_hal_dma.o
    0x080008d0   0x080008d0   0x00000684   Code   RO         1013    .text.HAL_DMA_IRQHandler  stm32f1xx_hal_dma.o
    0x08000f54   0x08000f54   0x000000f4   Code   RO          997    .text.HAL_DMA_Init  stm32f1xx_hal_dma.o
    0x08001048   0x08001048   0x00000042   Code   RO          880    .text.HAL_Delay     stm32f1xx_hal.o
    0x0800108a   0x0800108a   0x00000002   PAD
    0x0800108c   0x0800108c   0x00000356   Code   RO          974    .text.HAL_GPIO_Init  stm32f1xx_hal_gpio.o
    0x080013e2   0x080013e2   0x00000002   PAD
    0x080013e4   0x080013e4   0x00000026   Code   RO          982    .text.HAL_GPIO_TogglePin  stm32f1xx_hal_gpio.o
    0x0800140a   0x0800140a   0x00000002   PAD
    0x0800140c   0x0800140c   0x0000002e   Code   RO          980    .text.HAL_GPIO_WritePin  stm32f1xx_hal_gpio.o
    0x0800143a   0x0800143a   0x00000002   PAD
    0x0800143c   0x0800143c   0x0000000c   Code   RO          872    .text.HAL_GetTick   stm32f1xx_hal.o
    0x08001448   0x08001448   0x000002a4   Code   RO         1238    .text.HAL_I2C_Init  stm32f1xx_hal_i2c.o
    0x080016ec   0x080016ec   0x0000028a   Code   RO         1304    .text.HAL_I2C_IsDeviceReady  stm32f1xx_hal_i2c.o
    0x08001976   0x08001976   0x00000002   PAD
    0x08001978   0x08001978   0x000004bc   Code   RO         1256    .text.HAL_I2C_Master_Receive  stm32f1xx_hal_i2c.o
    0x08001e34   0x08001e34   0x00000208   Code   RO         1246    .text.HAL_I2C_Master_Transmit  stm32f1xx_hal_i2c.o
    0x0800203c   0x0800203c   0x000004c6   Code   RO         1292    .text.HAL_I2C_Mem_Read  stm32f1xx_hal_i2c.o
    0x08002502   0x08002502   0x00000002   PAD
    0x08002504   0x08002504   0x000000ec   Code   RO          724    .text.HAL_I2C_MspInit  i2c.o
    0x080025f0   0x080025f0   0x0000001a   Code   RO          870    .text.HAL_IncTick   stm32f1xx_hal.o
    0x0800260a   0x0800260a   0x00000002   PAD
    0x0800260c   0x0800260c   0x00000026   Code   RO          860    .text.HAL_Init      stm32f1xx_hal.o
    0x08002632   0x08002632   0x00000002   PAD
    0x08002634   0x08002634   0x00000070   Code   RO          862    .text.HAL_InitTick  stm32f1xx_hal.o
    0x080026a4   0x080026a4   0x00000064   Code   RO          839    .text.HAL_MspInit   stm32f1xx_hal_msp.o
    0x08002708   0x08002708   0x00000014   Code   RO         1042    .text.HAL_NVIC_EnableIRQ  stm32f1xx_hal_cortex.o
    0x0800271c   0x0800271c   0x00000032   Code   RO         1034    .text.HAL_NVIC_SetPriority  stm32f1xx_hal_cortex.o
    0x0800274e   0x0800274e   0x00000002   PAD
    0x08002750   0x08002750   0x00000010   Code   RO         1030    .text.HAL_NVIC_SetPriorityGrouping  stm32f1xx_hal_cortex.o
    0x08002760   0x08002760   0x00000256   Code   RO          926    .text.HAL_RCC_ClockConfig  stm32f1xx_hal_rcc.o
    0x080029b6   0x080029b6   0x00000002   PAD
    0x080029b8   0x080029b8   0x0000000c   Code   RO          936    .text.HAL_RCC_GetHCLKFreq  stm32f1xx_hal_rcc.o
    0x080029c4   0x080029c4   0x00000022   Code   RO          938    .text.HAL_RCC_GetPCLK1Freq  stm32f1xx_hal_rcc.o
    0x080029e6   0x080029e6   0x00000002   PAD
    0x080029e8   0x080029e8   0x00000022   Code   RO          940    .text.HAL_RCC_GetPCLK2Freq  stm32f1xx_hal_rcc.o
    0x08002a0a   0x08002a0a   0x00000002   PAD
    0x08002a0c   0x08002a0c   0x000000bc   Code   RO          928    .text.HAL_RCC_GetSysClockFreq  stm32f1xx_hal_rcc.o
    0x08002ac8   0x08002ac8   0x0000067a   Code   RO          922    .text.HAL_RCC_OscConfig  stm32f1xx_hal_rcc.o
    0x08003142   0x08003142   0x00000002   PAD
    0x08003144   0x08003144   0x0000000e   Code   RO         2102    .text.HAL_SD_AbortCallback  bsp_driver_sd.o
    0x08003152   0x08003152   0x00000002   PAD
    0x08003154   0x08003154   0x00000008   Code   RO         1548    .text.HAL_SD_ErrorCallback  stm32f1xx_hal_sd.o
    0x0800315c   0x0800315c   0x0000028a   Code   RO         1568    .text.HAL_SD_GetCardCSD  stm32f1xx_hal_sd.o
    0x080033e6   0x080033e6   0x00000002   PAD
    0x080033e8   0x080033e8   0x0000004c   Code   RO         1574    .text.HAL_SD_GetCardInfo  stm32f1xx_hal_sd.o
    0x08003434   0x08003434   0x00000034   Code   RO         1582    .text.HAL_SD_GetCardState  stm32f1xx_hal_sd.o
    0x08003468   0x08003468   0x00000324   Code   RO         1544    .text.HAL_SD_IRQHandler  stm32f1xx_hal_sd.o
    0x0800378c   0x0800378c   0x00000066   Code   RO         1508    .text.HAL_SD_Init   stm32f1xx_hal_sd.o
    0x080037f2   0x080037f2   0x00000002   PAD
    0x080037f4   0x080037f4   0x00000104   Code   RO         1512    .text.HAL_SD_InitCard  stm32f1xx_hal_sd.o
    0x080038f8   0x080038f8   0x0000013a   Code   RO          739    .text.HAL_SD_MspInit  sdio.o
    0x08003a32   0x08003a32   0x00000002   PAD
    0x08003a34   0x08003a34   0x00000406   Code   RO         1524    .text.HAL_SD_ReadBlocks  stm32f1xx_hal_sd.o
    0x08003e3a   0x08003e3a   0x00000002   PAD
    0x08003e3c   0x08003e3c   0x0000000e   Code   RO         2110    .text.HAL_SD_RxCpltCallback  bsp_driver_sd.o
    0x08003e4a   0x08003e4a   0x00000002   PAD
    0x08003e4c   0x08003e4c   0x0000000e   Code   RO         2106    .text.HAL_SD_TxCpltCallback  bsp_driver_sd.o
    0x08003e5a   0x08003e5a   0x00000002   PAD
    0x08003e5c   0x08003e5c   0x0000034c   Code   RO         1526    .text.HAL_SD_WriteBlocks  stm32f1xx_hal_sd.o
    0x080041a8   0x080041a8   0x00000010   Code   RO         1054    .text.HAL_SYSTICK_Config  stm32f1xx_hal_cortex.o
    0x080041b8   0x080041b8   0x00000008   Code   RO         1922    .text.HAL_TIMEx_BreakCallback  stm32f1xx_hal_tim_ex.o
    0x080041c0   0x080041c0   0x00000008   Code   RO         1918    .text.HAL_TIMEx_CommutCallback  stm32f1xx_hal_tim_ex.o
    0x080041c8   0x080041c8   0x00000100   Code   RO         1912    .text.HAL_TIMEx_MasterConfigSynchronization  stm32f1xx_hal_tim_ex.o
    0x080042c8   0x080042c8   0x0000009c   Code   RO         1599    .text.HAL_TIM_Base_Init  stm32f1xx_hal_tim.o
    0x08004364   0x08004364   0x000000fc   Code   RO          762    .text.HAL_TIM_Base_MspInit  tim.o
    0x08004460   0x08004460   0x000000d4   Code   RO         1613    .text.HAL_TIM_Base_Start_IT  stm32f1xx_hal_tim.o
    0x08004534   0x08004534   0x00000184   Code   RO         1791    .text.HAL_TIM_ConfigClockSource  stm32f1xx_hal_tim.o
    0x080046b8   0x080046b8   0x00000008   Code   RO         1735    .text.HAL_TIM_IC_CaptureCallback  stm32f1xx_hal_tim.o
    0x080046c0   0x080046c0   0x0000027a   Code   RO         1733    .text.HAL_TIM_IRQHandler  stm32f1xx_hal_tim.o
    0x0800493a   0x0800493a   0x00000002   PAD
    0x0800493c   0x0800493c   0x00000108   Code   RO          754    .text.HAL_TIM_MspPostInit  tim.o
    0x08004a44   0x08004a44   0x00000008   Code   RO         1737    .text.HAL_TIM_OC_DelayElapsedCallback  stm32f1xx_hal_tim.o
    0x08004a4c   0x08004a4c   0x00000142   Code   RO         1765    .text.HAL_TIM_PWM_ConfigChannel  stm32f1xx_hal_tim.o
    0x08004b8e   0x08004b8e   0x00000002   PAD
    0x08004b90   0x08004b90   0x0000009c   Code   RO         1653    .text.HAL_TIM_PWM_Init  stm32f1xx_hal_tim.o
    0x08004c2c   0x08004c2c   0x00000008   Code   RO         1655    .text.HAL_TIM_PWM_MspInit  stm32f1xx_hal_tim.o
    0x08004c34   0x08004c34   0x00000008   Code   RO         1739    .text.HAL_TIM_PWM_PulseFinishedCallback  stm32f1xx_hal_tim.o
    0x08004c3c   0x08004c3c   0x000001aa   Code   RO         1661    .text.HAL_TIM_PWM_Start  stm32f1xx_hal_tim.o
    0x08004de6   0x08004de6   0x00000002   PAD
    0x08004de8   0x08004de8   0x00000030   Code   RO          614    .text.HAL_TIM_PeriodElapsedCallback  scheduler.o
    0x08004e18   0x08004e18   0x00000008   Code   RO         1743    .text.HAL_TIM_TriggerCallback  stm32f1xx_hal_tim.o
    0x08004e20   0x08004e20   0x0000000c   Code   RO         2027    .text.HAL_UARTEx_RxEventCallback  stm32f1xx_hal_uart.o
    0x08004e2c   0x08004e2c   0x00000008   Code   RO         2025    .text.HAL_UART_ErrorCallback  stm32f1xx_hal_uart.o
    0x08004e34   0x08004e34   0x0000042a   Code   RO         2019    .text.HAL_UART_IRQHandler  stm32f1xx_hal_uart.o
    0x0800525e   0x0800525e   0x00000002   PAD
    0x08005260   0x08005260   0x0000009e   Code   RO         1935    .text.HAL_UART_Init  stm32f1xx_hal_uart.o
    0x080052fe   0x080052fe   0x00000002   PAD
    0x08005300   0x08005300   0x0000024c   Code   RO          783    .text.HAL_UART_MspInit  usart.o
    0x0800554c   0x0800554c   0x00000056   Code   RO         1959    .text.HAL_UART_Receive_IT  stm32f1xx_hal_uart.o
    0x080055a2   0x080055a2   0x00000002   PAD
    0x080055a4   0x080055a4   0x0000003c   Code   RO          608    .text.HAL_UART_RxCpltCallback  scheduler.o
    0x080055e0   0x080055e0   0x0000011e   Code   RO         1951    .text.HAL_UART_Transmit  stm32f1xx_hal_uart.o
    0x080056fe   0x080056fe   0x00000002   PAD
    0x08005700   0x08005700   0x00000022   Code   RO          610    .text.HAL_UART_TxCpltCallback  scheduler.o
    0x08005722   0x08005722   0x00000002   PAD
    0x08005724   0x08005724   0x00000004   Code   RO          800    .text.HardFault_Handler  stm32f1xx_it.o
    0x08005728   0x08005728   0x00000064   Code   RO         1400    .text.I2C_IsAcknowledgeFailed  stm32f1xx_hal_i2c.o
    0x0800578c   0x0800578c   0x000001aa   Code   RO         1258    .text.I2C_MasterRequestRead  stm32f1xx_hal_i2c.o
    0x08005936   0x08005936   0x00000002   PAD
    0x08005938   0x08005938   0x00000112   Code   RO         1250    .text.I2C_MasterRequestWrite  stm32f1xx_hal_i2c.o
    0x08005a4a   0x08005a4a   0x00000002   PAD
    0x08005a4c   0x08005a4c   0x000001e2   Code   RO         1294    .text.I2C_RequestMemoryRead  stm32f1xx_hal_i2c.o
    0x08005c2e   0x08005c2e   0x00000002   PAD
    0x08005c30   0x08005c30   0x000000ac   Code   RO         1254    .text.I2C_WaitOnBTFFlagUntilTimeout  stm32f1xx_hal_i2c.o
    0x08005cdc   0x08005cdc   0x00000108   Code   RO         1248    .text.I2C_WaitOnFlagUntilTimeout  stm32f1xx_hal_i2c.o
    0x08005de4   0x08005de4   0x00000154   Code   RO         1398    .text.I2C_WaitOnMasterAddressFlagUntilTimeout  stm32f1xx_hal_i2c.o
    0x08005f38   0x08005f38   0x000000dc   Code   RO         1260    .text.I2C_WaitOnRXNEFlagUntilTimeout  stm32f1xx_hal_i2c.o
    0x08006014   0x08006014   0x000000a8   Code   RO         1252    .text.I2C_WaitOnTXEFlagUntilTimeout  stm32f1xx_hal_i2c.o
    0x080060bc   0x080060bc   0x0000006a   Code   RO          712    .text.MX_DMA_Init   dma.o
    0x08006126   0x08006126   0x00000002   PAD
    0x08006128   0x08006128   0x00000022   Code   RO         2121    .text.MX_FATFS_Init  fatfs.o
    0x0800614a   0x0800614a   0x00000002   PAD
    0x0800614c   0x0800614c   0x000000f4   Code   RO          704    .text.MX_GPIO_Init  gpio.o
    0x08006240   0x08006240   0x00000048   Code   RO          720    .text.MX_I2C1_Init  i2c.o
    0x08006288   0x08006288   0x00000048   Code   RO          722    .text.MX_I2C2_Init  i2c.o
    0x080062d0   0x080062d0   0x00000028   Code   RO          737    .text.MX_SDIO_SD_Init  sdio.o
    0x080062f8   0x080062f8   0x00000126   Code   RO          752    .text.MX_TIM3_Init  tim.o
    0x0800641e   0x0800641e   0x00000002   PAD
    0x08006420   0x08006420   0x000000f2   Code   RO          756    .text.MX_TIM4_Init  tim.o
    0x08006512   0x08006512   0x00000002   PAD
    0x08006514   0x08006514   0x0000005c   Code   RO          758    .text.MX_TIM6_Init  tim.o
    0x08006570   0x08006570   0x0000005c   Code   RO          760    .text.MX_TIM7_Init  tim.o
    0x080065cc   0x080065cc   0x00000040   Code   RO          777    .text.MX_USART1_UART_Init  usart.o
    0x0800660c   0x0800660c   0x00000040   Code   RO          779    .text.MX_USART2_UART_Init  usart.o
    0x0800664c   0x0800664c   0x00000040   Code   RO          781    .text.MX_USART3_UART_Init  usart.o
    0x0800668c   0x0800668c   0x00000004   Code   RO          802    .text.MemManage_Handler  stm32f1xx_it.o
    0x08006690   0x08006690   0x00000004   Code   RO          798    .text.NMI_Handler   stm32f1xx_it.o
    0x08006694   0x08006694   0x0000006c   Code   RO         1040    .text.NVIC_EncodePriority  stm32f1xx_hal_cortex.o
    0x08006700   0x08006700   0x00000002   Code   RO          812    .text.PendSV_Handler  stm32f1xx_it.o
    0x08006702   0x08006702   0x00000002   PAD
    0x08006704   0x08006704   0x0000003a   Code   RO          924    .text.RCC_Delay     stm32f1xx_hal_rcc.o
    0x0800673e   0x0800673e   0x00000002   PAD
    0x08006740   0x08006740   0x00000048   Code   RO         1427    .text.SDIO_ConfigData  stm32f1xx_ll_sdmmc.o
    0x08006788   0x08006788   0x0000000e   Code   RO         1423    .text.SDIO_GetCommandResponse  stm32f1xx_ll_sdmmc.o
    0x08006796   0x08006796   0x00000002   PAD
    0x08006798   0x08006798   0x00000010   Code   RO         1419    .text.SDIO_GetPowerState  stm32f1xx_ll_sdmmc.o
    0x080067a8   0x080067a8   0x00000018   Code   RO         1425    .text.SDIO_GetResponse  stm32f1xx_ll_sdmmc.o
    0x080067c0   0x080067c0   0x00000010   Code   RO          824    .text.SDIO_IRQHandler  stm32f1xx_it.o
    0x080067d0   0x080067d0   0x0000005a   Code   RO         1409    .text.SDIO_Init     stm32f1xx_ll_sdmmc.o
    0x0800682a   0x0800682a   0x00000002   PAD
    0x0800682c   0x0800682c   0x00000010   Code   RO         1415    .text.SDIO_PowerState_ON  stm32f1xx_ll_sdmmc.o
    0x0800683c   0x0800683c   0x0000000e   Code   RO         1411    .text.SDIO_ReadFIFO  stm32f1xx_ll_sdmmc.o
    0x0800684a   0x0800684a   0x00000002   PAD
    0x0800684c   0x0800684c   0x00000042   Code   RO         1421    .text.SDIO_SendCommand  stm32f1xx_ll_sdmmc.o
    0x0800688e   0x0800688e   0x00000002   PAD
    0x08006890   0x08006890   0x00000016   Code   RO         1413    .text.SDIO_WriteFIFO  stm32f1xx_ll_sdmmc.o
    0x080068a6   0x080068a6   0x00000002   PAD
    0x080068a8   0x080068a8   0x0000003c   Code   RO         1469    .text.SDMMC_CmdAppCommand  stm32f1xx_ll_sdmmc.o
    0x080068e4   0x080068e4   0x0000003c   Code   RO         1471    .text.SDMMC_CmdAppOperCommand  stm32f1xx_ll_sdmmc.o
    0x08006920   0x08006920   0x0000003c   Code   RO         1435    .text.SDMMC_CmdBlockLength  stm32f1xx_ll_sdmmc.o
    0x0800695c   0x0800695c   0x0000002c   Code   RO         1461    .text.SDMMC_CmdGoIdleState  stm32f1xx_ll_sdmmc.o
    0x08006988   0x08006988   0x00000034   Code   RO         1465    .text.SDMMC_CmdOperCond  stm32f1xx_ll_sdmmc.o
    0x080069bc   0x080069bc   0x0000003c   Code   RO         1441    .text.SDMMC_CmdReadMultiBlock  stm32f1xx_ll_sdmmc.o
    0x080069f8   0x080069f8   0x0000003c   Code   RO         1439    .text.SDMMC_CmdReadSingleBlock  stm32f1xx_ll_sdmmc.o
    0x08006a34   0x08006a34   0x0000003e   Code   RO         1459    .text.SDMMC_CmdSelDesel  stm32f1xx_ll_sdmmc.o
    0x08006a72   0x08006a72   0x00000002   PAD
    0x08006a74   0x08006a74   0x00000030   Code   RO         1479    .text.SDMMC_CmdSendCID  stm32f1xx_ll_sdmmc.o
    0x08006aa4   0x08006aa4   0x00000034   Code   RO         1483    .text.SDMMC_CmdSendCSD  stm32f1xx_ll_sdmmc.o
    0x08006ad8   0x08006ad8   0x0000003c   Code   RO         1491    .text.SDMMC_CmdSendStatus  stm32f1xx_ll_sdmmc.o
    0x08006b14   0x08006b14   0x00000038   Code   RO         1485    .text.SDMMC_CmdSetRelAdd  stm32f1xx_ll_sdmmc.o
    0x08006b4c   0x08006b4c   0x0000003c   Code   RO         1457    .text.SDMMC_CmdStopTransfer  stm32f1xx_ll_sdmmc.o
    0x08006b88   0x08006b88   0x0000003c   Code   RO         1445    .text.SDMMC_CmdWriteMultiBlock  stm32f1xx_ll_sdmmc.o
    0x08006bc4   0x08006bc4   0x0000003c   Code   RO         1443    .text.SDMMC_CmdWriteSingleBlock  stm32f1xx_ll_sdmmc.o
    0x08006c00   0x08006c00   0x0000005a   Code   RO         1463    .text.SDMMC_GetCmdError  stm32f1xx_ll_sdmmc.o
    0x08006c5a   0x08006c5a   0x00000002   PAD
    0x08006c5c   0x08006c5c   0x00000246   Code   RO         1437    .text.SDMMC_GetCmdResp1  stm32f1xx_ll_sdmmc.o
    0x08006ea2   0x08006ea2   0x00000002   PAD
    0x08006ea4   0x08006ea4   0x000000a8   Code   RO         1481    .text.SDMMC_GetCmdResp2  stm32f1xx_ll_sdmmc.o
    0x08006f4c   0x08006f4c   0x00000092   Code   RO         1473    .text.SDMMC_GetCmdResp3  stm32f1xx_ll_sdmmc.o
    0x08006fde   0x08006fde   0x00000002   PAD
    0x08006fe0   0x08006fe0   0x00000114   Code   RO         1487    .text.SDMMC_GetCmdResp6  stm32f1xx_ll_sdmmc.o
    0x080070f4   0x080070f4   0x000000b6   Code   RO         1467    .text.SDMMC_GetCmdResp7  stm32f1xx_ll_sdmmc.o
    0x080071aa   0x080071aa   0x00000002   PAD
    0x080071ac   0x080071ac   0x0000006c   Code   RO         1558    .text.SD_DMARxAbort  stm32f1xx_hal_sd.o
    0x08007218   0x08007218   0x0000006c   Code   RO         1556    .text.SD_DMATxAbort  stm32f1xx_hal_sd.o
    0x08007284   0x08007284   0x0000018a   Code   RO         1516    .text.SD_InitCard   stm32f1xx_hal_sd.o
    0x0800740e   0x0800740e   0x00000002   PAD
    0x08007410   0x08007410   0x0000013e   Code   RO         1514    .text.SD_PowerON    stm32f1xx_hal_sd.o
    0x0800754e   0x0800754e   0x00000002   PAD
    0x08007550   0x08007550   0x0000009c   Code   RO         1546    .text.SD_Read_IT    stm32f1xx_hal_sd.o
    0x080075ec   0x080075ec   0x0000004e   Code   RO         1584    .text.SD_SendStatus  stm32f1xx_hal_sd.o
    0x0800763a   0x0800763a   0x00000002   PAD
    0x0800763c   0x0800763c   0x000000a8   Code   RO         1554    .text.SD_Write_IT   stm32f1xx_hal_sd.o
    0x080076e4   0x080076e4   0x0000003c   Code   RO         2330    .text.SD_initialize  sd_diskio.o
    0x08007720   0x08007720   0x000000a0   Code   RO         2338    .text.SD_ioctl      sd_diskio.o
    0x080077c0   0x080077c0   0x0000006c   Code   RO         2334    .text.SD_read       sd_diskio.o
    0x0800782c   0x0800782c   0x0000003c   Code   RO         2332    .text.SD_status     sd_diskio.o
    0x08007868   0x08007868   0x0000006c   Code   RO         2336    .text.SD_write      sd_diskio.o
    0x080078d4   0x080078d4   0x00000002   Code   RO          808    .text.SVC_Handler   stm32f1xx_it.o
    0x080078d6   0x080078d6   0x00000002   PAD
    0x080078d8   0x080078d8   0x00000052   Code   RO         1056    .text.SysTick_Config  stm32f1xx_hal_cortex.o
    0x0800792a   0x0800792a   0x00000002   PAD
    0x0800792c   0x0800792c   0x0000000c   Code   RO          814    .text.SysTick_Handler  stm32f1xx_it.o
    0x08007938   0x08007938   0x0000006c   Code   RO          692    .text.SystemClock_Config  main.o
    0x080079a4   0x080079a4   0x00000002   Code   RO         2066    .text.SystemInit    system_stm32f1xx.o
    0x080079a6   0x080079a6   0x00000002   PAD
    0x080079a8   0x080079a8   0x00000010   Code   RO          826    .text.TIM6_IRQHandler  stm32f1xx_it.o
    0x080079b8   0x080079b8   0x00000010   Code   RO          828    .text.TIM7_IRQHandler  stm32f1xx_it.o
    0x080079c8   0x080079c8   0x00000140   Code   RO         1603    .text.TIM_Base_SetConfig  stm32f1xx_hal_tim.o
    0x08007b08   0x08007b08   0x00000036   Code   RO         1637    .text.TIM_CCxChannelCmd  stm32f1xx_hal_tim.o
    0x08007b3e   0x08007b3e   0x00000002   PAD
    0x08007b40   0x08007b40   0x00000034   Code   RO         1789    .text.TIM_ETR_SetConfig  stm32f1xx_hal_tim.o
    0x08007b74   0x08007b74   0x0000002a   Code   RO         1795    .text.TIM_ITRx_SetConfig  stm32f1xx_hal_tim.o
    0x08007b9e   0x08007b9e   0x00000002   PAD
    0x08007ba0   0x08007ba0   0x000000ee   Code   RO         1747    .text.TIM_OC1_SetConfig  stm32f1xx_hal_tim.o
    0x08007c8e   0x08007c8e   0x00000002   PAD
    0x08007c90   0x08007c90   0x000000f8   Code   RO         1749    .text.TIM_OC2_SetConfig  stm32f1xx_hal_tim.o
    0x08007d88   0x08007d88   0x000000f6   Code   RO         1751    .text.TIM_OC3_SetConfig  stm32f1xx_hal_tim.o
    0x08007e7e   0x08007e7e   0x00000002   PAD
    0x08007e80   0x08007e80   0x000000a6   Code   RO         1753    .text.TIM_OC4_SetConfig  stm32f1xx_hal_tim.o
    0x08007f26   0x08007f26   0x00000002   PAD
    0x08007f28   0x08007f28   0x00000050   Code   RO         1793    .text.TIM_TI1_ConfigInputStage  stm32f1xx_hal_tim.o
    0x08007f78   0x08007f78   0x00000052   Code   RO         1797    .text.TIM_TI2_ConfigInputStage  stm32f1xx_hal_tim.o
    0x08007fca   0x08007fca   0x00000002   PAD
    0x08007fcc   0x08007fcc   0x00000020   Code   RO         2023    .text.UART_DMAAbortOnError  stm32f1xx_hal_uart.o
    0x08007fec   0x08007fec   0x00000094   Code   RO         1983    .text.UART_EndRxTransfer  stm32f1xx_hal_uart.o
    0x08008080   0x08008080   0x00000026   Code   RO         2031    .text.UART_EndTransmit_IT  stm32f1xx_hal_uart.o
    0x080080a6   0x080080a6   0x00000002   PAD
    0x080080a8   0x080080a8   0x0000016a   Code   RO         2021    .text.UART_Receive_IT  stm32f1xx_hal_uart.o
    0x08008212   0x08008212   0x00000002   PAD
    0x08008214   0x08008214   0x000000ba   Code   RO         1939    .text.UART_SetConfig  stm32f1xx_hal_uart.o
    0x080082ce   0x080082ce   0x00000002   PAD
    0x080082d0   0x080082d0   0x00000062   Code   RO         1961    .text.UART_Start_Receive_IT  stm32f1xx_hal_uart.o
    0x08008332   0x08008332   0x00000002   PAD
    0x08008334   0x08008334   0x00000094   Code   RO         2029    .text.UART_Transmit_IT  stm32f1xx_hal_uart.o
    0x080083c8   0x080083c8   0x000000d2   Code   RO         1953    .text.UART_WaitOnFlagUntilTimeout  stm32f1xx_hal_uart.o
    0x0800849a   0x0800849a   0x00000002   PAD
    0x0800849c   0x0800849c   0x00000010   Code   RO          818    .text.USART1_IRQHandler  stm32f1xx_it.o
    0x080084ac   0x080084ac   0x00000010   Code   RO          820    .text.USART2_IRQHandler  stm32f1xx_it.o
    0x080084bc   0x080084bc   0x00000010   Code   RO          822    .text.USART3_IRQHandler  stm32f1xx_it.o
    0x080084cc   0x080084cc   0x00000004   Code   RO          806    .text.UsageFault_Handler  stm32f1xx_it.o
    0x080084d0   0x080084d0   0x00000030   Code   RO         1044    .text.__NVIC_EnableIRQ  stm32f1xx_hal_cortex.o
    0x08008500   0x08008500   0x00000010   Code   RO         1036    .text.__NVIC_GetPriorityGrouping  stm32f1xx_hal_cortex.o
    0x08008510   0x08008510   0x00000042   Code   RO         1038    .text.__NVIC_SetPriority  stm32f1xx_hal_cortex.o
    0x08008552   0x08008552   0x00000002   PAD
    0x08008554   0x08008554   0x0000003c   Code   RO         1032    .text.__NVIC_SetPriorityGrouping  stm32f1xx_hal_cortex.o
    0x08008590   0x08008590   0x00000164   Code   RO          344    .text.atan2_approx  maths.o
    0x080086f4   0x080086f4   0x000004e2   Code   RO          647    .text.attitude_ctrl  attitude_control.o
    0x08008bd6   0x08008bd6   0x00000002   PAD
    0x08008bd8   0x08008bd8   0x000000b0   Code   RO          645    .text.attitude_ctrl_init  attitude_control.o
    0x08008c88   0x08008c88   0x00000024   Code   RO          173    .text.black_box_close  blackbox.o
    0x08008cac   0x08008cac   0x0000005c   Code   RO          151    .text.black_box_init  blackbox.o
    0x08008d08   0x08008d08   0x0000004e   Code   RO          169    .text.black_box_load  blackbox.o
    0x08008d56   0x08008d56   0x00000002   PAD
    0x08008d58   0x08008d58   0x00000066   Code   RO          155    .text.black_box_open_file  blackbox.o
    0x08008dbe   0x08008dbe   0x00000002   PAD
    0x08008dc0   0x08008dc0   0x0000014c   Code   RO          163    .text.black_box_pack_int  blackbox.o
    0x08008f0c   0x08008f0c   0x0000007c   Code   RO          167    .text.black_box_pack_str  blackbox.o
    0x08008f88   0x08008f88   0x00000024   Code   RO          171    .text.black_box_sync  blackbox.o
    0x08008fac   0x08008fac   0x000000c4   Code   RO         2259    .text.check_fs      ff.o
    0x08009070   0x08009070   0x0000003c   Code   RO         2265    .text.chk_chr       ff.o
    0x080090ac   0x080090ac   0x0000011c   Code   RO         2175    .text.chk_lock      ff.o
    0x080091c8   0x080091c8   0x00000050   Code   RO         2167    .text.clear_lock    ff.o
    0x08009218   0x08009218   0x00000078   Code   RO         2193    .text.clmt_clust    ff.o
    0x08009290   0x08009290   0x00000042   Code   RO         2155    .text.clust2sect    ff.o
    0x080092d2   0x080092d2   0x00000002   PAD
    0x080092d4   0x080092d4   0x000000da   Code   RO         2267    .text.cmp_lfn       ff.o
    0x080093ae   0x080093ae   0x00000002   PAD
    0x080093b0   0x080093b0   0x00000034   Code   RO          480    .text.constrain     pwm.o
    0x080093e4   0x080093e4   0x00000034   Code   RO          651    .text.constrain     attitude_control.o
    0x08009418   0x08009418   0x0000003a   Code   RO          409    .text.constrainf    pid.o
    0x08009452   0x08009452   0x00000002   PAD
    0x08009454   0x08009454   0x0000003a   Code   RO          649    .text.constrainf    attitude_control.o
    0x0800948e   0x0800948e   0x00000002   PAD
    0x08009490   0x08009490   0x0000001c   Code   RO          342    .text.cos_approx    maths.o
    0x080094ac   0x080094ac   0x0000016e   Code   RO         2199    .text.create_chain  ff.o
    0x0800961a   0x0800961a   0x00000002   PAD
    0x0800961c   0x0800961c   0x00000446   Code   RO         2261    .text.create_name   ff.o
    0x08009a62   0x08009a62   0x00000002   PAD
    0x08009a64   0x08009a64   0x0000009e   Code   RO         2207    .text.dec_lock      ff.o
    0x08009b02   0x08009b02   0x00000002   PAD
    0x08009b04   0x08009b04   0x000000ac   Code   RO         2275    .text.dir_alloc     ff.o
    0x08009bb0   0x08009bb0   0x000001de   Code   RO         2263    .text.dir_find      ff.o
    0x08009d8e   0x08009d8e   0x00000002   PAD
    0x08009d90   0x08009d90   0x0000026e   Code   RO         2223    .text.dir_next      ff.o
    0x08009ffe   0x08009ffe   0x00000002   PAD
    0x0800a000   0x0800a000   0x0000024a   Code   RO         2179    .text.dir_register  ff.o
    0x0800a24a   0x0800a24a   0x00000002   PAD
    0x0800a24c   0x0800a24c   0x00000198   Code   RO         2213    .text.dir_sdi       ff.o
    0x0800a3e4   0x0800a3e4   0x00000050   Code   RO         2138    .text.disk_initialize  diskio.o
    0x0800a434   0x0800a434   0x0000003a   Code   RO         2144    .text.disk_ioctl    diskio.o
    0x0800a46e   0x0800a46e   0x00000002   PAD
    0x0800a470   0x0800a470   0x0000003c   Code   RO         2140    .text.disk_read     diskio.o
    0x0800a4ac   0x0800a4ac   0x0000002e   Code   RO         2136    .text.disk_status   diskio.o
    0x0800a4da   0x0800a4da   0x00000002   PAD
    0x0800a4dc   0x0800a4dc   0x0000003c   Code   RO         2142    .text.disk_write    diskio.o
    0x0800a518   0x0800a518   0x0000004e   Code   RO         2177    .text.enq_lock      ff.o
    0x0800a566   0x0800a566   0x00000002   PAD
    0x0800a568   0x0800a568   0x0000005a   Code   RO         2205    .text.f_close       ff.o
    0x0800a5c2   0x0800a5c2   0x00000002   PAD
    0x0800a5c4   0x0800a5c4   0x000005cc   Code   RO         2209    .text.f_lseek       ff.o
    0x0800ab90   0x0800ab90   0x000000ac   Code   RO         2163    .text.f_mount       ff.o
    0x0800ac3c   0x0800ac3c   0x00000436   Code   RO         2171    .text.f_open        ff.o
    0x0800b072   0x0800b072   0x00000002   PAD
    0x0800b074   0x0800b074   0x00000066   Code   RO         2255    .text.f_puts        ff.o
    0x0800b0da   0x0800b0da   0x00000002   PAD
    0x0800b0dc   0x0800b0dc   0x00000154   Code   RO         2201    .text.f_sync        ff.o
    0x0800b230   0x0800b230   0x00000428   Code   RO         2197    .text.f_write       ff.o
    0x0800b658   0x0800b658   0x000000aa   Code   RO         2316    .text.ff_convert    ccsbcs.o
    0x0800b702   0x0800b702   0x00000002   PAD
    0x0800b704   0x0800b704   0x00000084   Code   RO         2318    .text.ff_wtoupper   ccsbcs.o
    0x0800b788   0x0800b788   0x0000057c   Code   RO         2169    .text.find_volume   ff.o
    0x0800bd04   0x0800bd04   0x000000d4   Code   RO         2277    .text.fit_lfn       ff.o
    0x0800bdd8   0x0800bdd8   0x000000fc   Code   RO         2173    .text.follow_path   ff.o
    0x0800bed4   0x0800bed4   0x00000148   Code   RO         2273    .text.gen_numname   ff.o
    0x0800c01c   0x0800c01c   0x0000018e   Code   RO         2157    .text.get_fat       ff.o
    0x0800c1aa   0x0800c1aa   0x00000002   PAD
    0x0800c1ac   0x0800c1ac   0x00000004   Code   RO         2123    .text.get_fattime   fatfs.o
    0x0800c1b0   0x0800c1b0   0x000000a8   Code   RO         2165    .text.get_ldnumber  ff.o
    0x0800c258   0x0800c258   0x00000038   Code   RO          240    .text.gps_callback  gps.o
    0x0800c290   0x0800c290   0x000000de   Code   RO          232    .text.gps_init      gps.o
    0x0800c36e   0x0800c36e   0x00000002   PAD
    0x0800c370   0x0800c370   0x0000000c   Code   RO          234    .text.gps_uart_port  gps.o
    0x0800c37c   0x0800c37c   0x00000168   Code   RO          283    .text.gyro_read     imu.o
    0x0800c4e4   0x0800c4e4   0x0000006c   Code   RO           43    .text.hmc_get_raw   hmc5883.o
    0x0800c550   0x0800c550   0x00000182   Code   RO          438    .text.i2cDectect    sensordetect.o
    0x0800c6d2   0x0800c6d2   0x00000002   PAD
    0x0800c6d4   0x0800c6d4   0x000000b0   Code   RO          132    .text.ibusDataReceive  ibus.o
    0x0800c784   0x0800c784   0x00000112   Code   RO          128    .text.ibusFrameComplete  ibus.o
    0x0800c896   0x0800c896   0x00000002   PAD
    0x0800c898   0x0800c898   0x0000006a   Code   RO          130    .text.ibus_calback  ibus.o
    0x0800c902   0x0800c902   0x00000002   PAD
    0x0800c904   0x0800c904   0x00000062   Code   RO          122    .text.ibus_init     ibus.o
    0x0800c966   0x0800c966   0x00000002   PAD
    0x0800c968   0x0800c968   0x0000005c   Code   RO          126    .text.ibus_run      ibus.o
    0x0800c9c4   0x0800c9c4   0x0000000c   Code   RO          124    .text.ibus_uart_port  ibus.o
    0x0800c9d0   0x0800c9d0   0x000000b4   Code   RO          277    .text.imu_calibrate  imu.o
    0x0800ca84   0x0800ca84   0x000007fc   Code   RO          281    .text.imu_update_ahrs  imu.o
    0x0800d280   0x0800d280   0x0000019c   Code   RO         2187    .text.inc_lock      ff.o
    0x0800d41c   0x0800d41c   0x0000008a   Code   RO          476    .text.initPWM       pwm.o
    0x0800d4a6   0x0800d4a6   0x00000002   PAD
    0x0800d4a8   0x0800d4a8   0x000000d6   Code   RO          616    .text.init_scheduler  scheduler.o
    0x0800d57e   0x0800d57e   0x00000002   PAD
    0x0800d580   0x0800d580   0x00000086   Code   RO          165    .text.intToStr      blackbox.o
    0x0800d606   0x0800d606   0x00000002   PAD
    0x0800d608   0x0800d608   0x00000058   Code   RO          396    .text.invSqrt_      maths.o
    0x0800d660   0x0800d660   0x00000034   Code   RO         2181    .text.ld_clust      ff.o
    0x0800d694   0x0800d694   0x0000004c   Code   RO          690    .text.main          main.o
    0x0800d6e0   0x0800d6e0   0x0000000e   Code   RO          600    .text.main_loop     plane.o
    0x0800d6ee   0x0800d6ee   0x00000002   PAD
    0x0800d6f0   0x0800d6f0   0x00000064   Code   RO          553    .text.mavlink_tx_cpl_callback  mavlink_handler.o
    0x0800d754   0x0800d754   0x0000000c   Code   RO          535    .text.mavlink_uart_port  mavlink_handler.o
    0x0800d760   0x0800d760   0x00000052   Code   RO         2271    .text.mem_cmp       ff.o
    0x0800d7b2   0x0800d7b2   0x00000002   PAD
    0x0800d7b4   0x0800d7b4   0x00000032   Code   RO         2195    .text.mem_cpy       ff.o
    0x0800d7e6   0x0800d7e6   0x00000002   PAD
    0x0800d7e8   0x0800d7e8   0x00000028   Code   RO         2239    .text.mem_set       ff.o
    0x0800d810   0x0800d810   0x00000068   Code   RO         2159    .text.move_window   ff.o
    0x0800d878   0x0800d878   0x00000028   Code   RO           65    .text.mpu6050Connection  mpu6050.o
    0x0800d8a0   0x0800d8a0   0x00000084   Code   RO           73    .text.mpu6050_acc_get_raw  mpu6050.o
    0x0800d924   0x0800d924   0x00000078   Code   RO           71    .text.mpu6050_gyro_get_raw  mpu6050.o
    0x0800d99c   0x0800d99c   0x000000dc   Code   RO           69    .text.mpu6050_init  mpu6050.o
    0x0800da78   0x0800da78   0x00000092   Code   RO           88    .text.ms5611_init   ms5611.o
    0x0800db0a   0x0800db0a   0x00000002   PAD
    0x0800db0c   0x0800db0c   0x00000048   Code   RO           92    .text.ms5611_prom   ms5611.o
    0x0800db54   0x0800db54   0x00000062   Code   RO           98    .text.ms5611_read_adc  ms5611.o
    0x0800dbb6   0x0800dbb6   0x00000002   PAD
    0x0800dbb8   0x0800dbb8   0x0000002e   Code   RO           90    .text.ms5611_reset  ms5611.o
    0x0800dbe6   0x0800dbe6   0x00000002   PAD
    0x0800dbe8   0x0800dbe8   0x000000c0   Code   RO           94    .text.ms5611_start  ms5611.o
    0x0800dca8   0x0800dca8   0x0000049c   Code   RO          100    .text.ms_5611_readout  ms5611.o
    0x0800e144   0x0800e144   0x000002b2   Code   RO          238    .text.newdata       gps.o
    0x0800e3f6   0x0800e3f6   0x00000002   PAD
    0x0800e3f8   0x0800e3f8   0x00000214   Code   RO          242    .text.parse_msg     gps.o
    0x0800e60c   0x0800e60c   0x00000136   Code   RO          407    .text.pid_cal       pid.o
    0x0800e742   0x0800e742   0x00000002   PAD
    0x0800e744   0x0800e744   0x0000005a   Code   RO          405    .text.pid_init      pid.o
    0x0800e79e   0x0800e79e   0x00000002   PAD
    0x0800e7a0   0x0800e7a0   0x0000023c   Code   RO         2161    .text.put_fat       ff.o
    0x0800e9dc   0x0800e9dc   0x0000007a   Code   RO         2253    .text.putc_bfd      ff.o
    0x0800ea56   0x0800ea56   0x00000002   PAD
    0x0800ea58   0x0800ea58   0x00000066   Code   RO          484    .text.pwm_systick_callback  pwm.o
    0x0800eabe   0x0800eabe   0x00000002   PAD
    0x0800eac0   0x0800eac0   0x000000c4   Code   RO         2185    .text.remove_chain  ff.o
    0x0800eb84   0x0800eb84   0x00000048   Code   RO          181    .text.reverse       blackbox.o
    0x0800ebcc   0x0800ebcc   0x00000028   Code   RO           96    .text.send_cmd      ms5611.o
    0x0800ebf4   0x0800ebf4   0x0000012c   Code   RO          340    .text.sin_approx    maths.o
    0x0800ed20   0x0800ed20   0x00000028   Code   RO         2183    .text.st_clust      ff.o
    0x0800ed48   0x0800ed48   0x000001ea   Code   RO          618    .text.start_scheduler  scheduler.o
    0x0800ef32   0x0800ef32   0x00000002   PAD
    0x0800ef34   0x0800ef34   0x0000003e   Code   RO         2269    .text.sum_sfn       ff.o
    0x0800ef72   0x0800ef72   0x00000002   PAD
    0x0800ef74   0x0800ef74   0x00000136   Code   RO         2203    .text.sync_fs       ff.o
    0x0800f0aa   0x0800f0aa   0x00000002   PAD
    0x0800f0ac   0x0800f0ac   0x000000ac   Code   RO         2237    .text.sync_window   ff.o
    0x0800f158   0x0800f158   0x000001be   Code   RO          620    .text.task_black_box  scheduler.o
    0x0800f316   0x0800f316   0x00000002   PAD
    0x0800f318   0x0800f318   0x00000014   Code   RO          624    .text.task_check_gps_fix  scheduler.o
    0x0800f32c   0x0800f32c   0x0000000c   Code   RO          459    .text.timer_name    timer.o
    0x0800f338   0x0800f338   0x0000001c   Code   RO          457    .text.timer_start   timer.o
    0x0800f354   0x0800f354   0x0000004c   Code   RO          622    .text.tonggle_green_led  scheduler.o
    0x0800f3a0   0x0800f3a0   0x00000074   Code   RO         2191    .text.validate      ff.o
    0x0800f414   0x0800f414   0x000000c4   Code   RO          478    .text.writePwm      pwm.o
    0x0800f4d8   0x0800f4d8   0x00000084   Code   RO          482    .text.write_pwm_ctrl  pwm.o
    0x0800f55c   0x0800f55c   0x00000028   Code   RO         2509    i.__ARM_fpclassify  m_ws.l(fpclassify.o)
    0x0800f584   0x0800f584   0x000000aa   Code   RO         2527    i.__kernel_poly     m_ws.l(poly.o)
    0x0800f62e   0x0800f62e   0x00000002   PAD
    0x0800f630   0x0800f630   0x00000010   Code   RO         2495    i.__mathlib_dbl_divzero  m_ws.l(dunder.o)
    0x0800f640   0x0800f640   0x00000004   Code   RO         2497    i.__mathlib_dbl_infnan2  m_ws.l(dunder.o)
    0x0800f644   0x0800f644   0x0000000c   Code   RO         2498    i.__mathlib_dbl_invalid  m_ws.l(dunder.o)
    0x0800f650   0x0800f650   0x0000000e   Code   RO         2499    i.__mathlib_dbl_overflow  m_ws.l(dunder.o)
    0x0800f65e   0x0800f65e   0x00000002   PAD
    0x0800f660   0x0800f660   0x00000010   Code   RO         2501    i.__mathlib_dbl_underflow  m_ws.l(dunder.o)
    0x0800f670   0x0800f670   0x000009ec   Code   RO         2429    i.pow               m_ws.l(pow.o)
    0x0801005c   0x0801005c   0x0000004c   Code   RO         2439    i.sqrt              m_ws.l(sqrt.o)
    0x080100a8   0x080100a8   0x0000002c   Code   RO         2443    i.sqrtf             m_ws.l(sqrtf.o)
    0x080100d4   0x080100d4   0x00000062   Code   RO         2362    x$fpl$d2f           fz_ws.l(d2f.o)
    0x08010136   0x08010136   0x00000002   PAD
    0x08010138   0x08010138   0x00000150   Code   RO         2364    x$fpl$dadd          fz_ws.l(daddsub_clz.o)
    0x08010288   0x08010288   0x00000010   Code   RO         2552    x$fpl$dcheck1       fz_ws.l(dcheck1.o)
    0x08010298   0x08010298   0x00000018   Code   RO         2554    x$fpl$dcmpinf       fz_ws.l(dcmpi.o)
    0x080102b0   0x080102b0   0x000002b4   Code   RO         2373    x$fpl$ddiv          fz_ws.l(ddiv.o)
    0x08010564   0x08010564   0x00000078   Code   RO         2457    x$fpl$deqf          fz_ws.l(deqf.o)
    0x080105dc   0x080105dc   0x0000005e   Code   RO         2376    x$fpl$dfix          fz_ws.l(dfix.o)
    0x0801063a   0x0801063a   0x0000002e   Code   RO         2385    x$fpl$dflt          fz_ws.l(dflt_clz.o)
    0x08010668   0x08010668   0x00000026   Code   RO         2384    x$fpl$dfltu         fz_ws.l(dflt_clz.o)
    0x0801068e   0x0801068e   0x00000002   PAD
    0x08010690   0x08010690   0x00000078   Code   RO         2459    x$fpl$dgeqf         fz_ws.l(dgeqf.o)
    0x08010708   0x08010708   0x00000078   Code   RO         2461    x$fpl$dleqf         fz_ws.l(dleqf.o)
    0x08010780   0x08010780   0x00000154   Code   RO         2390    x$fpl$dmul          fz_ws.l(dmul.o)
    0x080108d4   0x080108d4   0x0000009c   Code   RO         2463    x$fpl$dnaninf       fz_ws.l(dnaninf.o)
    0x08010970   0x08010970   0x0000000c   Code   RO         2465    x$fpl$dretinf       fz_ws.l(dretinf.o)
    0x0801097c   0x0801097c   0x0000006c   Code   RO         2467    x$fpl$drleqf        fz_ws.l(drleqf.o)
    0x080109e8   0x080109e8   0x00000016   Code   RO         2365    x$fpl$drsb          fz_ws.l(daddsub_clz.o)
    0x080109fe   0x080109fe   0x00000002   PAD
    0x08010a00   0x08010a00   0x000001cc   Code   RO         2469    x$fpl$dsqrt         fz_ws.l(dsqrt_noumaal.o)
    0x08010bcc   0x08010bcc   0x000001dc   Code   RO         2366    x$fpl$dsub          fz_ws.l(daddsub_clz.o)
    0x08010da8   0x08010da8   0x00000056   Code   RO         2392    x$fpl$f2d           fz_ws.l(f2d.o)
    0x08010dfe   0x08010dfe   0x00000002   PAD
    0x08010e00   0x08010e00   0x000000c4   Code   RO         2394    x$fpl$fadd          fz_ws.l(faddsub_clz.o)
    0x08010ec4   0x08010ec4   0x00000054   Code   RO         2370    x$fpl$fcmp          fz_ws.l(dcmp.o)
    0x08010f18   0x08010f18   0x00000054   Code   RO         2400    x$fpl$fcmp          fz_ws.l(fcmp.o)
    0x08010f6c   0x08010f6c   0x00000018   Code   RO         2558    x$fpl$fcmpinf       fz_ws.l(fcmpi.o)
    0x08010f84   0x08010f84   0x00000184   Code   RO         2403    x$fpl$fdiv          fz_ws.l(fdiv.o)
    0x08011108   0x08011108   0x00000068   Code   RO         2471    x$fpl$feqf          fz_ws.l(feqf.o)
    0x08011170   0x08011170   0x00000036   Code   RO         2406    x$fpl$ffix          fz_ws.l(ffix.o)
    0x080111a6   0x080111a6   0x00000002   PAD
    0x080111a8   0x080111a8   0x00000030   Code   RO         2415    x$fpl$fflt          fz_ws.l(fflt_clz.o)
    0x080111d8   0x080111d8   0x00000026   Code   RO         2414    x$fpl$ffltu         fz_ws.l(fflt_clz.o)
    0x080111fe   0x080111fe   0x00000002   PAD
    0x08011200   0x08011200   0x00000068   Code   RO         2473    x$fpl$fgeqf         fz_ws.l(fgeqf.o)
    0x08011268   0x08011268   0x00000068   Code   RO         2475    x$fpl$fleqf         fz_ws.l(fleqf.o)
    0x080112d0   0x080112d0   0x00000102   Code   RO         2422    x$fpl$fmul          fz_ws.l(fmul.o)
    0x080113d2   0x080113d2   0x0000008c   Code   RO         2477    x$fpl$fnaninf       fz_ws.l(fnaninf.o)
    0x0801145e   0x0801145e   0x0000000a   Code   RO         2479    x$fpl$fretinf       fz_ws.l(fretinf.o)
    0x08011468   0x08011468   0x00000110   Code   RO         2481    x$fpl$fsqrt         fz_ws.l(fsqrt.o)
    0x08011578   0x08011578   0x000000ea   Code   RO         2396    x$fpl$fsub          fz_ws.l(faddsub_clz.o)
    0x08011662   0x08011662   0x00000064   Code   RO         2577    x$fpl$retnan        fz_ws.l(retnan.o)
    0x080116c6   0x080116c6   0x0000005c   Code   RO         2485    x$fpl$scalbn        fz_ws.l(scalbn.o)
    0x08011722   0x08011722   0x00000030   Code   RO         2634    x$fpl$trapveneer    fz_ws.l(trapv.o)
    0x08011752   0x08011752   0x00000000   Code   RO         2489    x$fpl$usenofp       fz_ws.l(usenofp.o)
    0x08011752   0x08011752   0x00000006   PAD
    0x08011758   0x08011758   0x00000088   Data   RO         2430    .constdata          m_ws.l(pow.o)
    0x080117e0   0x080117e0   0x00000008   Data   RO         2529    .constdata          m_ws.l(qnan.o)
    0x080117e8   0x080117e8   0x00000010   Data   RO         2071    .rodata.AHBPrescTable  system_stm32f1xx.o
    0x080117f8   0x080117f8   0x00000008   Data   RO         2072    .rodata.APBPrescTable  system_stm32f1xx.o
    0x08011800   0x08011800   0x00000080   Data   RO         2288    .rodata.ExCvt       ff.o
    0x08011880   0x08011880   0x00000010   Data   RO          950    .rodata.HAL_RCC_GetSysClockFreq.aPLLMULFactorTable  stm32f1xx_hal_rcc.o
    0x08011890   0x08011890   0x00000002   Data   RO          951    .rodata.HAL_RCC_GetSysClockFreq.aPredivFactorTable  stm32f1xx_hal_rcc.o
    0x08011892   0x08011892   0x0000000d   Data   RO         2289    .rodata.LfnOfs      ff.o
    0x0801189f   0x0801189f   0x00000001   PAD
    0x080118a0   0x080118a0   0x00000014   Data   RO         2340    .rodata.SD_Driver   sd_diskio.o
    0x080118b4   0x080118b4   0x00000100   Data   RO         2320    .rodata.Tbl         ccsbcs.o
    0x080119b4   0x080119b4   0x000001e0   Data   RO         2321    .rodata.ff_wtoupper.tbl_lower  ccsbcs.o
    0x08011b94   0x08011b94   0x000001e0   Data   RO         2322    .rodata.ff_wtoupper.tbl_upper  ccsbcs.o
    0x08011d74   0x08011d74   0x0000005c   Data   RO          442    .rodata.str1.1      sensordetect.o
    0x08011dd0   0x08011dd0   0x00000042   Data   RO          628    .rodata.str1.1      scheduler.o
    0x08011e12   0x08011e12   0x00000044   Data   RO         2285    .rodata.str1.1      ff.o
    0x08011e56   0x08011e56   0x0000001c   Data   RO          251    .rodata.uart57600   gps.o
    0x08011e72   0x08011e72   0x000000a8   Data   RO          249    .rodata.ubloxInit   gps.o
    0x08011f1a   0x08011f1a   0x00000002   PAD
    0x08011f1c   0x08011f1c   0x00000020   Data   RO         2714    Region$$Table       anon$$obj.o


    Execution Region RW_IRAM1 (Exec base: 0x20000000, Load base: 0x08011f40, Size: 0x00006e80, Max: 0x0000c000, ABSOLUTE)

    Exec Addr    Load Addr    Size         Type   Attr      Idx    E Section Name        Object

    0x20000000   0x08011f40   0x00000001   Data   RW         2341    .data.Stat          sd_diskio.o
    0x20000001   0x08011f41   0x00000003   PAD
    0x20000004   0x08011f44   0x00000004   Data   RW         2070    .data.SystemCoreClock  system_stm32f1xx.o
    0x20000008   0x08011f48   0x0000000c   Data   RW          286    .data.config        imu.o
    0x20000014   0x08011f54   0x00000004   Data   RW          292    .data.imu_update_ahrs.q0  imu.o
    0x20000018   0x08011f58   0x00000004   Data   RW          656    .data.maxx_thrust   attitude_control.o
    0x2000001c   0x08011f5c   0x00000001   Data   RW          114    .data.ms_5611_readout.pr_start  ms5611.o
    0x2000001d   0x08011f5d   0x00000003   PAD
    0x20000020   0x08011f60   0x00000004   Data   RW          663    .data.pitch_trim    attitude_control.o
    0x20000024   0x08011f64   0x00000002   Data   RW           48    .data.read_timeout  hmc5883.o
    0x20000026   0x08011f66   0x00000002   PAD
    0x20000028   0x08011f68   0x0000003c   Data   RW          443    .data.sensor_list   sensordetect.o
    0x20000064   0x08011fa4   0x0000008c   Data   RW          626    .data.task          scheduler.o
    0x200000f0   0x08012030   0x00000010   Data   RW          250    .data.ubloxSbasInit  gps.o
    0x20000100   0x08012040   0x00000001   Data   RW          911    .data.uwTickFreq    stm32f1xx_hal.o
    0x20000101   0x08012041   0x00000003   PAD
    0x20000104   0x08012044   0x00000004   Data   RW          910    .data.uwTickPrio    stm32f1xx_hal.o
    0x20000108        -       0x00000060   Zero   RW         2561    .bss                c_w.l(libspace.o)
    0x20000168        -       0x00000018   Zero   RW          308    .bss.AHRS           imu.o
    0x20000180        -       0x00000004   Zero   RW         2281    .bss.FatFs          ff.o
    0x20000184        -       0x00000018   Zero   RW         2286    .bss.Files          ff.o
    0x2000019c        -       0x00000002   Zero   RW         2287    .bss.Fsid           ff.o
    0x2000019e        -       0x00000200   Zero   RW         2282    .bss.LfnBuf         ff.o
    0x2000039e        -       0x00000004   Zero   RW         2125    .bss.SDPath         fatfs.o
    0x200003a2   0x08012048   0x00000002   PAD
    0x200003a4        -       0x00000004   Zero   RW          112    .bss.TEMP           ms5611.o
    0x200003a8        -       0x00000004   Zero   RW          109    .bss._D1            ms5611.o
    0x200003ac        -       0x00000004   Zero   RW          110    .bss._D2            ms5611.o
    0x200003b0        -       0x00000002   Zero   RW          102    .bss._POFFSET       ms5611.o
    0x200003b2        -       0x00000002   Zero   RW          103    .bss._TOFFSET       ms5611.o
    0x200003b4        -       0x000000c8   Zero   RW          265    .bss._buffer        gps.o
    0x2000047c        -       0x00000001   Zero   RW          252    .bss._char          gps.o
    0x2000047d   0x08012048   0x00000003   PAD
    0x20000480        -       0x00001030   Zero   RW          187    .bss._fs            blackbox.o
    0x200014b0        -       0x00000038   Zero   RW          245    .bss._gps           gps.o
    0x200014e8        -       0x00000004   Zero   RW          244    .bss._gpsUartPort   gps.o
    0x200014ec        -       0x00000004   Zero   RW          466    .bss._micros        timer.o
    0x200014f0        -       0x00000001   Zero   RW          248    .bss._msg_id        gps.o
    0x200014f1   0x08012048   0x00000001   PAD
    0x200014f2        -       0x00000002   Zero   RW          247    .bss._payload_counter  gps.o
    0x200014f4        -       0x00000002   Zero   RW          246    .bss._payload_length  gps.o
    0x200014f6   0x08012048   0x00000002   PAD
    0x200014f8        -       0x00000004   Zero   RW          259    .bss._therad_read_time_ms  gps.o
    0x200014fc        -       0x0000000c   Zero   RW          304    .bss.acc_Eframe     imu.o
    0x20001508        -       0x00000004   Zero   RW          106    .bss.baro_timer     ms5611.o
    0x2000150c        -       0x00000004   Zero   RW          305    .bss.cosz           imu.o
    0x20001510        -       0x000011c4   Zero   RW          627    .bss.data_test      scheduler.o
    0x200026d4        -       0x0000000c   Zero   RW         2307    .bss.disk           ff_gen_drv.o
    0x200026e0        -       0x00000004   Zero   RW          255    .bss.gps_interrupt_count  gps.o
    0x200026e4        -       0x00000001   Zero   RW          657    .bss.gps_lost       attitude_control.o
    0x200026e5   0x08012048   0x00000001   PAD
    0x200026e6        -       0x00000002   Zero   RW          288    .bss.gyr_offs_x     imu.o
    0x200026e8        -       0x00000002   Zero   RW          289    .bss.gyr_offs_y     imu.o
    0x200026ea        -       0x00000002   Zero   RW          290    .bss.gyr_offs_z     imu.o
    0x200026ec        -       0x0000000c   Zero   RW          313    .bss.gyro_read.gyro_v  imu.o
    0x200026f8        -       0x00000044   Zero   RW          744    .bss.hdma_sdio      sdio.o
    0x2000273c        -       0x00000044   Zero   RW          790    .bss.hdma_usart2_rx  usart.o
    0x20002780        -       0x00000004   Zero   RW          104    .bss.hi2c           ms5611.o
    0x20002784        -       0x00000054   Zero   RW          728    .bss.hi2c1          i2c.o
    0x200027d8        -       0x00000054   Zero   RW          729    .bss.hi2c2          i2c.o
    0x2000282c        -       0x00000084   Zero   RW          743    .bss.hsd            sdio.o
    0x200028b0        -       0x00000048   Zero   RW          766    .bss.htim3          tim.o
    0x200028f8        -       0x00000048   Zero   RW          767    .bss.htim4          tim.o
    0x20002940        -       0x00000048   Zero   RW          768    .bss.htim6          tim.o
    0x20002988        -       0x00000048   Zero   RW          769    .bss.htim7          tim.o
    0x200029d0        -       0x00000004   Zero   RW          486    .bss.htimm          pwm.o
    0x200029d4        -       0x00000004   Zero   RW          467    .bss.htimmz         timer.o
    0x200029d8        -       0x00000048   Zero   RW          787    .bss.huart1         usart.o
    0x20002a20        -       0x00000048   Zero   RW          788    .bss.huart2         usart.o
    0x20002a68        -       0x00000048   Zero   RW          789    .bss.huart3         usart.o
    0x20002ab0        -       0x00000004   Zero   RW           79    .bss.i2c            mpu6050.o
    0x20002ab4        -       0x00000020   Zero   RW          142    .bss.ibus           ibus.o
    0x20002ad4        -       0x00000028   Zero   RW          134    .bss.ibusChannelData  ibus.o
    0x20002afc        -       0x00000001   Zero   RW          141    .bss.ibusDataReceive.ibusFramePosition  ibus.o
    0x20002afd   0x08012048   0x00000003   PAD
    0x20002b00        -       0x00000004   Zero   RW          140    .bss.ibusDataReceive.ibusTimeLast  ibus.o
    0x20002b04        -       0x00000004   Zero   RW          143    .bss.ibusFrameDone  ibus.o
    0x20002b08        -       0x00000004   Zero   RW          139    .bss.ibus_interrupt_count  ibus.o
    0x20002b0c        -       0x00000004   Zero   RW          137    .bss.ibus_interrupt_timer  ibus.o
    0x20002b10        -       0x00000024   Zero   RW          299    .bss.imu_update_ahrs.dcm  imu.o
    0x20002b34        -       0x00000004   Zero   RW          296    .bss.imu_update_ahrs.emx  imu.o
    0x20002b38        -       0x00000004   Zero   RW          297    .bss.imu_update_ahrs.emy  imu.o
    0x20002b3c        -       0x00000004   Zero   RW          298    .bss.imu_update_ahrs.emz  imu.o
    0x20002b40        -       0x00000004   Zero   RW          293    .bss.imu_update_ahrs.q1  imu.o
    0x20002b44        -       0x00000004   Zero   RW          294    .bss.imu_update_ahrs.q2  imu.o
    0x20002b48        -       0x00000004   Zero   RW          295    .bss.imu_update_ahrs.q3  imu.o
    0x20002b4c        -       0x00000004   Zero   RW          301    .bss.integralFBx    imu.o
    0x20002b50        -       0x00000004   Zero   RW          302    .bss.integralFBy    imu.o
    0x20002b54        -       0x00000004   Zero   RW          303    .bss.integralFBz    imu.o
    0x20002b58        -       0x00000001   Zero   RW           80    .bss.isConnected    mpu6050.o
    0x20002b59        -       0x00000001   Zero   RW          291    .bss.isGyrocalibrated  imu.o
    0x20002b5a        -       0x00000001   Zero   RW          186    .bss.isSdcard_valid  blackbox.o
    0x20002b5b        -       0x00000001   Zero   RW          185    .bss.isSdcard_write  blackbox.o
    0x20002b5c        -       0x00000004   Zero   RW          575    .bss.isTxcpl        mavlink_handler.o
    0x20002b60        -       0x00000004   Zero   RW          629    .bss.loop_timeout   scheduler.o
    0x20002b64        -       0x00000002   Zero   RW          632    .bss.loop_us        scheduler.o
    0x20002b66        -       0x00000006   Zero   RW          300    .bss.mag            imu.o
    0x20002b6c        -       0x00000004   Zero   RW          630    .bss.max_excution_time_us  scheduler.o
    0x20002b70        -       0x00000004   Zero   RW          107    .bss.ms5611_altitude  ms5611.o
    0x20002b74        -       0x00000010   Zero   RW          108    .bss.ms5611_c       ms5611.o
    0x20002b84        -       0x00000004   Zero   RW          111    .bss.ms5611_pressure  ms5611.o
    0x20002b88        -       0x00000004   Zero   RW          113    .bss.ms_5611_readout.temp_  ms5611.o
    0x20002b8c        -       0x00000001   Zero   RW          266    .bss.newdata._ck_a  gps.o
    0x20002b8d        -       0x00000001   Zero   RW          267    .bss.newdata._ck_b  gps.o
    0x20002b8e        -       0x00000001   Zero   RW          268    .bss.newdata._step  gps.o
    0x20002b8f   0x08012048   0x00000001   PAD
    0x20002b90        -       0x00000004   Zero   RW          269    .bss.newdata.current_time_ms  gps.o
    0x20002b94        -       0x00000004   Zero   RW          138    .bss.ngat_loi       ibus.o
    0x20002b98        -       0x00000004   Zero   RW          631    .bss.num_tasks      scheduler.o
    0x20002b9c        -       0x00000001   Zero   RW          264    .bss.parse_msg._new_position  gps.o
    0x20002b9d        -       0x00000001   Zero   RW          261    .bss.parse_msg._new_speed  gps.o
    0x20002b9e   0x08012048   0x00000002   PAD
    0x20002ba0        -       0x00000004   Zero   RW          263    .bss.parse_msg.lastPosUpdateTime  gps.o
    0x20002ba4        -       0x00000001   Zero   RW          262    .bss.parse_msg.next_fix  gps.o
    0x20002ba5   0x08012048   0x00000003   PAD
    0x20002ba8        -       0x00000028   Zero   RW          661    .bss.pitch_angle    attitude_control.o
    0x20002bd0        -       0x00000004   Zero   RW          671    .bss.pitch_cmd      attitude_control.o
    0x20002bd4        -       0x00000004   Zero   RW          665    .bss.pitch_pid_filted  attitude_control.o
    0x20002bd8        -       0x00000028   Zero   RW          660    .bss.pitch_rate     attitude_control.o
    0x20002c00        -       0x00000001   Zero   RW          487    .bss.pr_status      pwm.o
    0x20002c01   0x08012048   0x00000003   PAD
    0x20002c04        -       0x00000004   Zero   RW          489    .bss.pwm_last_update_ms  pwm.o
    0x20002c08        -       0x00000001   Zero   RW          488    .bss.pwm_lock_status  pwm.o
    0x20002c09   0x08012048   0x00000003   PAD
    0x20002c0c        -       0x00000004   Zero   RW           49    .bss.qmc_i2cport    hmc5883.o
    0x20002c10        -       0x00000001   Zero   RW          105    .bss.readStep       ms5611.o
    0x20002c11        -       0x00000001   Zero   RW         2126    .bss.retSD          fatfs.o
    0x20002c12   0x08012048   0x00000002   PAD
    0x20002c14        -       0x00000028   Zero   RW          659    .bss.roll_angle     attitude_control.o
    0x20002c3c        -       0x00000004   Zero   RW          670    .bss.roll_cmd       attitude_control.o
    0x20002c40        -       0x00000004   Zero   RW          664    .bss.roll_pid_filted  attitude_control.o
    0x20002c44        -       0x00000028   Zero   RW          658    .bss.roll_rate      attitude_control.o
    0x20002c6c        -       0x00000004   Zero   RW          662    .bss.roll_trim      attitude_control.o
    0x20002c70        -       0x00000001   Zero   RW          136    .bss.rx_buff        ibus.o
    0x20002c71   0x08012048   0x00000003   PAD
    0x20002c74        -       0x00000004   Zero   RW          588    .bss.send_time_us   mavlink_handler.o
    0x20002c78        -       0x00000005   Zero   RW          444    .bss.sensor_        sensordetect.o
    0x20002c7d   0x08012048   0x00000003   PAD
    0x20002c80        -       0x000011c4   Zero   RW          445    .bss.sensor_file    sensordetect.o
    0x20003e44        -       0x00000002   Zero   RW          666    .bss.servoL         attitude_control.o
    0x20003e46        -       0x00000002   Zero   RW          667    .bss.servoR         attitude_control.o
    0x20003e48        -       0x00000004   Zero   RW          306    .bss.siny           imu.o
    0x20003e4c        -       0x00000004   Zero   RW          307    .bss.sinz           imu.o
    0x20003e50        -       0x00000002   Zero   RW          668    .bss.smooth_ch1     attitude_control.o
    0x20003e52        -       0x00000002   Zero   RW          669    .bss.smooth_ch2     attitude_control.o
    0x20003e54        -       0x00000004   Zero   RW          633    .bss.start_scheduler.counter  scheduler.o
    0x20003e58        -       0x00000004   Zero   RW          634    .bss.start_scheduler.timeUs  scheduler.o
    0x20003e5c        -       0x0000000c   Zero   RW          287    .bss.store_gyro     imu.o
    0x20003e68        -       0x00000004   Zero   RW          587    .bss.temp           mavlink_handler.o
    0x20003e6c        -       0x00000004   Zero   RW          135    .bss.uart           ibus.o
    0x20003e70        -       0x00000004   Zero   RW          579    .bss.uart           mavlink_handler.o
    0x20003e74        -       0x00000004   Zero   RW          912    .bss.uwTick         stm32f1xx_hal.o
    0x20003e78        -       0x00000004   Zero   RW          654    .bss.v_dynamic      attitude_control.o
    0x20003e7c   0x08012048   0x00000004   PAD
    0x20003e80        -       0x00001000   Zero   RW          681    HEAP                startup_stm32f103xe.o
    0x20004e80        -       0x00002000   Zero   RW          680    STACK               startup_stm32f103xe.o


==============================================================================

Image component sizes


      Code (inc. data)   RO Data    RW Data    ZI Data      Debug   Object Name

      1536          0          0          8        193       3283   attitude_control.o
      1006          0          0          0       4146       6909   blackbox.o
       300          0          0          0          0       5810   bsp_driver_sd.o
       302          0       1216          0          0       1225   ccsbcs.o
       304          0          0          0          0       1753   diskio.o
       106          0          0          0          0       2358   dma.o
        38          0          0          0          5       1848   fatfs.o
     14408          0        209          0        542      34057   ff.o
       146          0          0          0         12       2257   ff_gen_drv.o
       244          0          0          0          0       1550   gpio.o
      1512        112        196         16        288       7446   gps.o
       108          0          0          2          4       4584   hmc5883.o
       380          0          0          0        168       4567   i2c.o
       758          0          0          0         98       4609   ibus.o
      2584          0          0         16        157       5277   imu.o
       198          0          0          0          0       1645   main.o
       772          0          0          0          0       9922   maths.o
       112          0          0          0         16      10768   mavlink_handler.o
       512          0          0          0          5       4965   mpu6050.o
      1774          0          0          1         53       5412   ms5611.o
       458          0          0          0          0       1909   pid.o
        14          0          0          0          0        372   plane.o
       620          0          0          0         10       4610   pwm.o
      1388          0         66        140       4570       8407   scheduler.o
       496          4         20          1          0       2725   sd_diskio.o
       354          0          0          0        200       6000   sdio.o
       386          0         92         60       4553       5526   sensordetect.o
        64         26        304          0      12288        796   startup_stm32f103xe.o
       254          0          0          5          4       5884   stm32f1xx_hal.o
       482          0          0          0          0       7870   stm32f1xx_hal_cortex.o
      2828          0          0          0          0       7329   stm32f1xx_hal_dma.o
       938          0          0          0          0       4256   stm32f1xx_hal_gpio.o
      6726          0          0          0          0      37343   stm32f1xx_hal_i2c.o
       100          0          0          0          0       1192   stm32f1xx_hal_msp.o
      2582          0         18          0          0       7419   stm32f1xx_hal_rcc.o
      5156          0          0          0          0      21006   stm32f1xx_hal_sd.o
      3862         14          0          0          0      35788   stm32f1xx_hal_tim.o
       272          0          0          0          0      15140   stm32f1xx_hal_tim_ex.o
      2838          0          0          0          0      20041   stm32f1xx_hal_uart.o
       166          0          0          0          0       1776   stm32f1xx_it.o
      2632          0          0          0          0      11270   stm32f1xx_ll_sdmmc.o
         2          0         24          4          0       1561   system_stm32f1xx.o
      1236          0          0          0        288       8026   tim.o
        40          0          0          0          8       4397   timer.o
       780          0          0          0        284       6462   usart.o

    ----------------------------------------------------------------------
     62008        156       2180        264      27928     347350   Object Totals
         0          0         32          0          0          0   (incl. Generated)
       234          0          3         11         36          0   (incl. Padding)

    ----------------------------------------------------------------------

      Code (inc. data)   RO Data    RW Data    ZI Data      Debug   Library Member Name

         8          0          0          0          0         68   __main.o
         0          0          0          0          0          0   __rtentry.o
        12          0          0          0          0          0   __rtentry2.o
         6          0          0          0          0          0   __rtentry4.o
        94          8          0          0          0          0   __scatter.o
        26          0          0          0          0          0   __scatter_copy.o
        28          0          0          0          0          0   __scatter_zi.o
        22          0          0          0          0        100   _rserrno.o
        18          0          0          0          0         80   exit.o
         6          0          0          0          0        152   heapauxi.o
         0          0          0          0          0          0   indicate_semi.o
         2          0          0          0          0          0   libinit.o
         2          0          0          0          0          0   libinit2.o
         2          0          0          0          0          0   libshutdown.o
         2          0          0          0          0          0   libshutdown2.o
         8          4          0          0         96         68   libspace.o
         8          4          0          0          0         68   rt_errno_addr_intlibspace.o
        68          0          0          0          0         68   rt_memclr.o
        78          0          0          0          0         80   rt_memclr_w.o
         2          0          0          0          0          0   rtexit.o
        10          0          0          0          0          0   rtexit2.o
        12          4          0          0          0         68   sys_exit.o
        74          0          0          0          0         80   sys_stackheap_outer.o
         2          0          0          0          0         68   use_no_semi.o
        98          4          0          0          0         92   d2f.o
       834         16          0          0          0        372   daddsub_clz.o
        16          4          0          0          0         68   dcheck1.o
        84          0          0          0          0        196   dcmp.o
        24          0          0          0          0         68   dcmpi.o
       692        140          0          0          0        216   ddiv.o
       120          4          0          0          0         92   deqf.o
        94          4          0          0          0         92   dfix.o
        84          0          0          0          0        136   dflt_clz.o
       120          4          0          0          0         92   dgeqf.o
       120          4          0          0          0         92   dleqf.o
       340         12          0          0          0        104   dmul.o
       156          4          0          0          0         92   dnaninf.o
        12          0          0          0          0         68   dretinf.o
       108          0          0          0          0         80   drleqf.o
       460         56          0          0          0        120   dsqrt_noumaal.o
        86          4          0          0          0         84   f2d.o
       430          8          0          0          0        168   faddsub_clz.o
        84          0          0          0          0        196   fcmp.o
        24          0          0          0          0         68   fcmpi.o
       388         76          0          0          0         96   fdiv.o
       104          4          0          0          0         84   feqf.o
        54          4          0          0          0         84   ffix.o
        86          0          0          0          0        136   fflt_clz.o
       104          4          0          0          0         84   fgeqf.o
       104          4          0          0          0         84   fleqf.o
       258          4          0          0          0         84   fmul.o
       140          4          0          0          0         84   fnaninf.o
        10          0          0          0          0         68   fretinf.o
       272        100          0          0          0         88   fsqrt.o
       100          0          0          0          0         68   retnan.o
        92          0          0          0          0         68   scalbn.o
        48          0          0          0          0         68   trapv.o
         0          0          0          0          0          0   usenofp.o
        62         10          0          0          0        340   dunder.o
        40          0          0          0          0         68   fpclassify.o
       170          0          0          0          0         96   poly.o
      2540        188        136          0          0        332   pow.o
         0          0          8          0          0          0   qnan.o
        76          0          0          0          0         84   sqrt.o
        44          0          0          0          0         80   sqrtf.o

    ----------------------------------------------------------------------
      9200        682        144          0         96       5492   Library Totals
        32          0          0          0          0          0   (incl. Padding)

    ----------------------------------------------------------------------

      Code (inc. data)   RO Data    RW Data    ZI Data      Debug   Library Name

       490         20          0          0         96        900   c_w.l
      5746        464          0          0          0       3592   fz_ws.l
      2932        198        144          0          0       1000   m_ws.l

    ----------------------------------------------------------------------
      9200        682        144          0         96       5492   Library Totals

    ----------------------------------------------------------------------

==============================================================================


      Code (inc. data)   RO Data    RW Data    ZI Data      Debug   

     71208        838       2324        264      28024     349238   Grand Totals
     71208        838       2324        264      28024     349238   ELF Image Totals
     71208        838       2324        264          0          0   ROM Totals

==============================================================================

    Total RO  Size (Code + RO Data)                73532 (  71.81kB)
    Total RW  Size (RW Data + ZI Data)             28288 (  27.62kB)
    Total ROM Size (Code + RO Data + RW Data)      73796 (  72.07kB)

==============================================================================

